05-17 13:43:54.522 32334 32334 I [MCFServer]_McfMainController: destroyBleAdapter - mBleAdapterCallbacks is empty, destroyBleAdapterManager after 3s
05-17 13:43:54.523  4357  4357 I D_FMM:[HelperLocationManager]: getCurrentTimeLine : 2
05-17 13:43:54.523 26756 27546 D LocationManagerService: gps provider getLastLocation from : 1000/com.samsung.android.fmm
05-17 13:43:54.524 26756 27546 D LocationManagerService: network provider getLastLocation from : 1000/com.samsung.android.fmm
05-17 13:43:54.525  2290 30511 I vendor.qti.bluetooth@1.0-ibs_handler: ProcessIbsCmd: Received IBS_WAKE_ACK: 0xFC
05-17 13:43:54.525  2290 30511 I vendor.qti.bluetooth@1.0-ibs_handler: ProcessIbsCmd: Signal wack_cond_
05-17 13:43:54.525  2290  2341 D vendor.qti.bluetooth@1.0-ibs_handler: DeviceWakeUp: Unblocked from waiting for FC, pthread_cond_timedwait ret = 0
05-17 13:43:54.526  4357  4357 I D_FMM:[HelperLocationManager]: send helper location  : 4
05-17 13:43:54.527  2290 30511 I vendor.qti.bluetooth@1.0-ibs_handler: ProcessIbsCmd: Received IBS_WAKE_IND: 0xFD
05-17 13:43:54.527  2290 30511 I vendor.qti.bluetooth@1.0-ibs_handler: ProcessIbsCmd: Writing IBS_WAKE_ACK
05-17 13:43:54.531  4357  7873 I D_FMM:[DomainUtil          ]: getNMSDomain (region/servertype) : 5 , 2000
05-17 13:43:54.531 26756 27546 D LocationManagerService: gps provider getLastLocation from : 1000/com.samsung.android.fmm
05-17 13:43:54.531 26756 27546 D LocationManagerService: network provider getLastLocation from : 1000/com.samsung.android.fmm
05-17 13:43:54.535  4357  7873 I D_FME:[CFHTTPRequester     ]: executeSyncRequest : https://findnms.samsungiotcloud.com/fmm/v2/loc/of/node/helper
05-17 13:43:54.535 26756  5132 E mAFPC_ABC: [READ] [TYPE : 0] saProcess : 0
05-17 13:43:54.540  1212  1212 W keymint_tee: [WRN] begin req PARAMS: A1, D4, PD5, 
05-17 13:43:54.542  1212  1212 D keymint_swd: keymint_swd keymint [WRN] (km_add_tag:528) skip: non repetable tag already exists with different value: 268435458
05-17 13:43:54.542  1212  1212 D keymint_swd: keymint_swd keymint [WRN] (swd_run_cb:267) swd_begin() returns 0
05-17 13:43:54.542  1212  1212 D android.hardware.security.keymint-service: begin: ret 0
05-17 13:43:54.542  1207 30061 I keystore2: system/security/keystore2/src/security_level.rs:599 - In create_operation. Success to create IKeystoreOperation. AppUid(1000), None, TEE
05-17 13:43:54.544  1212  1212 D keymint_swd: keymint_swd keymint [WRN] (swd_run_cb:267) swd_finish() returns 0
05-17 13:43:54.544  1212  1212 D android.hardware.security.keymint-service: finish: ret 0
05-17 13:43:54.553 26756 27344 W PackageConfigPersister: App-specific configuration not found for packageName: com.ginit.app and userId: 0
05-17 13:43:54.558 26756  5132 E mAFPC_ABC: [READ] [TYPE : 1] saProcess : 0
05-17 13:43:54.558 26756  5132 D mAFPC_ABC: [READ] END nativeDataRead
05-17 13:43:54.562 26756 27418 D NetdEventListenerService: DNS Requested by 119, 1000(com.sec.android.iaft,...), SUCCESS, 13ms
05-17 13:43:54.576  2290 30511 I vendor.qti.bluetooth@1.0-ibs_handler: ProcessIbsCmd: Received IBS_SLEEP_IND: 0xFE
05-17 13:43:54.723  2317 12980 I sensors-hal: handle_sns_client_event:354, [0][4037321] accel_sample [-0.009,  8.610,  4.669] 774405132018056
05-17 13:43:54.786  2290 30526 I vendor.qti.bluetooth@1.0-ibs_handler: DeviceSleep: TX Awake, Sending SLEEP_IND
05-17 13:43:54.786  2290 30526 D vendor.qti.bluetooth@1.0-ibs_handler: SerialClockVote: vote for UART CLK OFF
05-17 13:43:54.843 26756 28701 W PackageConfigPersister: App-specific configuration not found for packageName: com.ginit.app and userId: 0
05-17 13:43:54.880 17837  4939 W adbd    : timed out while waiting for FUNCTIONFS_BIND, trying again
05-17 13:43:54.880 17837  4939 I adbd    : UsbFfs: connection terminated: monitor thread finished
05-17 13:43:54.896 17837 17848 I adbd    : opening control endpoint /dev/usb-ffs/adb/ep0
05-17 13:43:54.901  2317  2469 I sensors-hal: handle_sns_std_sensor_event:90, light_cct: ts = 774405337648761 ns; value = [111, 111, 222, 231, 84, 95, 14, 4, 1988, 0]
05-17 13:43:54.936  2290 28616 D vendor.qti.bluetooth@1.0-wake_lock: Release wakelock is released 
05-17 13:43:54.937 19045 19045 I wpa_supplicant: Heartbeat 1206
05-17 13:43:54.963  1212  1212 W keymint_tee: [WRN] begin req PARAMS: A1, PD4, 
05-17 13:43:54.966  1212  1212 D keymint_swd: keymint_swd keymint [WRN] (km_add_tag:528) skip: non repetable tag already exists with different value: 268435458
05-17 13:43:54.966  1212  1212 D keymint_swd: keymint_swd keymint [WRN] (swd_run_cb:267) swd_begin() returns 0
05-17 13:43:54.966  1212  1212 D android.hardware.security.keymint-service: begin: ret 0
05-17 13:43:54.967  1207  1693 I keystore2: system/security/keystore2/src/security_level.rs:599 - In create_operation. Success to create IKeystoreOperation. AppUid(1000), None, TEE
05-17 13:43:54.967  1212  1212 D keymint_swd: keymint_swd keymint [WRN] (swd_run_cb:267) swd_update() returns 0
05-17 13:43:54.967  1212  1212 D android.hardware.security.keymint-service: update: ret 0
05-17 13:43:54.971  1212  1212 D keymint_swd: keymint_swd keymint [WRN] (swd_run_cb:267) swd_finish() returns 0
05-17 13:43:54.971  1212  1212 D android.hardware.security.keymint-service: finish: ret 0
05-17 13:43:54.973  4357  7873 I D_FMM:[CFHelperLocationTask]: Helper location update result : 200
05-17 13:43:54.984 26379 26841 I thermal_core: pivot(AP) : 381, skin : 361
05-17 13:43:54.984 26379 26841 I vendor.samsung.hardware.thermal-service: index = 19.600000
05-17 13:43:54.984 26379 26841 I vendor.samsung.hardware.thermal-service: 2 / 2
05-17 13:43:55.005 26357 19107 D AHAL_ModulePrimary_QTI: getVendorParameters: id count: 1
05-17 13:43:55.005 26357 19107 D AHAL_SecModulePrimary: onGetSECGenericParameters get temperature for g_hw_speaker_amp_temp_rcv: 0
05-17 13:43:55.005 26357 22129 D AHAL_ModulePrimary_QTI: getVendorParameters: id count: 1
05-17 13:43:55.005 26357 22129 D AHAL_SecModulePrimary: onGetSECGenericParameters get temperature for g_hw_speaker_amp_temp_spk: 0
05-17 13:43:55.006 29115 30194 I SDHMS:x : SIOP:: AP:381 BAT:345 USB:331 CHG:376 PA:382 WIFI:382 CF:370 BLK:0 SUBBAT:0 LRPTHM:362 SKIN:361 SKINF:354 SKINB:361 LRP:361 LRF:354 LRB:361 APT:354 APR:361 RCV:354 SPK:329 CHGF:353 CHGR:360 MEMF:352 MEMR:360 WIFIF:353 WIFIR:361 UPSPK:364 DNSPK:329 VAP:399 VWIFI:391 AMB2:279 HIGH:0 NNP:348 OOD:13 AVGCUR:-3 POWER:-12
05-17 13:43:55.007 29115 30194 I AudioManager: setParameters keyValuePairs = g_hw_speaker_amp_temp_spk=33
05-17 13:43:55.007 26350 26515 D AudioFlinger: setParameters: filtered dev setParameters keyvalue g_hw_speaker_amp_temp_spk=33
05-17 13:43:55.007 26357 19107 D AHAL_SecModulePrimary: processSetVendorParameters: configured g_hw_speaker_amp_temp_spk
05-17 13:43:55.007 26357 19107 D AHAL_SecModulePrimary: processSetVendorParameters: handler set on Feature:0
05-17 13:43:55.007 26357 19107 D AHAL_SecModulePrimary: onSetSECGenericParameters set temperature for g_hw_speaker_amp_temp_spk: 33
05-17 13:43:55.007 26357 19107 I PAL: API: pal_set_param: 1406: Enter: param id 3002
05-17 13:43:55.007 26357 19107 I PAL: ResourceManager: getActiveStream_l: 4510: no active streams found for device 3 ret -2
05-17 13:43:55.008 26350 26515 E DeviceHalAidl: Function: parseAndSetVendorParameters Line: 414 Failed 
05-17 13:43:55.008 26350 26515 E DeviceHalAidl: Function: parseAndSetVendorParameters Line: 414 Failed 
05-17 13:43:55.008 29115 30194 I AudioManager: setParameters keyValuePairs = g_hw_speaker_amp_temp_rcv=35
05-17 13:43:55.008 26350 26515 D AudioFlinger: setParameters: filtered dev setParameters keyvalue g_hw_speaker_amp_temp_rcv=35
05-17 13:43:55.008 26357 19107 D AHAL_SecModulePrimary: processSetVendorParameters: configured g_hw_speaker_amp_temp_rcv
05-17 13:43:55.008 26357 19107 D AHAL_SecModulePrimary: processSetVendorParameters: handler set on Feature:0
05-17 13:43:55.008 26357 19107 D AHAL_SecModulePrimary: onSetSECGenericParameters set temperature for g_hw_speaker_amp_temp_rcv: 35
05-17 13:43:55.008 26357 19107 I PAL: API: pal_set_param: 1406: Enter: param id 3001
05-17 13:43:55.008 26357 19107 I PAL: ResourceManager: getActiveStream_l: 4510: no active streams found for device 3 ret -2
05-17 13:43:55.009 26350 26515 E DeviceHalAidl: Function: parseAndSetVendorParameters Line: 414 Failed 
05-17 13:43:55.009 26350 26515 E DeviceHalAidl: Function: parseAndSetVendorParameters Line: 414 Failed 
05-17 13:43:55.041  1182  1182 D io_stats: !@   8,64 r 1 4 w 0 0 d 0 0 f 0 0 iot 0 0 th 0 0 0 pt 0 inp 0 0 579976.829
05-17 13:43:55.041  1182  1182 D io_stats: !@   8,0 r 99938155 2852317568 w 26492294 468170168 d 3349581 515606668 f 518275 2822151 iot 7637208 0 th 0 0 0 pt 0 inp 0 0 579976.829
05-17 13:43:55.053 26756 27344 W PackageConfigPersister: App-specific configuration not found for packageName: com.ginit.app and userId: 0
05-17 13:43:55.057 26756 27418 D NetdEventListenerService: DNS Requested by 119, 10741(com.tmoney.manager), SUCCESS, 0ms
05-17 13:43:55.102  2290 30511 I vendor.qti.bluetooth@1.0-ibs_handler: ProcessIbsCmd: Received IBS_WAKE_IND: 0xFD
05-17 13:43:55.102  2290 30511 D vendor.qti.bluetooth@1.0-ibs_handler: SerialClockVote: vote for UART CLK ON
05-17 13:43:55.102  2290 30511 D vendor.qti.bluetooth@1.0-wake_lock: Acquire wakelock is acquired 
05-17 13:43:55.102  2290 30511 I vendor.qti.bluetooth@1.0-ibs_handler: ProcessIbsCmd: Writing IBS_WAKE_ACK
05-17 13:43:55.110 27963 30598 I ScanController: onScanResult to scannerId: 3- eventType=0x1b, addressType=1, address=XX:XX:XX:XX:58:31, primaryPhy=1, secondaryPhy=0, advertisingSid=0xff, txPower=127, rssi=-89, periodicAdvInt=0x0
05-17 13:43:55.149  2290 30511 I vendor.qti.bluetooth@1.0-ibs_handler: ProcessIbsCmd: Received IBS_SLEEP_IND: 0xFE
05-17 13:43:55.149  2290 30511 D vendor.qti.bluetooth@1.0-ibs_handler: SerialClockVote: vote for UART CLK OFF
05-17 13:43:55.159 26756 27393 W PackageConfigPersister: App-specific configuration not found for packageName: com.ginit.app and userId: 0
05-17 13:43:55.165 26756 27393 D SemWifiSwitchForIndividualAppsService: isSkipNetworkCondition - result:2
05-17 13:43:55.179  2290 30511 I vendor.qti.bluetooth@1.0-ibs_handler: ProcessIbsCmd: Received IBS_WAKE_IND: 0xFD
05-17 13:43:55.179  2290 30511 D vendor.qti.bluetooth@1.0-ibs_handler: SerialClockVote: vote for UART CLK ON
05-17 13:43:55.179  2290 30511 I vendor.qti.bluetooth@1.0-ibs_handler: ProcessIbsCmd: Writing IBS_WAKE_ACK
05-17 13:43:55.182 27963 30598 I ScanController: onScanResult to scannerId: 3- eventType=0x1b, addressType=1, address=XX:XX:XX:XX:F3:CD, primaryPhy=1, secondaryPhy=0, advertisingSid=0xff, txPower=127, rssi=-72, periodicAdvInt=0x0
05-17 13:43:55.214 26756 31314 D SemWifiUsabilityStatsMonitor: onWifiUsabilityStats - seqNum 8363, isSameBssidAndFreq true
05-17 13:43:55.215 26756 27362 I SemWifiLinkQualityMonitor: Link stat: 1504 / 36 / 1.17 (54) / 864 / -61.0 || 100.0 : 864.00 / 0.5 : 0.85 / 0.55 : 0.02 / G (G) || 6c42be805180: 0.083 / 96.357 / N / V || N N / 0 0 / N -77.0 / N -1 0.000 0.000 / N / X 12 / 579977002 0 0 || 2026-05-17 13:43:55  / 0: 0 0 0 0 0 0 / 0: 0 0 0 0 0 0 / 0: 0 0 0 0 0 0
05-17 13:43:55.221  2290 30511 I vendor.qti.bluetooth@1.0-ibs_handler: ProcessIbsCmd: Received IBS_SLEEP_IND: 0xFE
05-17 13:43:55.221  2290 30511 D vendor.qti.bluetooth@1.0-ibs_handler: SerialClockVote: vote for UART CLK OFF
05-17 13:43:55.223 26756 27364 I SemInsManager: 6c42be805 | X,38,50,50,31,150,150,150,0,N,N,N,0 | X, X, X | X,X,X,X,X
05-17 13:43:55.313 29115 29115 I SDHMS:LOAD: type: LoadsFreqs, value: 62:0:3:3648000:3648000:3648000:1215744:1785600:883200:160:160:160
05-17 13:43:55.344 26756 27546 W PackageConfigPersister: App-specific configuration not found for packageName: com.ginit.app and userId: 0
05-17 13:43:55.371  2290 28616 D vendor.qti.bluetooth@1.0-wake_lock: Release wakelock is released 
05-17 13:43:55.390 20883  4587 I NearbyMediums: Found Fast Ble Advertisements :
05-17 13:43:55.390 20883  4587 I NearbyMediums: BleAdvertisement { version=2, socketVersion=2, isFast=true, serviceIdHash=null, data=[ 0x23 0x42 0x59 0x34 0x4d 0x11 0x32 0xac 0xb1 0x78 0x84 0xf2 0x4c 0x88 0x32 0x02 0x12 0x48 0xbb 0x66 0x52 0xf3 0x7a ], deviceToken=[ 0x61 0xf1 ], rxAdvertisement=null } : 1 times.
05-17 13:43:55.390 20883  4587 I NearbyMediums: BleAdvertisement { version=2, socketVersion=2, isFast=true, serviceIdHash=null, data=[ 0x23 0x48 0x57 0x34 0x4d 0x11 0x34 0xca 0xd9 0xfd 0xf8 0xdb 0x6f 0x46 0x20 0x0e 0x02 0xc2 0x9a 0xb2 0x1a 0xdc 0x66 ], deviceToken=[ 0x78 0xda ], rxAdvertisement=null } : 1 times.
05-17 13:43:55.390 20883  4587 I NearbyMediums: Total 2 fast advertisements from 2 unique advertisers.
05-17 13:43:55.390 20883  4587 I NearbyMediums: Current Tracked Scanning Clients are : {NearbyConnections.EnvironmentMonitor, NearbySharing, NearbyConnections.TxAdvertisement}
05-17 13:43:55.555 26756 27344 W PackageConfigPersister: App-specific configuration not found for packageName: com.ginit.app and userId: 0
05-17 13:43:55.847 26756 28701 W PackageConfigPersister: App-specific configuration not found for packageName: com.ginit.app and userId: 0
05-17 13:43:55.898 17837  4947 W adbd    : timed out while waiting for FUNCTIONFS_BIND, trying again
05-17 13:43:55.898 17837  4947 I adbd    : UsbFfs: connection terminated: monitor thread finished
05-17 13:43:55.917 17837 17848 I adbd    : opening control endpoint /dev/usb-ffs/adb/ep0
05-17 13:43:56.009 26379 26841 I thermal_core: pivot(AP) : 381, skin : 361
05-17 13:43:56.009 26379 26841 I vendor.samsung.hardware.thermal-service: index = 19.800000
05-17 13:43:56.009 26379 26841 I vendor.samsung.hardware.thermal-service: 1 / 2
05-17 13:43:56.055 26756 27344 W PackageConfigPersister: App-specific configuration not found for packageName: com.ginit.app and userId: 0
05-17 13:43:56.072  2423  2567 D HeatmapThread: Updated plugType via uevent: 1
05-17 13:43:56.079 26379 26379 I seh_thermal_service: getTemperaturesWithType SehTemperatureType: 3
05-17 13:43:56.079  2370  2370 I sehhealth-service: updateLrpSysfs: write: 361
05-17 13:43:56.114  2370  2455 E BatteryDump: !@new_battery_dump : 4219,-2,1666,4680,84,345,331,376,345,0,361,376,0,Not-charging,NO_CHARGING,Normal,Good,PDIC_APDO,0,Normal,0,0,0,8340,0x40000000,0x1010000,0x0,0,0,404,v0005,2,2/6-9000-0-1666,0,0,0,0,0xffff,0x0000,0x00000000,0,0,0,0,0,0,69,4220,8327,983,0,
05-17 13:43:56.166 26756 27393 W PackageConfigPersister: App-specific configuration not found for packageName: com.ginit.app and userId: 0
05-17 13:43:56.173 26756 27393 D SemWifiSwitchForIndividualAppsService: isSkipNetworkCondition - result:2
05-17 13:43:56.246 26756 27395 I SemWifiEleStateTracker: Ele Parameters BD : 13 13 13 13 13 13 MD : -102 -102 -102 -102 -102 -102 WD : -61 -61 -61 -60 -62 -62 GC : false false false false false false SC : false false false false false false SH : false false false false false false TB : false false false false false false
05-17 13:43:56.348 26756 27546 W PackageConfigPersister: App-specific configuration not found for packageName: com.ginit.app and userId: 0
05-17 13:43:56.557 26756 27344 W PackageConfigPersister: App-specific configuration not found for packageName: com.ginit.app and userId: 0
05-17 13:43:56.734  2317 12980 I sensors-hal: handle_sns_client_event:354, [0][4037355] accel_sample [ 0.004,  8.588,  4.692] 774407142416417
05-17 13:43:56.758 26756 27055 D ActivityManager: sync unfroze 5612 com.android.vending for 6
05-17 13:43:56.760 26756 27055 D ActivityManager: sync unfroze 6270 com.android.vending:background for 6
05-17 13:43:56.760 26756 27055 I ActivityManager: Changes in 10279 19 to 8, 0 to 384
05-17 13:43:56.761  5612  5767 I Finsky  : [83] AIM: AppInfoManager-Perf > Destroying AppInfoManager ...
05-17 13:43:56.762  4042  4042 I SLPASVC : onStartJob                                                                                          [at com.samsung.euicc.lpaService.NotificationJobService.onStartJob(NotificationJobService.java:17)]
05-17 13:43:56.763  4042  4042 I SLPASVC : start NotificationService                                                                           [at com.samsung.euicc.lpaService.NotificationJobService.onStartJob(NotificationJobService.java:27)]
05-17 13:43:56.763  4042  4042 W ContextImpl: Calling a method in the system process without a qualified user: android.app.ContextImpl.startService:2128 android.content.ContextWrapper.startService:898 com.samsung.euicc.lpaService.NotificationJobService.onStartJob:28 android.app.job.JobService$1.onStartJob:118 android.app.job.JobServiceEngine$JobHandler.handleMessage:190 
05-17 13:43:56.764 28604 28657 I RequestManager_FLP: onOpChanged, op=0 / packageName=com.android.vending
05-17 13:43:56.766  4042  4042 I SLPASVC : onStartCommand()                                                                                    [at com.samsung.euicc.lpaService.NotificationService.onStartCommand(NotificationService.java:42)]
05-17 13:43:56.766  4042  4956 I SLPASVC : +sendNotifications                                                                                  [at com.samsung.euicc.lpaService.NotificationService$NotificationHandler.sendNotifications(NotificationService$NotificationHandler.java:68)]
05-17 13:43:56.767  4042  4956 I SLPASVC : -sendNotifications                                                                                  [at com.samsung.euicc.lpaService.NotificationService$NotificationHandler.sendNotifications(NotificationService$NotificationHandler.java:80)]
05-17 13:43:56.767  4042  4042 I SLPASVC : +onDestroy(): Handler (com.samsung.euicc.lpaService.NotificationService$NotificationHandler) {54adcd0}[at com.samsung.euicc.lpaService.NotificationService.onDestroy(NotificationService.java:25)]
05-17 13:43:56.767  4042  4042 I SLPASVC : -onDestroy()                                                                                        [at com.samsung.euicc.lpaService.NotificationService.onDestroy(NotificationService.java:31)]
05-17 13:43:56.767 26756 29223 W ProcessStats: Tracking association SourceState{f0eb489 com.android.vending:background/10279 ImpBg #273432} whose proc state 6 is better than process ProcessState{4cc51c1 com.android.vending/10279 pkg=com.android.vending} proc state 15 (4 skipped)
05-17 13:43:56.767  5612  5612 I Finsky  : [2] SCH: job service start with id 9426.
05-17 13:43:56.771  5612  4958 I Finsky  : [670] SCH: Satisfied jobs for 9426 are: 12-1
05-17 13:43:56.772  5612  4957 I Finsky  : [669] SCH: Job 12-1 starting
05-17 13:43:56.772  5612  5612 I Finsky  : [2] WM::SCH: Logging work start for 12-1
05-17 13:43:56.773  5612  5612 I Finsky  : [2] [ContentSync] job started
05-17 13:43:56.824 26756 29223 W ParceledListSlice: Element #830 is 17964 bytes.
05-17 13:43:56.836  2290 30511 I vendor.qti.bluetooth@1.0-ibs_handler: ProcessIbsCmd: Received IBS_WAKE_IND: 0xFD
05-17 13:43:56.836  2290 30511 D vendor.qti.bluetooth@1.0-ibs_handler: SerialClockVote: vote for UART CLK ON
05-17 13:43:56.836  2290 30511 D vendor.qti.bluetooth@1.0-wake_lock: Acquire wakelock is acquired 
05-17 13:43:56.836  2290 30511 I vendor.qti.bluetooth@1.0-ibs_handler: ProcessIbsCmd: Writing IBS_WAKE_ACK
05-17 13:43:56.843 27963 30598 I ScanController: onScanResult to scannerId: 3- eventType=0x1b, addressType=1, address=XX:XX:XX:XX:F3:CD, primaryPhy=1, secondaryPhy=0, advertisingSid=0xff, txPower=127, rssi=-77, periodicAdvInt=0x0
05-17 13:43:56.850 26756 28701 W PackageConfigPersister: App-specific configuration not found for packageName: com.ginit.app and userId: 0
05-17 13:43:56.873  5612  5612 W Finsky  : [2] STU: Failed to get storage stats for package 'com.android.wifi' (1601: Error getting stats: android.content.pm.PackageManager.NameNotFoundException)
05-17 13:43:56.875  5612  5612 W Finsky  : [2] STU: Failed to get storage stats for package 'com.samsung.android.camera.unihal' (1601: Error getting stats: android.content.pm.PackageManager.NameNotFoundException)
05-17 13:43:56.885  2290 30511 I vendor.qti.bluetooth@1.0-ibs_handler: ProcessIbsCmd: Received IBS_SLEEP_IND: 0xFE
05-17 13:43:56.885  2290 30511 D vendor.qti.bluetooth@1.0-ibs_handler: SerialClockVote: vote for UART CLK OFF
05-17 13:43:56.920 17837  4955 W adbd    : timed out while waiting for FUNCTIONFS_BIND, trying again
05-17 13:43:56.920 17837  4955 I adbd    : UsbFfs: connection terminated: monitor thread finished
05-17 13:43:56.940 17837 17848 I adbd    : opening control endpoint /dev/usb-ffs/adb/ep0
05-17 13:43:56.944 26756 26820 I system_server: Background young concurrent mark compact GC freed 45MB AllocSpace bytes, 150(3000KB) LOS objects, 20% free, 185MB/232MB, paused 1.272ms,6.920ms total 132.341ms
05-17 13:43:56.981  2317  2466 I sensors-hal: handle_sns_std_sensor_event:401, [SSC_LIGHT] P: 111(111),c:56,b:95,m:0xd,cl:14,l:112,s:90,l0:1992,l1:80,s0:1562,s1:0,acl:1,opr:0.90,f(r):99,u(bl):100,if:99,sm:0,si:0,ps:79(N:64)
05-17 13:43:56.981  2317 29686 I sensors-hal: handle_sns_std_sensor_event:127, [SSC_LIGHT] A: 111(111),c:56,b:95,m:0xd,cl:14,l:112,s:90,l0:1992,l1:80,s0:1562,s1:0,acl:1,opr:0.90,f(r):99,u(bl):100,if:99,sm:0,si:0,ps:79(N:64)
05-17 13:43:57.010 26379 26841 I thermal_core: pivot(AP) : 381, skin : 361
05-17 13:43:57.010 26379 26841 I vendor.samsung.hardware.thermal-service: index = 19.800000
05-17 13:43:57.010 26379 26841 I vendor.samsung.hardware.thermal-service: 2 / 2
05-17 13:43:57.014  2290 30511 I vendor.qti.bluetooth@1.0-ibs_handler: ProcessIbsCmd: Received IBS_WAKE_IND: 0xFD
05-17 13:43:57.014  2290 30511 D vendor.qti.bluetooth@1.0-ibs_handler: SerialClockVote: vote for UART CLK ON
05-17 13:43:57.015  2290 30511 I vendor.qti.bluetooth@1.0-ibs_handler: ProcessIbsCmd: Writing IBS_WAKE_ACK
05-17 13:43:57.022 27963 30598 I ScanController: onScanResult to scannerId: 3- eventType=0x1b, addressType=1, address=XX:XX:XX:XX:58:31, primaryPhy=1, secondaryPhy=0, advertisingSid=0xff, txPower=127, rssi=-71, periodicAdvInt=0x0
05-17 13:43:57.027 26357 22129 D AHAL_ModulePrimary_QTI: getVendorParameters: id count: 1
05-17 13:43:57.027 26357 22129 D AHAL_SecModulePrimary: onGetSECGenericParameters get temperature for g_hw_speaker_amp_temp_rcv: 0
05-17 13:43:57.027 26357 19107 D AHAL_ModulePrimary_QTI: getVendorParameters: id count: 1
05-17 13:43:57.027 26357 19107 D AHAL_SecModulePrimary: onGetSECGenericParameters get temperature for g_hw_speaker_amp_temp_spk: 0
05-17 13:43:57.029 29115 30194 I SDHMS:x : SIOP:: AP:381 BAT:345 USB:331 CHG:376 PA:382 WIFI:380 CF:370 BLK:0 SUBBAT:0 LRPTHM:362 SKIN:361 SKINF:354 SKINB:361 LRP:361 LRF:354 LRB:361 APT:354 APR:361 RCV:354 SPK:329 CHGF:353 CHGR:360 MEMF:352 MEMR:360 WIFIF:353 WIFIR:361 UPSPK:364 DNSPK:329 VAP:399 VWIFI:391 AMB2:279 HIGH:0 NNP:348 OOD:13 AVGCUR:-3 POWER:-12
05-17 13:43:57.029 29115 30194 I AudioManager: setParameters keyValuePairs = g_hw_speaker_amp_temp_spk=33
05-17 13:43:57.029 26350 22821 D AudioFlinger: setParameters: filtered dev setParameters keyvalue g_hw_speaker_amp_temp_spk=33
05-17 13:43:57.030 26357 19107 D AHAL_SecModulePrimary: processSetVendorParameters: configured g_hw_speaker_amp_temp_spk
05-17 13:43:57.030 26357 19107 D AHAL_SecModulePrimary: processSetVendorParameters: handler set on Feature:0
05-17 13:43:57.030 26357 19107 D AHAL_SecModulePrimary: onSetSECGenericParameters set temperature for g_hw_speaker_amp_temp_spk: 33
05-17 13:43:57.030 26357 19107 I PAL: API: pal_set_param: 1406: Enter: param id 3002
05-17 13:43:57.030 26357 19107 I PAL: ResourceManager: getActiveStream_l: 4510: no active streams found for device 3 ret -2
05-17 13:43:57.030 26350 22821 E DeviceHalAidl: Function: parseAndSetVendorParameters Line: 414 Failed 
05-17 13:43:57.030 26350 22821 E DeviceHalAidl: Function: parseAndSetVendorParameters Line: 414 Failed 
05-17 13:43:57.030 29115 30194 I AudioManager: setParameters keyValuePairs = g_hw_speaker_amp_temp_rcv=35
05-17 13:43:57.030 26350 22821 D AudioFlinger: setParameters: filtered dev setParameters keyvalue g_hw_speaker_amp_temp_rcv=35
05-17 13:43:57.030 26357 21414 D AHAL_SecModulePrimary: processSetVendorParameters: configured g_hw_speaker_amp_temp_rcv
05-17 13:43:57.030 26357 21414 D AHAL_SecModulePrimary: processSetVendorParameters: handler set on Feature:0
05-17 13:43:57.030 26357 21414 D AHAL_SecModulePrimary: onSetSECGenericParameters set temperature for g_hw_speaker_amp_temp_rcv: 35
05-17 13:43:57.030 26357 21414 I PAL: API: pal_set_param: 1406: Enter: param id 3001
05-17 13:43:57.030 26357 21414 I PAL: ResourceManager: getActiveStream_l: 4510: no active streams found for device 3 ret -2
05-17 13:43:57.030 26350 22821 E DeviceHalAidl: Function: parseAndSetVendorParameters Line: 414 Failed 
05-17 13:43:57.030 26350 22821 E DeviceHalAidl: Function: parseAndSetVendorParameters Line: 414 Failed 
05-17 13:43:57.041  1182  1182 D io_stats: !@   8,0 r 99939495 2852327328 w 26492310 468170228 d 3349581 515606668 f 518275 2822152 iot 7637332 0 th 0 0 0 pt 0 inp 0 0 579978.829
05-17 13:43:57.041  1182  1182 D io_stats: !@ Read_top(KB): android.vending:low(5612) 4072 binder:2861_2:normal(2861) 3912 ung.android.fmm:high(4357) 2400
05-17 13:43:57.041  1182  1182 D io_stats: !@ Write_top(KB): kworker/5:2:/(12210) 268 f2fs_ckpt-254:6:/(5908) 220 android.vending:low(5612) 40
05-17 13:43:57.041  1182  1182 D io_stats: !@ fuse-log: WORST (10741 1 0 2 0) TOTAL_LATENCY (10741 0 1 0 2) TOTAL_CNT (10741 2 1 2) 
05-17 13:43:57.057 26756 27344 W PackageConfigPersister: App-specific configuration not found for packageName: com.ginit.app and userId: 0
05-17 13:43:57.061  2290 30511 I vendor.qti.bluetooth@1.0-ibs_handler: ProcessIbsCmd: Received IBS_SLEEP_IND: 0xFE
05-17 13:43:57.061  2290 30511 D vendor.qti.bluetooth@1.0-ibs_handler: SerialClockVote: vote for UART CLK OFF
05-17 13:43:57.078  5612  5612 W Finsky  : [2] STU: Failed to get storage stats for package 'com.samsung.android.media.swcodec.system' (1601: Error getting stats: android.content.pm.PackageManager.NameNotFoundException)
05-17 13:43:57.085  5612  5612 W Finsky  : [2] STU: Failed to get storage stats for package 'com.google.android.resolv' (1601: Error getting stats: android.content.pm.PackageManager.NameNotFoundException)
05-17 13:43:57.117  5612  5612 W Finsky  : [2] STU: Failed to get storage stats for package 'com.google.android.sdkext' (1601: Error getting stats: android.content.pm.PackageManager.NameNotFoundException)
05-17 13:43:57.126  5612  5612 W Finsky  : [2] STU: Failed to get storage stats for package 'com.google.android.adservices' (1601: Error getting stats: android.content.pm.PackageManager.NameNotFoundException)
05-17 13:43:57.126  5612  5612 W Finsky  : [2] STU: Failed to get storage stats for package 'com.google.android.tethering' (1601: Error getting stats: android.content.pm.PackageManager.NameNotFoundException)
05-17 13:43:57.174 26756 27393 W PackageConfigPersister: App-specific configuration not found for packageName: com.ginit.app and userId: 0
05-17 13:43:57.177 26756 27393 D SemWifiSwitchForIndividualAppsService: isSkipNetworkCondition - result:2
05-17 13:43:57.188  5612  5612 W Finsky  : [2] STU: Failed to get storage stats for package 'com.google.android.cellbroadcast' (1601: Error getting stats: android.content.pm.PackageManager.NameNotFoundException)
05-17 13:43:57.209  5612  5612 W Finsky  : [2] STU: Failed to get storage stats for package 'com.samsung.android.vital' (1601: Error getting stats: android.content.pm.PackageManager.NameNotFoundException)
05-17 13:43:57.211  2290 28616 D vendor.qti.bluetooth@1.0-wake_lock: Release wakelock is released 
05-17 13:43:57.215  5612  5612 W Finsky  : [2] STU: Failed to get storage stats for package 'com.samsung.android.media.swcodec.vendor' (1601: Error getting stats: android.content.pm.PackageManager.NameNotFoundException)
05-17 13:43:57.223  5612  5612 W Finsky  : [2] STU: Failed to get storage stats for package 'com.android.compos' (1601: Error getting stats: android.content.pm.PackageManager.NameNotFoundException)
05-17 13:43:57.269  2912  2912 I cnss-daemon: nl80211 response handler invoked
05-17 13:43:57.269  2912  2912 I cnss-daemon: nl80211_response_handler: cmd 103, vendorID 4980, subcmd 10  received
05-17 13:43:57.270  3080 27456 D LOWI-9.0.1.132: [LOWI-Scan] wait_event:Wait done with Cmd 103
05-17 13:43:57.270  3080 27456 D LOWI-9.0.1.132: [LOWI-Scan] do_listen_events: Rcvd valid Netlink Cmd 0 Err 0
05-17 13:43:57.270  2328 27454 I WifiHAL : event received NL80211_CMD_VENDOR, vendor_id = 0x1374, subcmd = 0xa
05-17 13:43:57.270 19045 19045 I wpa_supplicant: nl80211: Vendor event: wiphy=1 vendor_id=0x1374 subcmd=10
05-17 13:43:57.270 19045 19045 I wpa_supplicant: wlan0: CTRL-EVENT-AVOID-FREQ ranges=5180-5320,0
05-17 13:43:57.278  5612  5612 W Finsky  : [2] STU: Failed to get storage stats for package 'com.android.uprobestats' (1601: Error getting stats: android.content.pm.PackageManager.NameNotFoundException)
05-17 13:43:57.284  5612  5612 W Finsky  : [2] STU: Failed to get storage stats for package 'com.android.profiling' (1601: Error getting stats: android.content.pm.PackageManager.NameNotFoundException)
05-17 13:43:57.300  5612  5612 W Finsky  : [2] STU: Failed to get storage stats for package 'com.samsung.android.media.extractor' (1601: Error getting stats: android.content.pm.PackageManager.NameNotFoundException)
05-17 13:43:57.313  5612  5612 W Finsky  : [2] STU: Failed to get storage stats for package 'com.google.android.adbd' (1601: Error getting stats: android.content.pm.PackageManager.NameNotFoundException)
05-17 13:43:57.348  5612  5612 W Finsky  : [2] STU: Failed to get storage stats for package 'com.google.android.ipsec' (1601: Error getting stats: android.content.pm.PackageManager.NameNotFoundException)
05-17 13:43:57.350 26756 29223 W PackageConfigPersister: App-specific configuration not found for packageName: com.ginit.app and userId: 0
05-17 13:43:57.353  5612  5612 W Finsky  : [2] STU: Failed to get storage stats for package 'com.android.devicelock' (1601: Error getting stats: android.content.pm.PackageManager.NameNotFoundException)
05-17 13:43:57.371  5612  5612 W Finsky  : [2] STU: Failed to get storage stats for package 'com.android.uwb' (1601: Error getting stats: android.content.pm.PackageManager.NameNotFoundException)
05-17 13:43:57.383  5612  5612 W Finsky  : [2] STU: Failed to get storage stats for package 'com.google.android.os.statsd' (1601: Error getting stats: android.content.pm.PackageManager.NameNotFoundException)
05-17 13:43:57.395  5612  5612 W Finsky  : [2] STU: Failed to get storage stats for package 'com.google.android.scheduling' (1601: Error getting stats: android.content.pm.PackageManager.NameNotFoundException)
05-17 13:43:57.400  5612  5612 W Finsky  : [2] STU: Failed to get storage stats for package 'com.samsung.android.lifeguard' (1601: Error getting stats: android.content.pm.PackageManager.NameNotFoundException)
05-17 13:43:57.421  5612  5612 W Finsky  : [2] STU: Failed to get storage stats for package 'com.google.android.widevine.nonupdatable' (1601: Error getting stats: android.content.pm.PackageManager.NameNotFoundException)
05-17 13:43:57.425  5612  5612 W Finsky  : [2] STU: Failed to get storage stats for package 'com.samsung.android.shell' (1601: Error getting stats: android.content.pm.PackageManager.NameNotFoundException)
05-17 13:43:57.433  5612  5612 W Finsky  : [2] STU: Failed to get storage stats for package 'com.android.hardware.drm.clearkey' (1601: Error getting stats: android.content.pm.PackageManager.NameNotFoundException)
05-17 13:43:57.443  5612  5612 W Finsky  : [2] STU: Failed to get storage stats for package 'com.samsung.android.sfa' (1601: Error getting stats: android.content.pm.PackageManager.NameNotFoundException)
05-17 13:43:57.447  5612  5612 W Finsky  : [2] STU: Failed to get storage stats for package 'com.android.apex.cts.shim' (1601: Error getting stats: android.content.pm.PackageManager.NameNotFoundException)
05-17 13:43:57.461  2317  2469 I sensors-hal: handle_sns_std_sensor_event:90, light_cct: ts = 774407897646990 ns; value = [112, 112, 222, 232, 79, 95, 14, 4, 1992, 0]
05-17 13:43:57.464  5612  5612 W Finsky  : [2] STU: Failed to get storage stats for package 'com.google.android.appsearch' (1601: Error getting stats: android.content.pm.PackageManager.NameNotFoundException)
05-17 13:43:57.465  5612  5612 W Finsky  : [2] STU: Failed to get storage stats for package 'com.google.android.art' (1601: Error getting stats: android.content.pm.PackageManager.NameNotFoundException)
05-17 13:43:57.465  5612  5612 W Finsky  : [2] STU: Failed to get storage stats for package 'com.android.bt' (1601: Error getting stats: android.content.pm.PackageManager.NameNotFoundException)
05-17 13:43:57.478  5612  5612 W Finsky  : [2] STU: Failed to get storage stats for package 'com.google.android.mediaprovider' (1601: Error getting stats: android.content.pm.PackageManager.NameNotFoundException)
05-17 13:43:57.483  5612  5612 W Finsky  : [2] STU: Failed to get storage stats for package 'com.android.virt' (1601: Error getting stats: android.content.pm.PackageManager.NameNotFoundException)
05-17 13:43:57.488  5612  5612 W Finsky  : [2] STU: Failed to get storage stats for package 'com.google.android.configinfrastructure' (1601: Error getting stats: android.content.pm.PackageManager.NameNotFoundException)
05-17 13:43:57.488  5612  5612 W Finsky  : [2] STU: Failed to get storage stats for package 'com.google.android.media' (1601: Error getting stats: android.content.pm.PackageManager.NameNotFoundException)
05-17 13:43:57.506  5612  5612 W Finsky  : [2] STU: Failed to get storage stats for package 'com.samsung.android.biometrics.face' (1601: Error getting stats: android.content.pm.PackageManager.NameNotFoundException)
05-17 13:43:57.518  5612  5612 W Finsky  : [2] STU: Failed to get storage stats for package 'com.android.runtime' (1601: Error getting stats: android.content.pm.PackageManager.NameNotFoundException)
05-17 13:43:57.526 32334 32334 I [MCFServer]_BleAdapterManager: stop - 
05-17 13:43:57.526 32334 32334 I [MCFServer]_McfMainController: updateStandAloneBleMode - isStandAloneBleMode/SubscriberCallbacks.size()/CasterCallbacks.size()/BleAdapterCallbacks.size() = (true/2/1/0)
05-17 13:43:57.529  5612  5612 W Finsky  : [2] STU: Failed to get storage stats for package 'com.google.android.rkpd' (1601: Error getting stats: android.content.pm.PackageManager.NameNotFoundException)
05-17 13:43:57.558 26756 27344 W PackageConfigPersister: App-specific configuration not found for packageName: com.ginit.app and userId: 0
05-17 13:43:57.564  5612  5612 W Finsky  : [2] STU: Failed to get storage stats for package 'com.google.android.tzdata6' (1601: Error getting stats: android.content.pm.PackageManager.NameNotFoundException)
05-17 13:43:57.565  5612  5612 W Finsky  : [2] STU: Failed to get storage stats for package 'com.google.android.permission' (1601: Error getting stats: android.content.pm.PackageManager.NameNotFoundException)
05-17 13:43:57.582  5612  5612 W Finsky  : [2] STU: Failed to get storage stats for package 'com.android.telephonycore' (1601: Error getting stats: android.content.pm.PackageManager.NameNotFoundException)
05-17 13:43:57.592  5612  5612 W Finsky  : [2] STU: Failed to get storage stats for package 'com.samsung.android.biometrics.fingerprint' (1601: Error getting stats: android.content.pm.PackageManager.NameNotFoundException)
05-17 13:43:57.593  5612  5612 W Finsky  : [2] STU: Failed to get storage stats for package 'com.google.android.media.swcodec' (1601: Error getting stats: android.content.pm.PackageManager.NameNotFoundException)
05-17 13:43:57.600  5612  5612 W Finsky  : [2] STU: Failed to get storage stats for package 'com.android.hardware.cas.lazy' (1601: Error getting stats: android.content.pm.PackageManager.NameNotFoundException)
05-17 13:43:57.611  5612  5612 W Finsky  : [2] STU: Failed to get storage stats for package 'com.samsung.android.media.imagecodec.system' (1601: Error getting stats: android.content.pm.PackageManager.NameNotFoundException)
05-17 13:43:57.619  5612  5612 W Finsky  : [2] STU: Failed to get storage stats for package 'com.android.i18n' (1601: Error getting stats: android.content.pm.PackageManager.NameNotFoundException)
05-17 13:43:57.620  5612  5612 W Finsky  : [2] STU: Failed to get storage stats for package 'com.samsung.android.spqr' (1601: Error getting stats: android.content.pm.PackageManager.NameNotFoundException)
05-17 13:43:57.620  5612  5612 W Finsky  : [2] STU: Failed to get storage stats for package 'com.google.android.conscrypt' (1601: Error getting stats: android.content.pm.PackageManager.NameNotFoundException)
05-17 13:43:57.629  5612  5612 W Finsky  : [2] STU: Failed to get storage stats for package 'com.google.android.neuralnetworks' (1601: Error getting stats: android.content.pm.PackageManager.NameNotFoundException)
05-17 13:43:57.633  5612  5612 W Finsky  : [2] STU: Failed to get storage stats for package 'com.google.android.ondevicepersonalization' (1601: Error getting stats: android.content.pm.PackageManager.NameNotFoundException)
05-17 13:43:57.635  5612  5612 W Finsky  : [2] STU: Failed to get storage stats for package 'com.google.android.healthfitness' (1601: Error getting stats: android.content.pm.PackageManager.NameNotFoundException)
05-17 13:43:57.645  5612  5612 W Finsky  : [2] STU: Failed to get storage stats for package 'com.google.android.extservices' (1601: Error getting stats: android.content.pm.PackageManager.NameNotFoundException)
05-17 13:43:57.670  5612  5612 I Finsky  : [2] App states replicator found 127 unowned apps
05-17 13:43:57.690  5612  5765 I Finsky  : [82] Completed 0 account content syncs with 0 successful.
05-17 13:43:57.690  5612  5612 I Finsky  : [2] [ContentSync] Installation state replication succeeded.
05-17 13:43:57.691  5612  5612 I Finsky  : [2] SCH: jobFinished: 12-1. TimeElapsed: 918ms.
05-17 13:43:57.691  5612  5612 I Finsky  : [2] WM::SCH: Logging work end for 12-1
05-17 13:43:57.695  5612  5765 I Finsky  : [82] SCH: Scheduling phonesky job Id: 1-1337, CT: 1778968293155, Constraints: [{ L: 42689197, D: 85889197, C: CHARGING_NONE, I: IDLE_NONE, N: NET_ANY, B: BATTERY_ANY }]
05-17 13:43:57.695  5612  5765 I Finsky  : [82] SCH: Scheduling phonesky job Id: 34-522, CT: 1778924663967, Constraints: [{ L: 79199840, D: 1375199840, C: CHARGING_NONE, I: IDLE_NONE, N: NET_ANY, B: BATTERY_ANY }]
05-17 13:43:57.695  5612  5765 I Finsky  : [82] SCH: Scheduling phonesky job Id: 34-523, CT: 1778924664003, Constraints: [{ L: 604800000, D: 2591999972, C: CHARGING_NONE, I: IDLE_NONE, N: NET_ANY, B: BATTERY_ANY }]
05-17 13:43:57.696  5612  5767 I Finsky  : [83] SCH: Scheduling 1 system job(s)
05-17 13:43:57.696  5612  5767 I Finsky  : [83] SCH: Scheduling system job Id: 9431, L: 10826111, D: 61144656, C: false, I: false, N: 1
05-17 13:43:57.697  5612  4957 I Finsky  : [669] SCH: job service finished with id 9426.
05-17 13:43:57.699  5612  5612 I Finsky  : [2] Memory trim requested to level 40
05-17 13:43:57.700 26756 27546 I ActivityManager: Changes in 10279 10 to 19, 384 to 0
05-17 13:43:57.700  6270  6270 I Finsky:background: [2] Memory trim requested to level 40
05-17 13:43:57.701  5612  5612 I Finsky  : [2] Flushing in-memory image cache
05-17 13:43:57.851 26756 27546 W PackageConfigPersister: App-specific configuration not found for packageName: com.ginit.app and userId: 0
05-17 13:43:57.941 17837  4968 W adbd    : timed out while waiting for FUNCTIONFS_BIND, trying again
05-17 13:43:57.942 17837  4968 I adbd    : UsbFfs: connection terminated: monitor thread finished
05-17 13:43:57.968 17837 17848 I adbd    : opening control endpoint /dev/usb-ffs/adb/ep0
05-17 13:43:57.970 17837 17837 I adbd    : New TLS connection [fd=8]
05-17 13:43:57.971 17837  4977 I adbd    : host-8: connection terminated: read failed
05-17 13:43:58.030 26379 26841 I thermal_core: pivot(AP) : 385, skin : 361
05-17 13:43:58.030 26379 26841 I vendor.samsung.hardware.thermal-service: index = 20.600000
05-17 13:43:58.030 26379 26841 I vendor.samsung.hardware.thermal-service: 1 / 2
05-17 13:43:58.058 26756 27344 W PackageConfigPersister: App-specific configuration not found for packageName: com.ginit.app and userId: 0
05-17 13:43:58.115  2363  2933 I StatsHandler: [avcD_33] Stats: Pending(0) i/p-done(0) Works: Q: 95/Done 86|Work-Rate: Q(0.0/s Avg=0.0/s) Done(0.000/s Avg=0.004/s)| Stream: 24.00fps 1.3Mbps
05-17 13:43:58.115  2363  2933 I StatsHandler: [avcD_33] Mem-usage:  [In-1D: 12 bufs 96.000 MB] [1D-3511: 32 bufs 0.500 MB] [2D-3512: 16 bufs 22.750 MB] | Total: 119.250 MB
05-17 13:43:58.179 26756 27393 W PackageConfigPersister: App-specific configuration not found for packageName: com.ginit.app and userId: 0
05-17 13:43:58.185 26756 27393 D SemWifiSwitchForIndividualAppsService: isSkipNetworkCondition - result:2
05-17 13:43:58.229 26756 31314 D SemWifiUsabilityStatsMonitor: onWifiUsabilityStats - seqNum 8364, isSameBssidAndFreq true
05-17 13:43:58.230 26756 27362 I SemWifiLinkQualityMonitor: Link stat: 1318 / 69 / 1.20 (151) / 864 / -59.0 || 100.0 : 864.00 / 0.5 : 0.83 / 0.55 : 0.05 / G (G) || 6c42be805180: 0.085 / 93.856 / N / V || N N / 0 0 / N -77.0 / N -1 0.000 0.000 / N / X 12 / 579980017 0 0 || 2026-05-17 13:43:58  / 0: 0 0 0 0 0 0 / 0: 0 0 0 0 0 0 / 0: 0 0 0 0 0 0
05-17 13:43:58.239 26756 27364 I SemInsManager: 6c42be805 | X,38,50,50,31,150,150,150,0,N,N,N,0 | X, X, X | X,X,X,X,X
05-17 13:43:58.352 26756 27546 W PackageConfigPersister: App-specific configuration not found for packageName: com.ginit.app and userId: 0
05-17 13:43:58.353 26756 27360 I SemWifiServiceDetector: NSD results: [0, 1, 2, 0, 0, 0, 2, 1, 0] Traff. type 1 Thr 17
05-17 13:43:58.559 26756 27344 W PackageConfigPersister: App-specific configuration not found for packageName: com.ginit.app and userId: 0
05-17 13:43:58.674  2290 30511 I vendor.qti.bluetooth@1.0-ibs_handler: ProcessIbsCmd: Received IBS_WAKE_IND: 0xFD
05-17 13:43:58.674  2290 30511 D vendor.qti.bluetooth@1.0-ibs_handler: SerialClockVote: vote for UART CLK ON
05-17 13:43:58.674  2290 30511 D vendor.qti.bluetooth@1.0-wake_lock: Acquire wakelock is acquired 
05-17 13:43:58.674  2290 30511 I vendor.qti.bluetooth@1.0-ibs_handler: ProcessIbsCmd: Writing IBS_WAKE_ACK
05-17 13:43:58.682 27963 30598 I ScanController: onScanResult to scannerId: 3- eventType=0x1b, addressType=1, address=XX:XX:XX:XX:58:31, primaryPhy=1, secondaryPhy=0, advertisingSid=0xff, txPower=127, rssi=-69, periodicAdvInt=0x0
05-17 13:43:58.704 28604 28657 I RequestManager_FLP: onOpChanged, op=0 / packageName=com.android.vending
05-17 13:43:58.722  2290 30511 I vendor.qti.bluetooth@1.0-ibs_handler: ProcessIbsCmd: Received IBS_SLEEP_IND: 0xFE
05-17 13:43:58.722  2290 30511 D vendor.qti.bluetooth@1.0-ibs_handler: SerialClockVote: vote for UART CLK OFF
05-17 13:43:58.744  2317 12980 I sensors-hal: handle_sns_client_event:354, [0][4037389] accel_sample [-0.012,  8.608,  4.675] 774409152812667
05-17 13:43:58.844  2290 30511 I vendor.qti.bluetooth@1.0-ibs_handler: ProcessIbsCmd: Received IBS_WAKE_IND: 0xFD
05-17 13:43:58.844  2290 30511 D vendor.qti.bluetooth@1.0-ibs_handler: SerialClockVote: vote for UART CLK ON
05-17 13:43:58.844  2290 30511 I vendor.qti.bluetooth@1.0-ibs_handler: ProcessIbsCmd: Writing IBS_WAKE_ACK
05-17 13:43:58.852 27963 30598 I ScanController: onScanResult to scannerId: 11- eventType=0x10, addressType=1, address=XX:XX:XX:XX:74:9B, primaryPhy=1, secondaryPhy=0, advertisingSid=0xff, txPower=127, rssi=-71, periodicAdvInt=0x0
05-17 13:43:58.855 26756 29223 W PackageConfigPersister: App-specific configuration not found for packageName: com.ginit.app and userId: 0
05-17 13:43:58.891  2290 30511 I vendor.qti.bluetooth@1.0-ibs_handler: ProcessIbsCmd: Received IBS_SLEEP_IND: 0xFE
05-17 13:43:58.891  2290 30511 D vendor.qti.bluetooth@1.0-ibs_handler: SerialClockVote: vote for UART CLK OFF
05-17 13:43:58.971 17837  4975 W adbd    : timed out while waiting for FUNCTIONFS_BIND, trying again
05-17 13:43:58.971 17837  4975 I adbd    : UsbFfs: connection terminated: monitor thread finished
05-17 13:43:58.988 17837 17848 I adbd    : opening control endpoint /dev/usb-ffs/adb/ep0
05-17 13:43:59.007 26756 27105 D InputReader: Btn_touch(6): value=1 when=579980.794910
05-17 13:43:59.007 26756 27105 I InputReader: Touch event's action is 0x0 (id=6, t=0) [pCnt=1, s=0.60687 ] when=579980.794910
05-17 13:43:59.008 26756 27104 I InputDispatcher: Delivering touch to (27882): action: 0x4, f=0x0, d=0, 'fa1cb79', t=1 
05-17 13:43:59.008 26756 27104 I InputDispatcher: Delivering touch to (4070): action: 0x0, f=0x0, d=0, '38e7ff6', t=1 
05-17 13:43:59.009 26756 27104 D PowerManagerService: [api] userActivityFromNative : touch displayId=0 eventTime=579980794
05-17 13:43:59.009 26756 27104 D PowerManagerService: UserActivityStateListenerState: 1
05-17 13:43:59.009 26756 27104 D PowerManagerService: UserActivityState : 4 -> 1 groupId=0
05-17 13:43:59.010 28736 28736 I HoneySpace.InputConsumerFactory: checkMultiFingerGesture: returning NO_OP - gesture disabled or blocked
05-17 13:43:59.010 28736 28736 I HoneySpace.GestureInputHandler: inputConsumers = [com.honeyspace.gesture.inputconsumer.InputConsumer$Companion$NO_OP$1@32046d]
05-17 13:43:59.010 28736 28736 I HoneySpace.InputSession: inputConsumers = NO_OP
05-17 13:43:59.010 28736 28736 I HoneySpace.InputSession: open
05-17 13:43:59.010 26756 26849 I GestureDetector: obtain mCurrentDownEvent. id: 599851400 caller: com.android.server.wm.SystemGesturesPointerEventListener.onPointerEvent:17 com.android.server.wm.PointerEventDispatcher.onInputEvent:51 android.view.InputEventReceiver.dispatchInputEvent:362 
05-17 13:43:59.010  4070  4070 I VRI[MainActivity]@fb5452e: ViewPostIme pointer 0
05-17 13:43:59.011 26756 26849 I GestureDetector: obtain mCurrentDownEvent. id: 599851400 caller: com.android.server.wm.SystemPerformancePointerEventListener.onPointerEvent:13 com.android.server.wm.PointerEventDispatcher.onInputEvent:51 android.view.InputEventReceiver.dispatchInputEvent:362 
05-17 13:43:59.012 26756 27546 W PackageConfigPersister: App-specific configuration not found for packageName: com.ginit.app and userId: 0
05-17 13:43:59.012 26756 27125 W PackageConfigPersister: App-specific configuration not found for packageName: com.ginit.app and userId: 0
05-17 13:43:59.013 26756 26756 I MdnieScenarioControlService: action  :  com.samsung.server.PowerManagerService.action.USER_ACTIVITY
05-17 13:43:59.012 29115 29115 I SemDvfsHyPerManager: acquire hyper - TATouchBoost/29115@28, type = -999
05-17 13:43:59.013 29115 29115 I SemDvfsHyPerManager: acquire hyper - TA_TOUCH_SHARE/29115@29, type = -999
05-17 13:43:59.013 26373 26412 I HYPER-HAL: [RequestManager.cpp]acquire(): Acquired ID : 424671824 [29115 / 28]  HINT :     list : [TABoost / 1] [TIMEOUT / 1500] 
05-17 13:43:59.013 26373 26412 I HYPER-HAL: [RequestManager.cpp]acquire(): Acquired ID : 424700969 [29115 / 29]  HINT : TA_TOUCH_SHARE   list : [TIMEOUT / 1500] 
05-17 13:43:59.014 26756 26849 I GestureDetector: obtain mCurrentMotionEventRaw. action: 2 id: 566596471
05-17 13:43:59.014 26756 26849 I GestureDetector: obtain mCurrentMotionEventRaw. action: 2 id: 566596471
05-17 13:43:59.015  4070  4070 I VRI[MainActivity]@fb5452e: call setFrameRateCategory category=high hint, reason=touch, vri=VRI[MainActivity]@fb5452e
05-17 13:43:59.019  2433  2433 I SurfaceFlinger: [com.ginit.app/com.ginit.app.MainActivity$_4070#123446] setFrameRateCategory: HighHint
05-17 13:43:59.020 26756 26851 D LocalDisplayAdapter: updateActiveModeLocked for d=4630947077158959251, mActiveModeId=1, mActiveSfDisplayMode=DisplayMode{id=0, width=1440, height=3120, xDpi=501.0411, yDpi=498.4151, peakRefreshRate=120.00001, vsyncRate=240.00005, appVsyncOffsetNanos=8333111, presentationDeadlineNanos=9333444, supportedHdrTypes=[4, 2, 3], group=0}
05-17 13:43:59.020 26756 26851 I DisplayDeviceRepository: Display device changed render timings: "기본으로 제공되는 화면", renderFrameRate=120.00002, presentationDeadlineNanos=9333443, appVsyncOffsetNanos=8333111, frameRateOverrides=[]
05-17 13:43:59.031 26379 26841 I thermal_core: pivot(AP) : 384, skin : 361
05-17 13:43:59.031 26379 26841 I vendor.samsung.hardware.thermal-service: index = 21.400000
05-17 13:43:59.031 26379 26841 I vendor.samsung.hardware.thermal-service: 2 / 2
05-17 13:43:59.041  2290 28616 D vendor.qti.bluetooth@1.0-wake_lock: Release wakelock is released 
05-17 13:43:59.042  1182  1182 D io_stats: !@   8,0 r 99941189 2852337544 w 26492336 468170336 d 3349582 515608716 f 518276 2822154 iot 7637508 0 th 0 0 0 pt 0 inp 0 0 579980.830
05-17 13:43:59.048 26357 21414 D AHAL_ModulePrimary_QTI: getVendorParameters: id count: 1
05-17 13:43:59.048 26357 21414 D AHAL_SecModulePrimary: onGetSECGenericParameters get temperature for g_hw_speaker_amp_temp_rcv: 0
05-17 13:43:59.048 26357 22129 D AHAL_ModulePrimary_QTI: getVendorParameters: id count: 1
05-17 13:43:59.048 26357 22129 D AHAL_SecModulePrimary: onGetSECGenericParameters get temperature for g_hw_speaker_amp_temp_spk: 0
05-17 13:43:59.049 29115 30194 I SDHMS:x : SIOP:: AP:383 BAT:345 USB:331 CHG:377 PA:383 WIFI:384 CF:370 BLK:0 SUBBAT:0 LRPTHM:361 SKIN:361 SKINF:354 SKINB:361 LRP:361 LRF:354 LRB:361 APT:354 APR:361 RCV:354 SPK:329 CHGF:353 CHGR:360 MEMF:352 MEMR:360 WIFIF:353 WIFIR:361 UPSPK:364 DNSPK:329 VAP:398 VWIFI:391 AMB2:279 HIGH:0 NNP:347 OOD:13 AVGCUR:-3 POWER:-12
05-17 13:43:59.049 29115 30194 I AudioManager: setParameters keyValuePairs = g_hw_speaker_amp_temp_spk=33
05-17 13:43:59.049 26350  1797 D AudioFlinger: setParameters: filtered dev setParameters keyvalue g_hw_speaker_amp_temp_spk=33
05-17 13:43:59.049 26357 22129 D AHAL_SecModulePrimary: processSetVendorParameters: configured g_hw_speaker_amp_temp_spk
05-17 13:43:59.049 26357 22129 D AHAL_SecModulePrimary: processSetVendorParameters: handler set on Feature:0
05-17 13:43:59.049 26357 22129 D AHAL_SecModulePrimary: onSetSECGenericParameters set temperature for g_hw_speaker_amp_temp_spk: 33
