05-17 13:44:02.590 26756 27120 V InputMethodManagerService: startInputOrWindowGainedFocusInternalLocked: reason=WINDOW_FOCUS_GAIN client=android.os.BinderProxy@1193359 inputContext=null editorInfo=android.view.inputmethod.EditorInfo@f342d43 startInputFlags=VIEW_HAS_FOCUS|INITIAL_CONNECTION softInputMode=STATE_UNSPECIFIED|ADJUST_RESIZE windowFlags=#81810180 unverifiedTargetSdkVersion=36 bindingController=com.android.server.inputmethod.InputMethodBindingController@6c09e89 imeBackCallbackReceiver=android.os.ResultReceiver@3d3dfc0 cs=ClientState{41ac129 mUid=10773 mPid=4070 mSelfReportedDisplayId=0} imeRequestedVisible=false
05-17 13:44:02.590 26756 27120 V InputMethodManagerService: setWindowStateInner, windowToken=android.os.BinderProxy@fecf491, state=ImeTargetWindowState{ softInputModeState STATE_UNSPECIFIED|ADJUST_RESIZE windowFlags: 81810180 imeFocusChanged true hasFocusedEditor false isStartInputByWindowGainFocus true toolType: 1 requestedImeVisible false requestImeToken null imeDisplayId 0}
05-17 13:44:02.590 26756 27120 V InputMethodManagerService: Unspecified window will hide input
05-17 13:44:02.590 26756 27120 I ImeTracker: com.ginit.app:6b580cf1: onRequestHide at ORIGIN_SERVER reason HIDE_UNSPECIFIED_WINDOW fromUser false
05-17 13:44:02.591 26756 27120 D SemInputMethodManagerServiceUtil: restorePreviousUsedInputMethod : failed to return the previous ime becuase the stored info is null or do not need restore
05-17 13:44:02.591 26756 27120 V InputMethodManagerService: semComputeImeDisplayIdForTarget: displayToShowIme=0
05-17 13:44:02.591 26756 27120 V InputMethodManagerService: Creating new accessibility sessions for client ClientState{41ac129 mUid=10773 mPid=4070 mSelfReportedDisplayId=0}
05-17 13:44:02.591 26756 27120 D InputMethodManagerService: isImeSwitcherDisabledPackage : false
05-17 13:44:02.591 26756 27120 D InputMethodManagerService: shouldShowImeSwitcherLocked : checking vis : 3
05-17 13:44:02.591 26756 27120 D InputMethodManagerService: checkDisplayOfStartInputAndUpdateKeyboard: displayId=0, mFocusedDisplayId=0
05-17 13:44:02.591 26756 27120 D InputTransport: Input channel constructed: 'ClientS', fd=1223
05-17 13:44:02.591 26756 27120 D InputTransport: Input channel destroyed: 'ClientS', fd=1223
05-17 13:44:02.591  4070  4237 D InputTransport: Input channel constructed: 'ClientS', fd=211
05-17 13:44:02.592 26756 27546 D RestrictionPolicy: isScreenCaptureEnabled : ret=true userId=0
05-17 13:44:02.592 26756 27546 I WindowManager: Cancelling animation restarting=true, leash=Surface(name=Surface(name=48bfbe5 InputMethod#107009)/@0x9ca6cc8 - animation-leash of insets_animation#123460)/@0x4acc542
05-17 13:44:02.592 26756 27546 I WindowManager: Reparenting to original parent: Surface(name=WindowToken{5b47bf0 type=2011 android.os.Binder@ae1dc33}#107007)/@0x3057161, destroy=false, surface=Surface(name=48bfbe5 InputMethod#107009)/@0x9ca6cc8
05-17 13:44:02.592 12407 12407 I InputMethodService: onNavButtonFlagsChanged: navButtonFlags=3 imeDrawsImeNavBar=true
05-17 13:44:02.592 26756 27546 I WindowManager: Reparenting to leash, surface=Surface(name=48bfbe5 InputMethod#107009)/@0x9ca6cc8, leashParent=Surface(name=WindowToken{5b47bf0 type=2011 android.os.Binder@ae1dc33}#107007)/@0x3057161
05-17 13:44:02.592  4070  4070 D InsetsController: hide(ime())
05-17 13:44:02.592  4070  4070 I ImeTracker: com.ginit.app:6b580cf1: onCancelled at PHASE_CLIENT_ALREADY_HIDDEN
05-17 13:44:02.592 12407 12407 I HBD     : HoneyBoardService onFinishInput 
05-17 13:44:02.592  2433  2515 I SurfaceFlinger: id=123464 createSurf, flag=24004, Surface(name=48bfbe5 InputMethod#107009)/@0x9ca6cc8 - animation-leash of insets_animation#123464
05-17 13:44:02.592 12407 12407 I HBD     : a IC have been unbinding,  RemoteInputConnection{idHash=#5cdecb}
05-17 13:44:02.592 12407 12407 I HBD     : HoneyBoardService [PF_CL][onFinishInput]  0 ms 
05-17 13:44:02.592 26756 27546 D WindowManager: makeSurface duration=0 leash=Surface(name=Surface(name=48bfbe5 InputMethod#107009)/@0x9ca6cc8 - animation-leash of insets_animation#123464)/@0x4e25a9f
05-17 13:44:02.592 26756 27546 D InsetsSourceProvider: updateControlForTarget: control=InsetsSourceControl: {3 mType=ime mSurfacePosition=Point(0, 140) mInsetsHint=Insets{left=0, top=0, right=0, bottom=1251}}, target=Window{38e7ff6 u0 com.ginit.app/com.ginit.app.MainActivity}, from=com.android.server.wm.ImeInsetsSourceProvider.updateControlForTarget:23 com.android.server.wm.InsetsStateController.onControlTargetChanged:82 com.android.server.wm.DisplayContent.updateImeControlTarget:48 com.android.server.wm.DisplayContent.updateImeInputAndControlTarget:273 com.android.server.wm.WindowManagerService$LocalService.updateImeTargetWindow:82 
05-17 13:44:02.592 26756 27546 I ImeTracker: system_server:896b6105: onRequestHide at ORIGIN_SERVER reason IME_REQUESTED_CHANGED_LISTENER fromUser false
05-17 13:44:02.592 12407 12407 W HBD     : a inputConnection will be used on unbinded state 
05-17 13:44:02.592 12407 12407 W HBD     : java.lang.Exception
05-17 13:44:02.592 12407 12407 W HBD     : 	at Y7.a.c(Unknown Source:26)
05-17 13:44:02.592 12407 12407 W HBD     : 	at Y7.a.getExtractedText(Unknown Source:20)
05-17 13:44:02.592 12407 12407 W HBD     : 	at A.c.f(Unknown Source:5)
05-17 13:44:02.592 12407 12407 W HBD     : 	at Me.a.a(Unknown Source:9)
05-17 13:44:02.592 12407 12407 W HBD     : 	at com.samsung.android.honeyboard.service.HoneyBoardService.onStartInput(Unknown Source:31)
05-17 13:44:02.592 12407 12407 W HBD     : 	at android.inputmethodservice.InputMethodService.doStartInput(InputMethodService.java:3859)
05-17 13:44:02.592 12407 12407 W HBD     : 	at android.inputmethodservice.InputMethodService$InputMethodImpl.startInput(InputMethodService.java:857)
05-17 13:44:02.592 12407 12407 W HBD     : 	at android.inputmethodservice.InputMethodService$InputMethodImpl.dispatchStartInput(InputMethodService.java:888)
05-17 13:44:02.592 12407 12407 W HBD     : 	at android.inputmethodservice.IInputMethodWrapper.executeMessage(IInputMethodWrapper.java:205)
05-17 13:44:02.592 12407 12407 W HBD     : 	at com.android.internal.os.HandlerCaller$MyHandler.handleMessage(HandlerCaller.java:44)
05-17 13:44:02.592 12407 12407 W HBD     : 	at android.os.Handler.dispatchMessage(Handler.java:132)
05-17 13:44:02.592 12407 12407 W HBD     : 	at android.os.Looper.dispatchMessage(Looper.java:358)
05-17 13:44:02.592 12407 12407 W HBD     : 	at android.os.Looper.loopOnce(Looper.java:288)
05-17 13:44:02.592 12407 12407 W HBD     : 	at android.os.Looper.loop(Looper.java:392)
05-17 13:44:02.592 12407 12407 W HBD     : 	at android.app.ActivityThread.main(ActivityThread.java:10343)
05-17 13:44:02.592 12407 12407 W HBD     : 	at java.lang.reflect.Method.invoke(Native Method)
05-17 13:44:02.592 12407 12407 W HBD     : 	at com.android.internal.os.RuntimeInit$MethodAndArgsCaller.run(RuntimeInit.java:605)
05-17 13:44:02.592 12407 12407 W HBD     : 	at com.android.internal.os.ZygoteInit.main(ZygoteInit.java:972)
05-17 13:44:02.593 26756 26851 V InputMethodManagerService: Client requesting input be hidden
05-17 13:44:02.593 26756 26851 V InputMethodManagerService: setWindowStateInner, windowToken=android.os.BinderProxy@fecf491, state=ImeTargetWindowState{ softInputModeState STATE_UNSPECIFIED|ADJUST_RESIZE windowFlags: 81810180 imeFocusChanged true hasFocusedEditor false isStartInputByWindowGainFocus true toolType: 1 requestedImeVisible false requestImeToken android.os.Binder@1f737ec imeDisplayId 0}
05-17 13:44:02.593 26756 26851 I ImeTracker: system_server:896b6105: onCancelled at PHASE_SERVER_SHOULD_HIDE
05-17 13:44:02.593 26756 26851 V InputMethodManagerService: hideCurrentInputLocked : canceled, shouldHideSoftInput=false, mInputShown=false, mImeWindowVis=0
05-17 13:44:02.593 12407 12407 I HBD     : a extractedText.isEmpty() true, isPackageMatched():false boardConfig.keyboardBodyVisibility:true editorFieldType:UNKNOWN 
05-17 13:44:02.593 12407 12407 I HBD     : a extractedText skip, update invalid field type 
05-17 13:44:02.593 12407 12407 I HBD     : HoneyBoardService [IMI] onStartInput - caller pid : 4070 , caller uid : 10773 
05-17 13:44:02.593 12407 12407 I HBD     : r updateConfigs 
05-17 13:44:02.593 12407 12407 I HBD     : r isEnabledNightMode : false 
05-17 13:44:02.593 12407 12407 I HBD     : a IC have been binding, RemoteInputConnection{idHash=#5cdecb} 
05-17 13:44:02.593 12407 12407 I HBD     : g [EditorInputType]setPrivateImeOptionsToTable privateImeOptions ( null )
05-17 13:44:02.593 12407 12407 I HBD     : b incognitoMode : false 
05-17 13:44:02.593 12407 12407 I HBD     : e needOff = true , isForceOff = false, isNullInputClass : true 
05-17 13:44:02.593 12407 12407 I HBD     : g getDefaultInputRange : UNKNOWN 
05-17 13:44:02.593 12407 12407 I HBD     : g getDefaultInputRange : UNKNOWN 
05-17 13:44:02.593 12407 12407 I HBD     : g getDefaultInputRange : UNKNOWN 
05-17 13:44:02.593 12407 12407 I HBD     : f [AiWriter] isChildBlockCase:
05-17 13:44:02.593 23425 32204 I SamsungAccount: [AccountManagerProvider] isChildAccount
05-17 13:44:02.594 23425 32204 I SamsungAccount: [AccountManagerProvider] Calling package : android.honeyboard.
05-17 13:44:02.594  2433  2433 I SurfaceFlinger: [Surface(name=48bfbe5 InputMethod#107009)/@0x9ca6cc8 - animation-leash of insets_animation#123464] attach to parent LayerHierarchy{RequestedLayerState{WindowToken{5b47bf0 type=2011 android.os.Binder@ae1dc33}#107007 parentId=106850} 2 children}
05-17 13:44:02.596 23425 32204 I SamsungAccount: [SignatureInfoDbHelper] searchOnUser(fromDb) - [10/lfgff][android.honeyboard.][64/3291d] => matched
05-17 13:44:02.596 23425 32204 I SamsungAccount: [AccountManagerProvider] This is the access of the allowed application
05-17 13:44:02.596 23425 32204 I SamsungAccount: [AccountManagerUtil] isSamsungAccountSignedIn : true
05-17 13:44:02.597 23425 32204 I SamsungAccount: [TPMU]  SIMState     :SIM_STATE_READY
05-17 13:44:02.597 23425 32204 I SamsungAccount: [CountryCodeUtil] isChinaCountryCode : false
05-17 13:44:02.597 23425 32204 I SamsungAccount: [TPMU] getMccFromUsim
05-17 13:44:02.597 23425 32204 I SamsungAccount: [MccManager] saveMccToPreference Start
05-17 13:44:02.597 23425 32204 I SamsungAccount: [MccManager] saveMccToPreference, mcc is same with previous mcc
05-17 13:44:02.598 23425 32204 I SamsungAccount: [ChildAccountSupportedListManager] getSupportedListFromLocal from cache
05-17 13:44:02.598 23425 32204 I SamsungAccount: [TPMU]  SIMState     :SIM_STATE_READY
05-17 13:44:02.598 23425 32204 I SamsungAccount: [CountryCodeUtil] isChinaCountryCode : false
05-17 13:44:02.598 23425 32204 I SamsungAccount: [TPMU] getMccFromUsim
05-17 13:44:02.598 23425 32204 I SamsungAccount: [MccManager] saveMccToPreference Start
05-17 13:44:02.598 23425 32204 I SamsungAccount: [MccManager] saveMccToPreference, mcc is same with previous mcc
05-17 13:44:02.598 23425 32204 I SamsungAccount: [FamilyGroupUtil] meetKoreaCountryCondition(beforeSignUp=false): true
05-17 13:44:02.599 23425 32204 I SamsungAccount: [TPMU]  SIMState     :SIM_STATE_READY
05-17 13:44:02.599 23425 32204 I SamsungAccount: [CountryCodeUtil] isChinaCountryCode : false
05-17 13:44:02.599 23425 32204 I SamsungAccount: [TPMU] getMccFromUsim
05-17 13:44:02.599 23425 32204 I SamsungAccount: [MccManager] saveMccToPreference Start
05-17 13:44:02.599 23425 32204 I SamsungAccount: [MccManager] saveMccToPreference, mcc is same with previous mcc
05-17 13:44:02.599 23425 32204 I SamsungAccount: [FamilyGroupUtil] meetKoreaOneUiCondition: true
05-17 13:44:02.599 23425 32204 I SamsungAccount: [FamilyGroupUtil] isSupportFamilyService: true
05-17 13:44:02.599 23425 32204 I SamsungAccount: [AccountManagerUtil] isSamsungAccountSignedIn : true
05-17 13:44:02.599 23425 32204 I SamsungAccount: [ChildAccount] isChildAccount : false
05-17 13:44:02.599 23425 32204 I SamsungAccount: [AccountManagerProvider] makeResultBundle - resultCode : 0
05-17 13:44:02.599 12407 12407 I HBD     : f [AiWriter] isChildAccount:false
05-17 13:44:02.600 12407 12407 I HBD     : e needOff = true , isForceOff = false, isNullInputClass : true 
05-17 13:44:02.600 12407 12407 I HBD     : e update cached prediction status : false 
05-17 13:44:02.600 12407 12407 I HBD     : g getDefaultInputRange : UNKNOWN 
05-17 13:44:02.600 12407 12407 I HBD     : g getDefaultInputRange : UNKNOWN 
05-17 13:44:02.600 12407 12407 I HBD     : a currentState : 0 
05-17 13:44:02.600 26756 27546 D SecContentProvider: query(), uri = 17 selection = isSettingsChangesAllowed
05-17 13:44:02.600 26756 27546 D SecContentProvider: called from android.uid.honeyboard:10201
05-17 13:44:02.600 26756 27546 D RestrictionPolicy: isSettingsChangesAllowedAsUser, userId 0 : true
05-17 13:44:02.600 26756 27546 D SecContentProvider: query(), uri = 17 selection = isSettingsChangesAllowed
05-17 13:44:02.600 26756 27546 D SecContentProvider: called from android.uid.honeyboard:10201
05-17 13:44:02.600 26756 27546 D RestrictionPolicy: isSettingsChangesAllowedAsUser, userId 0 : true
05-17 13:44:02.600 12407 12407 I HBD     : a [UpdatePolicy] [post] a: 0 cl: 4521984 kit: [0/0] vt: 0 ir: 1 
05-17 13:44:02.600 12407 23319 I HBD     : o updated Sub Types. Korean 
05-17 13:44:02.600 12407 12407 I HBD     : a [NRIC] resetNoResponseState 
05-17 13:44:02.600 12407 12407 I HBD     : e needOff = true , isForceOff = false, isNullInputClass : true 
05-17 13:44:02.600 12407 12407 I HBD     : e update cached prediction status : false 
05-17 13:44:02.600 12407 12407 I HBD     : f init 
05-17 13:44:02.600 12407 12407 I HBD     : b [AiWriter] setContact : com.ginit.app
05-17 13:44:02.600 12407 12407 I HBD     : [HitRate] b clear candidateHistory 
05-17 13:44:02.600 12407 12407 I HBD     : [SwypeStatistics] c setOnEdit : false 
05-17 13:44:02.600 12407 12407 I HBD     : [SwypeStatistics] c clear swypeHistory 
05-17 13:44:02.600 12407 12407 I HBD     : d onStartInput 
05-17 13:44:02.601 12407  5120 I HBD     : a InputMethodSubtype is set as local:ko 
05-17 13:44:02.601 12407 12407 I HBD     : HoneyBoardService [PF_OP][onStartInput]  9 ms 
05-17 13:44:02.601 26756 26756 I InputMethodManagerService: subtype state: oldSubtype = android.view.inputmethod.InputMethodSubtype@450000 newSubtype = android.view.inputmethod.InputMethodSubtype@450000 force = false, intent received : false
05-17 13:44:02.601 12407 12407 I HBD     : [DirectWriting] DirectWriting emitInputConnection : RemoteInputConnection{idHash=#5cdecb} 
05-17 13:44:02.602  2433  2433 I SurfaceFlinger: RequestedLayer [Surface(name=48bfbe5 InputMethod#107[...]ion-leash of insets_animation#123464] hidden!! flag  from(1) --> to(0)
05-17 13:44:02.602  2433  2433 E SurfaceFlinger: alpha changed 1.000 -> 0.000 - Surface(name=48bfbe5 InputMethod#107009)/@0x9ca6cc8 - animation-leash of insets_animation#123464
05-17 13:44:02.602  2433  2433 I SurfaceFlinger: [LayerHierarchy{RequestedLayerState{ImeContainer#106850 parentId=123440 relativeParentId=123445 z=1} 1 children}] RelativeParent to LayerHierarchy{RequestedLayerState{38e7ff6 com.ginit.app/com.ginit.app.MainActivity#123445 parentId=123440} 2 children}
05-17 13:44:02.602  2433  2433 I SurfaceFlinger: [LayerHierarchy{RequestedLayerState{48bfbe5 InputMethod#107009 parentId=123464} no children}] reparent to LayerHierarchy{RequestedLayerState{Surface(name=48bfbe5 InputMethod#107009)/@0x9ca6cc8 - animation-leash of insets_animation#123464 parentId=107007} 1 children}
05-17 13:44:02.602  2433  2433 I SurfaceFlinger: [LayerHierarchy{RequestedLayerState{Surface(name=48bfbe5 InputMethod#107009)/@0x9ca6cc8 - animation-leash of insets_animation#123460} no children}] reparent to OffscreenRoot
05-17 13:44:02.602  2433  2433 I SurfaceFlinger: [LayerHierarchy{RequestedLayerState{Surface(name=48bfbe5 InputMethod#107009)/@0x9ca6cc8 - animation-leash of insets_animation#123460} no children}] RelativeParent to null
05-17 13:44:02.603  2433  2515 I SurfaceFlinger: id=123460 Removed Surface(name=48bfbe5 InputMethod#107009)/@0x9ca6cc8 - animation-leash of insets_animation#123460 (216)
05-17 13:44:02.604 12407 12407 I InputMethodService: scheduleImeSurfaceRemoval: removeImeSurface is posted.
05-17 13:44:02.611  2433  2433 I SurfaceFlinger: destroyed Surface(name=48bfbe5 InputMethod#107009)/@0x9ca6cc8 - animation-leash of insets_animation#123460 form LifecycleManager
05-17 13:44:02.611  2433  2433 I SurfaceFlinger: id=123460 onLayerDestroyed from LayerHierarchyBuilder(RequestedLayerState{Surface(name=48bfbe5 InputMethod#107009)/@0x9ca6cc8 - animation-leash of insets_animation#123460 !handle})
05-17 13:44:02.611  2433  2433 I SurfaceFlinger: id=123460 Destroyed Surface(name=48bfbe5 InputMethod#107009)/@0x9ca6cc8 - animation-leash of insets_animation#123460
05-17 13:44:02.700 26756 26849 I GestureDetector: handleMessage TAP
05-17 13:44:02.701 26756 26756 I GestureDetector: handleMessage TAP
05-17 13:44:02.761 26756 26852 I WindowManager: Reparenting to original parent: Surface(name=ActivityRecord{220589377 u0 com.ginit.app/.MainActivity t11458}#123440)/@0xcc82168, destroy=true, surface=Surface(name=5f86fc7 com.ginit.app/com.ginit.app.MainActivity#123455)/@0xfd479db
05-17 13:44:02.762 26756 26852 E WindowManager: win=Window{5f86fc7 u0 com.ginit.app/com.ginit.app.MainActivity EXITING} destroySurfaces: appStopped=false cleanupOnResume=false win.mWindowRemovalAllowed=true win.mRemoveOnExit=true win.mViewVisibility=0 caller=com.android.server.wm.WindowState.onExitAnimationDone:224 com.android.server.wm.WindowState.onAnimationFinished:161 com.android.server.wm.WindowContainer$$ExternalSyntheticLambda8.onAnimationFinished:3 com.android.server.wm.SurfaceAnimator$$ExternalSyntheticLambda0.onAnimationFinished:69 com.android.server.wm.LocalAnimationAdapter$$ExternalSyntheticLambda0.run:10 android.os.Handler.handleCallback:1070 android.os.Handler.dispatchMessage:125 
05-17 13:44:02.767  2317  5031 I sensors-hal: handle_sns_client_event:366, [0][16] mag_sample_cal(magcal_available:1): ts=774413106251157 ns; cal = [37.857590, -8.831618, -44.691071], uncal = [50.637588, -56.831618, 38.468925], bias = [12.780000, -48.000000, 83.159996], status=0, cal_id=2
05-17 13:44:02.769  2433  2433 E SurfaceFlinger: alpha changed 0.078 -> 0.000 - Surface(name=5f86fc7 com.ginit.app/com.ginit.app.MainActivity#123455)/@0xfd479db - animation-leash of window_animation#123461
05-17 13:44:02.769  2433  2433 I SurfaceFlinger: [LayerHierarchy{RequestedLayerState{com.ginit.app/com.ginit.app.MainActivity$_4070#123456} no children}] reparent to OffscreenRoot
05-17 13:44:02.769  2433  2433 I SurfaceFlinger: [LayerHierarchy{RequestedLayerState{com.ginit.app/com.ginit.app.MainActivity$_4070#123456} no children}] RelativeParent to null
05-17 13:44:02.770  2433  2433 D SurfaceFlinger: Display 4630947077158959251 HWC layers:
05-17 13:44:02.770  2433  2433 D SurfaceFlinger:        DEVICE |           17480516894720 | 00002102 | RGBA_8888    |    0.0    0.0 1440.0 3120.0 |    0    0 1440 3120 | com.ginit.app/com.ginit.app.MainActivity$_4070#123446 (6680)
05-17 13:44:02.770  2433  2433 D SurfaceFlinger:        DEVICE |          119752278163061 | 00002100 | RGBA_8888    |    0.0    0.0 1440.0  140.0 |    0    0 1440  140 | StatusBar$_27882#106936 (33657)
05-17 13:44:02.770  2433  2433 D SurfaceFlinger:        DEVICE |          119752278163060 | 00002100 | RGBA_8888    |    0.0    0.0 1440.0  180.0 |    0 2940 1440 3120 | NavigationBar0$_27882#106932 (34564)
05-17 13:44:02.770  2433  2433 D SurfaceFlinger: 
05-17 13:44:02.777  2433  2433 I SurfaceFlinger: [Display 0 name="기본으로 제공되는 화면"#106876] setFrameRateCategory: Default
05-17 13:44:02.777  2433  2433 I SurfaceFlinger: RequestedLayer [com.ginit.app/com.ginit.app.MainActivity$_4070#123456] hidden!! flag  from(0) --> to(1)
05-17 13:44:02.777  2433  2433 I SurfaceFlinger: [LayerHierarchy{RequestedLayerState{5f86fc7 com.ginit.app/com.ginit.app.MainActivity#123455 z=1} no children}] reparent to OffscreenRoot
05-17 13:44:02.777  2433  2433 I SurfaceFlinger: [LayerHierarchy{RequestedLayerState{5f86fc7 com.ginit.app/com.ginit.app.MainActivity#123455 z=1} no children}] RelativeParent to null
05-17 13:44:02.777  2433  2433 I SurfaceFlinger: [LayerHierarchy{RequestedLayerState{Surface(name=5f86fc7 com.ginit.app/com.ginit.app.MainActivity#123455)/@0xfd479db - animation-leash of window_animation#123461 z=1} no children}] reparent to OffscreenRoot
05-17 13:44:02.777  2433  2433 I SurfaceFlinger: [LayerHierarchy{RequestedLayerState{Surface(name=5f86fc7 com.ginit.app/com.ginit.app.MainActivity#123455)/@0xfd479db - animation-leash of window_animation#123461 z=1} no children}] RelativeParent to null
05-17 13:44:02.778  2433  2433 I SurfaceFlinger: id=123456 Removed com.ginit.app/com.ginit.app.MainActivity$_4070#123456 (215)
05-17 13:44:02.778  2433  2433 I SurfaceFlinger: id=123461 Removed Surface(name=5f86fc7 com.ginit.app/com.ginit.app.MainActivity#123455)/@0xfd479db - animation-leash of window_animation#123461 (215)
05-17 13:44:02.778  2433  2433 I SurfaceFlinger: id=123455 Removed 5f86fc7 com.ginit.app/com.ginit.app.MainActivity#123455 (215)
05-17 13:44:02.778 26756 26851 D LocalDisplayAdapter: updateActiveModeLocked for d=4630947077158959251, mActiveModeId=1, mActiveSfDisplayMode=DisplayMode{id=0, width=1440, height=3120, xDpi=501.0411, yDpi=498.4151, peakRefreshRate=120.00001, vsyncRate=240.00005, appVsyncOffsetNanos=8333111, presentationDeadlineNanos=9333444, supportedHdrTypes=[4, 2, 3], group=0}
05-17 13:44:02.779 26756 26851 I DisplayDeviceRepository: Display device changed render timings: "기본으로 제공되는 화면", renderFrameRate=120.00002, presentationDeadlineNanos=9333443, appVsyncOffsetNanos=8333111, frameRateOverrides=[]
05-17 13:44:02.780 27882 27882 D DisplayLifecycle: updateDisplay id = 0
05-17 13:44:02.780 26756 27546 D WifiDisplayAdapter: isFitToActiveDisplayLocked : false
05-17 13:44:02.780 27882 28209 D StackScroller: onDisplayChanged for predraw skip to 2
05-17 13:44:02.786  2433  2433 I SurfaceFlinger: destroyed 5f86fc7 com.ginit.app/com.ginit.app.MainActivity#123455 form LifecycleManager
05-17 13:44:02.786  2433  2433 I SurfaceFlinger: destroyed Surface(name=5f86fc7 com.ginit.app/com.ginit.app.MainActivity#123455)/@0xfd479db - animation-leash of window_animation#123461 form LifecycleManager
05-17 13:44:02.786  2433  2433 I SurfaceFlinger: destroyed com.ginit.app/com.ginit.app.MainActivity$_4070#123456 form LifecycleManager
05-17 13:44:02.786  2433  2433 I SurfaceFlinger: id=123455 onLayerDestroyed from LayerHierarchyBuilder(RequestedLayerState{5f86fc7 com.ginit.app/com.ginit.app.MainActivity#123455 !handle z=1})
05-17 13:44:02.786  2433  2433 I SurfaceFlinger: id=123461 onLayerDestroyed from LayerHierarchyBuilder(RequestedLayerState{Surface(name=5f86fc7 com.ginit.app/com.ginit.app.MainActivity#123455)/@0xfd479db - animation-leash of window_animation#123461 !handle z=1})
05-17 13:44:02.786  2433  2433 I SurfaceFlinger: id=123456 onLayerDestroyed from LayerHierarchyBuilder(RequestedLayerState{com.ginit.app/com.ginit.app.MainActivity$_4070#123456 !handle})
05-17 13:44:02.786  2433  2433 I SurfaceFlinger: id=123455 Destroyed 5f86fc7 com.ginit.app/com.ginit.app.MainActivity#123455
05-17 13:44:02.786  2433  2433 I SurfaceFlinger: id=123461 Destroyed Surface(name=5f86fc7 com.ginit.app/com.ginit.app.MainActivity#123455)/@0xfd479db - animation-leash of window_animation#123461
05-17 13:44:02.786  2433  2433 I SurfaceFlinger: id=123456 Destroyed com.ginit.app/com.ginit.app.MainActivity$_4070#123456
05-17 13:44:02.790  2317 12980 I sensors-hal: handle_sns_client_event:354, [0][4037457] accel_sample [ 0.008,  8.603,  4.677] 774413198943813
05-17 13:44:02.863 26756 27546 W PackageConfigPersister: App-specific configuration not found for packageName: com.ginit.app and userId: 0
05-17 13:44:02.961  2423  2566 D HeatmapThread: ECT: FG batch read OK, samples=10
05-17 13:44:02.962  2423  2566 D HeatmapThread: ECT: running ectMain for 10 samples
05-17 13:44:02.969  2423  2566 D HeatmapThread: Heatmap currtime: 29649883 , prevtime: 29649877 , plugstarttime: 29649793 , prevv_dsoh_update_time: 29649883
05-17 13:44:02.970  2423  2566 D HeatmapThread: cam(heatmap) updating
05-17 13:44:02.970  2423  2566 D HeatmapThread: ECT: process_fg_batch_and_run_ect start
05-17 13:44:03.042 17837  5119 W adbd    : timed out while waiting for FUNCTIONFS_BIND, trying again
05-17 13:44:03.042 17837  5119 I adbd    : UsbFfs: connection terminated: monitor thread finished
05-17 13:44:03.043  1182  1182 D io_stats: !@   8,0 r 99942228 2852347312 w 26495502 468184692 d 3349585 515613848 f 518340 2822525 iot 7637636 0 th 0 0 0 pt 0 inp 0 0 579984.831
05-17 13:44:03.056 17837 17848 I adbd    : opening control endpoint /dev/usb-ffs/adb/ep0
05-17 13:44:03.061  2290 30511 I vendor.qti.bluetooth@1.0-ibs_handler: ProcessIbsCmd: Received IBS_WAKE_IND: 0xFD
05-17 13:44:03.061  2290 30511 D vendor.qti.bluetooth@1.0-ibs_handler: SerialClockVote: vote for UART CLK ON
05-17 13:44:03.061  2290 30511 D vendor.qti.bluetooth@1.0-wake_lock: Acquire wakelock is acquired 
05-17 13:44:03.061  2290 30511 I vendor.qti.bluetooth@1.0-ibs_handler: ProcessIbsCmd: Writing IBS_WAKE_ACK
05-17 13:44:03.066 26756 27344 W PackageConfigPersister: App-specific configuration not found for packageName: com.ginit.app and userId: 0
05-17 13:44:03.069 27963 30598 I ScanController: onScanResult to scannerId: 3- eventType=0x1b, addressType=1, address=XX:XX:XX:XX:58:31, primaryPhy=1, secondaryPhy=0, advertisingSid=0xff, txPower=127, rssi=-68, periodicAdvInt=0x0
05-17 13:44:03.074 26379 26841 I thermal_core: pivot(AP) : 404, skin : 367
05-17 13:44:03.074 26379 26841 I vendor.samsung.hardware.thermal-service: index = 36.000000
05-17 13:44:03.074 26379 26841 I vendor.samsung.hardware.thermal-service: 2 / 2
05-17 13:44:03.092 26357 21414 D AHAL_ModulePrimary_QTI: getVendorParameters: id count: 1
05-17 13:44:03.092 26357 21414 D AHAL_SecModulePrimary: onGetSECGenericParameters get temperature for g_hw_speaker_amp_temp_rcv: 0
05-17 13:44:03.092 26357 21414 D AHAL_ModulePrimary_QTI: getVendorParameters: id count: 1
05-17 13:44:03.092 26357 21414 D AHAL_SecModulePrimary: onGetSECGenericParameters get temperature for g_hw_speaker_amp_temp_spk: 0
05-17 13:44:03.093 26756 26851 D SGM:GameManager: identifyForegroundApp. com.ginit.app, mCurrentUserId: 0, callerUserId: 0
05-17 13:44:03.093 26756 26851 D SGM:SemGameManager: isForegroundGame(), ret=false
05-17 13:44:03.093 29115 30194 I SDHMS:x : SIOP:: AP:404 BAT:345 USB:332 CHG:388 PA:399 WIFI:393 CF:372 BLK:0 SUBBAT:0 LRPTHM:361 SKIN:367 SKINF:358 SKINB:367 LRP:367 LRF:358 LRB:367 APT:358 APR:367 RCV:354 SPK:330 CHGF:357 CHGR:365 MEMF:356 MEMR:366 WIFIF:356 WIFIR:366 UPSPK:364 DNSPK:329 VAP:399 VWIFI:391 AMB2:280 HIGH:0 NNP:347 OOD:13 AVGCUR:-10 POWER:-42
05-17 13:44:03.094 29115 30194 I AudioManager: setParameters keyValuePairs = g_hw_speaker_amp_temp_spk=33
05-17 13:44:03.094 26350  1797 D AudioFlinger: setParameters: filtered dev setParameters keyvalue g_hw_speaker_amp_temp_spk=33
05-17 13:44:03.094 26357 21414 D AHAL_SecModulePrimary: processSetVendorParameters: configured g_hw_speaker_amp_temp_spk
05-17 13:44:03.094 26357 21414 D AHAL_SecModulePrimary: processSetVendorParameters: handler set on Feature:0
05-17 13:44:03.094 26357 21414 D AHAL_SecModulePrimary: onSetSECGenericParameters set temperature for g_hw_speaker_amp_temp_spk: 33
05-17 13:44:03.094 26357 21414 I PAL: API: pal_set_param: 1406: Enter: param id 3002
05-17 13:44:03.094 26357 21414 I PAL: ResourceManager: getActiveStream_l: 4510: no active streams found for device 3 ret -2
05-17 13:44:03.095 26350  1797 E DeviceHalAidl: Function: parseAndSetVendorParameters Line: 414 Failed 
05-17 13:44:03.095 26350  1797 E DeviceHalAidl: Function: parseAndSetVendorParameters Line: 414 Failed 
05-17 13:44:03.095 29115 30194 I AudioManager: setParameters keyValuePairs = g_hw_speaker_amp_temp_rcv=35
05-17 13:44:03.096 26350  1797 D AudioFlinger: setParameters: filtered dev setParameters keyvalue g_hw_speaker_amp_temp_rcv=35
05-17 13:44:03.096 26357 21414 D AHAL_SecModulePrimary: processSetVendorParameters: configured g_hw_speaker_amp_temp_rcv
05-17 13:44:03.096 26357 21414 D AHAL_SecModulePrimary: processSetVendorParameters: handler set on Feature:0
05-17 13:44:03.096 26357 21414 D AHAL_SecModulePrimary: onSetSECGenericParameters set temperature for g_hw_speaker_amp_temp_rcv: 35
05-17 13:44:03.096 26357 21414 I PAL: API: pal_set_param: 1406: Enter: param id 3001
05-17 13:44:03.096 26357 21414 I PAL: ResourceManager: getActiveStream_l: 4510: no active streams found for device 3 ret -2
05-17 13:44:03.096 26350  1797 E DeviceHalAidl: Function: parseAndSetVendorParameters Line: 414 Failed 
05-17 13:44:03.096 26350  1797 E DeviceHalAidl: Function: parseAndSetVendorParameters Line: 414 Failed 
05-17 13:44:03.097 29115 29367 I n2      : limitCPUFreq:: freq = 4396800
05-17 13:44:03.097 29115 29367 I SemDvfsHyPerManager: acquire hyper - SIOP_ARM_MAX/29115@3, type = 301993986
05-17 13:44:03.097 26373 26412 I HYPER-HAL: [RequestManager.cpp]acquire(): Acquired ID : 423943524 [29115 / 3]  HINT :     list : [CPUMaxFreq / 4396800] 
05-17 13:44:03.105 12407 12407 I InputMethodService: removeImeSurface
05-17 13:44:03.105 12407 12407 I InputMethodService: cancelImeSurfaceRemoval: removeCallbacks
05-17 13:44:03.110  2290 30511 I vendor.qti.bluetooth@1.0-ibs_handler: ProcessIbsCmd: Received IBS_SLEEP_IND: 0xFE
05-17 13:44:03.110  2290 30511 D vendor.qti.bluetooth@1.0-ibs_handler: SerialClockVote: vote for UART CLK OFF
05-17 13:44:03.115  2363  2933 I StatsHandler: [avcD_33] Stats: Pending(0) i/p-done(0) Works: Q: 95/Done 86|Work-Rate: Q(0.0/s Avg=0.0/s) Done(0.000/s Avg=0.004/s)| Stream: 24.00fps 1.3Mbps
05-17 13:44:03.116  2363  2933 I StatsHandler: [avcD_33] Mem-usage:  [In-1D: 12 bufs 96.000 MB] [1D-3511: 32 bufs 0.500 MB] [2D-3512: 16 bufs 22.750 MB] | Total: 119.250 MB
05-17 13:44:03.175 26756 27997 D NetdEventListenerService: CSC Feature value: true
05-17 13:44:03.175 26756 27997 D NetdEventListenerService: CSC Feature value: true
05-17 13:44:03.176 26756 27418 D NetdEventListenerService: DNS Requested by 119, 10741(com.tmoney.manager), SUCCESS, 0ms
05-17 13:44:03.208 26756 27393 W PackageConfigPersister: App-specific configuration not found for packageName: com.ginit.app and userId: 0
05-17 13:44:03.212 26756 27393 D SemWifiSwitchForIndividualAppsService: isSkipNetworkCondition - result:2
05-17 13:44:03.219 17837 17837 I adbd    : New TLS connection [fd=35]
05-17 13:44:03.219 17837  5134 I adbd    : host-35: connection terminated: read failed
05-17 13:44:03.260  2290 28616 D vendor.qti.bluetooth@1.0-wake_lock: Release wakelock is released 
05-17 13:44:03.308 26756 26932 D BatteryExternalStatsWorker: update stats : procstate-change (10)
05-17 13:44:03.308 26756 26932 D BatteryExternalStatsWorker: Fetch WiFi data
05-17 13:44:03.308 26756 26932 D BatteryExternalStatsWorker: Update Rail Energy data
05-17 13:44:03.317 26756 26932 D BatteryExternalStatsWorker: mStats lock released
05-17 13:44:03.321 26756 26932 D BatteryExternalStatsWorker: Update wifi state
05-17 13:44:03.321 26756 26932 D BatteryExternalStatsWorker: done updateExternalStatsLocked
05-17 13:44:03.366 26756 27997 W PackageConfigPersister: App-specific configuration not found for packageName: com.ginit.app and userId: 0
05-17 13:44:03.444 26756 30953 I AppSearchIcing: icing-search-engine.cc:2486: Persisting data to disk with mode 3
05-17 13:44:03.455 26756 30953 I AppSearchIcing: icing-search-engine.cc:2501: PersistToDisk completed.
05-17 13:44:03.466  4042  4168 I LPAPSH  : STOP SmpInitializer: com.samsung.euicc.push.SmpInitializer$1@7195f35                                [at com.samsung.euicc.push.SmpInitializer$1.run(SmpInitializer$1.java:91)]
05-17 13:44:03.466  4042  4168 I LPAPSH  : quitSafely                                                                                          [at com.samsung.euicc.push.SmpInitializer$1.run(SmpInitializer$1.java:105)]
05-17 13:44:03.501  4042  4042 I SLPASVC : From Client: DisconnectRequest (-1146534185, com.samsung.euicc)                                     [at com.samsung.euicc.lpaService.worker.RxHandler.preProcessRequest(RxHandler.java:281)]
05-17 13:44:03.501  4042  4042 E SLPASVC : disconnect key: -1146534185                                                                         [at com.samsung.euicc.lpaService.worker.RxHandler.preProcessRequest(RxHandler.java:298)]
05-17 13:44:03.501  4042  4042 I SLPASVC : 1348482573 : connected!!                                                                            [at com.samsung.euicc.lpaService.worker.RxHandler.isConnected(RxHandler.java:496)]
05-17 13:44:03.502  4042  4042 I SLPASVC : To Client: DisconnectResponse                                                                       [at com.samsung.euicc.lpaService.worker.RxHandler.sendToClient(RxHandler.java:397)]
05-17 13:44:03.503  4042  4160 I LpaConnector: LpaConnectedState::exit()                                                                           [at com.samsung.euicc.internal.lib.lpa.LpaConnector$LpaConnectedState.exit(LpaConnector$LpaConnectedState.java:390)]
05-17 13:44:03.504 27476 27518 D EuiccConnector: handleMessage: E msg.what=3
05-17 13:44:03.504 27476 27518 D EuiccConnector: processMsg: ConnectedState
05-17 13:44:03.505  4042  4042 I SLPASVC : EuiccServiceImpl.onUnbind()                                                                         [at com.samsung.euicc.service.EuiccServiceImpl.onUnbind(EuiccServiceImpl.java:209)]
05-17 13:44:03.505  4042  4042 I SLPASVC : To Service : DisconnectRequest                                                                      [at com.samsung.euicc.service.EuiccServiceImpl.sendToService(EuiccServiceImpl.java:168)]
05-17 13:44:03.505 27476 27518 D EuiccConnector: transitionTo: destState=AvailableState
05-17 13:44:03.505 27476 27518 D EuiccConnector: handleMessage: new destination call exit/enter
05-17 13:44:03.505 27476 27518 D EuiccConnector: setupTempStateStackWithStatesToEnter: X mTempStateStackCount=2,curStateInfo: null
05-17 13:44:03.505 27476 27518 D EuiccConnector: invokeExitMethods: ConnectedState
05-17 13:44:03.506 27476 27518 D EuiccConnector: invokeExitMethods: DisconnectedState
05-17 13:44:03.506 27476 27518 D EuiccConnector: moveTempStackToStateStack: i=1,j=0
05-17 13:44:03.506 27476 27518 D EuiccConnector: moveTempStackToStateStack: i=0,j=1
05-17 13:44:03.506 27476 27518 D EuiccConnector: moveTempStackToStateStack: X mStateStackTop=1,startingIndex=0,Top=AvailableState
05-17 13:44:03.506 27476 27518 D EuiccConnector: invokeEnterMethods: UnavailableState
05-17 13:44:03.506 27476 27518 D EuiccConnector: invokeEnterMethods: AvailableState
05-17 13:44:03.506 27476 27518 D EuiccConnector: handleMessage: X
05-17 13:44:03.506  4042  4042 I SLPASVC : From Client: DisconnectRequest (1348482573, com.samsung.euicc)                                      [at com.samsung.euicc.lpaService.worker.RxHandler.preProcessRequest(RxHandler.java:281)]
05-17 13:44:03.506  4042  4042 E SLPASVC : disconnect key: 1348482573                                                                          [at com.samsung.euicc.lpaService.worker.RxHandler.preProcessRequest(RxHandler.java:298)]
05-17 13:44:03.506  4042  4042 E SLPASVC : To Client messenger is NULL                                                                         [at com.samsung.euicc.lpaService.worker.RxHandler.sendToClient(RxHandler.java:380)]
05-17 13:44:03.506  4042  4042 I SLPASVC : onUnbind                                                                                            [at com.samsung.euicc.lpaService.LpaService.onUnbind(LpaService.java:185)]
05-17 13:44:03.506  4042  4042 I SLPASVC : no busy worker. stop foreground                                                                     [at com.samsung.euicc.lpaService.LpaServiceHandler.checkStopCondition(LpaServiceHandler.java:119)]
05-17 13:44:03.506  4042  4042 W SLPASVC : updateFreeNvMemorySize                                                                              [at com.samsung.euicc.lpaService.LpaService.updateFreeNvMemorySize(LpaService.java:271)]
05-17 13:44:03.507  4042  4042 I SLPASVC : Es10Factory.create(): 1                                                                             [at com.samsung.euicc.lpaService.gsma.phase2.es10.Es10Factory.create(Es10Factory.java:50)]
05-17 13:44:03.507  4042  4042 I SLPASVC : create MEP A1                                                                                       [at com.samsung.euicc.lpaService.gsma.phase2.es10.Es10Factory.create(Es10Factory.java:53)]
05-17 13:44:03.508  4042  4181 I SLPASVC : EuiccLogicalChannel::openBySlot():  physicalSlotIndex = 1, portIndex = 0                            [at com.samsung.euicc.lpaService.gsma.phase2.es10.uicc.EuiccLogicalChannel.openBySlot(EuiccLogicalChannel.java:251)]
05-17 13:44:03.538  4042  4181 I SLPASVC : 0x00000065 was opened                                                                               [at com.samsung.euicc.lpaService.gsma.phase2.es10.uicc.EuiccLogicalChannel.openBySlot(EuiccLogicalChannel.java:293)]
05-17 13:44:03.538  4042  4181 I SLPASVC :  cla: 80 ins: E2 Le: 00                                                                             [at com.samsung.euicc.lpaService.gsma.phase2.es10.uicc.EuiccLogicalChannel.storeData(EuiccLogicalChannel.java:68)]
05-17 13:44:03.538  4042  4181 I SLPASVC : [STORE DATA] blockNumber : 0                                                                        [at com.samsung.euicc.lpaService.gsma.phase2.es10.uicc.EuiccLogicalChannel.storeData(EuiccLogicalChannel.java:78)]
05-17 13:44:03.538  4042  4181 I SLPASVC : case 4 command APDU                                                                                 [at com.samsung.euicc.lpaService.gsma.phase2.es10.uicc.EuiccLogicalChannel.getCmdApdu(EuiccLogicalChannel.java:206)]
05-17 13:44:03.559  4042  4181 I SLPASVC : APDU StatusWord - 9X XX                                                                             [at com.samsung.euicc.lpaService.gsma.phase2.es10.uicc.EuiccLogicalChannel.handleResponse(EuiccLogicalChannel.java:231)]
05-17 13:44:03.559  4042  4181 I SLPASVC : EuiccLogicalChannel::close(): 101                                                                   [at com.samsung.euicc.lpaService.gsma.phase2.es10.uicc.EuiccLogicalChannel.close(EuiccLogicalChannel.java:45)]
05-17 13:44:03.564  4042  4042 I SLPASVC : freeNvm: 819316                                                                                     [at com.samsung.euicc.util.EuiccSvcLog.sp(EuiccSvcLog.java:108)]
05-17 13:44:03.564  4042  4042 I SLPASVC : freeVm: 56000                                                                                       [at com.samsung.euicc.util.EuiccSvcLog.sp(EuiccSvcLog.java:108)]
05-17 13:44:03.564  4042  4042 I SLPASVC : firmware[1]: 137.193.0                                                                              [at com.samsung.euicc.util.EuiccSvcLog.sp(EuiccSvcLog.java:108)]
05-17 13:44:03.565  4042  4042 I SLPASVC : available vm: 56000                                                                                 [at com.samsung.euicc.util.EuiccSvcLog.sp(EuiccSvcLog.java:108)]
05-17 13:44:03.565  4042  4042 E SLPASVC : available memory: 819316                                                                            [at com.samsung.euicc.lpaService.gsma.phase2.es10.Es10MepBase.getAvailableMemory(Es10MepBase.java:37)]
05-17 13:44:03.565  4042  4042 I SLPASVC : available memory: 819316                                                                            [at com.samsung.euicc.util.EuiccSvcLog.sp(EuiccSvcLog.java:108)]
05-17 13:44:03.566  4042  4042 I SLPASVC : update FreeSize(1):819316                                                                           [at com.samsung.euicc.lpaService.LpaService.updateFreeNvMemorySize(LpaService.java:282)]
05-17 13:44:03.566 26756 27344 W PackageConfigPersister: App-specific configuration not found for packageName: com.ginit.app and userId: 0
05-17 13:44:03.567  4042  4181 I SLPASVC : EuiccLogicalChannel::openBySlot():  physicalSlotIndex = 1, portIndex = 0                            [at com.samsung.euicc.lpaService.gsma.phase2.es10.uicc.EuiccLogicalChannel.openBySlot(EuiccLogicalChannel.java:251)]
05-17 13:44:03.581  4042  4181 I SLPASVC : 0x00000065 was opened                                                                               [at com.samsung.euicc.lpaService.gsma.phase2.es10.uicc.EuiccLogicalChannel.openBySlot(EuiccLogicalChannel.java:293)]
05-17 13:44:03.581  4042  4181 I SLPASVC :  cla: 80 ins: E2 Le: 00                                                                             [at com.samsung.euicc.lpaService.gsma.phase2.es10.uicc.EuiccLogicalChannel.storeData(EuiccLogicalChannel.java:68)]
05-17 13:44:03.581  4042  4181 I SLPASVC : [STORE DATA] blockNumber : 0                                                                        [at com.samsung.euicc.lpaService.gsma.phase2.es10.uicc.EuiccLogicalChannel.storeData(EuiccLogicalChannel.java:78)]
05-17 13:44:03.581  4042  4181 I SLPASVC : case 4 command APDU                                                                                 [at com.samsung.euicc.lpaService.gsma.phase2.es10.uicc.EuiccLogicalChannel.getCmdApdu(EuiccLogicalChannel.java:206)]
05-17 13:44:03.590  4042  4181 I SLPASVC : APDU StatusWord - 9X XX                                                                             [at com.samsung.euicc.lpaService.gsma.phase2.es10.uicc.EuiccLogicalChannel.handleResponse(EuiccLogicalChannel.java:231)]
05-17 13:44:03.590  4042  4181 I SLPASVC : EuiccLogicalChannel::close(): 101                                                                   [at com.samsung.euicc.lpaService.gsma.phase2.es10.uicc.EuiccLogicalChannel.close(EuiccLogicalChannel.java:45)]
05-17 13:44:03.593  4042  4042 I SLPASVC : onDestroy                                                                                           [at com.samsung.euicc.lpaService.LpaService.onDestroy(LpaService.java:219)]
05-17 13:44:03.593  4042  4042 W SLPASVC : + clear resource                                                                                    [at com.samsung.euicc.lpaService.LpaService.clearResource(LpaService.java:225)]
05-17 13:44:03.593  4042  4042 W SLPASVC : stop start                                                                                          [at com.samsung.euicc.lpaService.StopHandler.stop(StopHandler.java:18)]
05-17 13:44:03.594  4042  4042 W SLPASVC : stop end                                                                                            [at com.samsung.euicc.lpaService.StopHandler.stop(StopHandler.java:38)]
05-17 13:44:03.594  4042  4042 E SLPASVC : initHandlerIfNeed                                                                                   [at com.samsung.euicc.lpaService.bootstrap.VsimNetworkRequester.initHandlerIfNeed(VsimNetworkRequester.java:47)]
05-17 13:44:03.595  4042  4042 I SLPASVC : Unbind request                                                                                      [at com.samsung.euicc.lpaService.bootstrap.VsimNetworkRequester.unBind(VsimNetworkRequester.java:150)]
05-17 13:44:03.595  4042  4042 I SLPASVC : bindProcessToNetwork: true                                                                          [at com.samsung.euicc.lpaService.bootstrap.VsimNetworkRequester.unbindVsimNetwork(VsimNetworkRequester.java:156)]
05-17 13:44:03.596  4042  4042 I SLPASVC : complete to remove network callbacks                                                                [at com.samsung.euicc.lpaService.bootstrap.VsimNetworkRequester.unbindVsimNetwork(VsimNetworkRequester.java:159)]
05-17 13:44:03.596  4042  4042 I SLPASVC : Unbind request complete                                                                             [at com.samsung.euicc.lpaService.bootstrap.VsimNetworkRequester.unBind(VsimNetworkRequester.java:152)]
05-17 13:44:03.600  4042  4042 W SLPASVC : - clear resource                                                                                    [at com.samsung.euicc.lpaService.LpaService.clearResource(LpaService.java:253)]
05-17 13:44:03.601  4042  4042 I Process : Sending signal. PID: 4042 SIG: 9
05-17 13:44:03.604 26756 27361 I BatteryService_BatteryPropertiesRegistrar: [getProperty]id:6
05-17 13:44:03.604 26756 27361 I BatteryService_BatteryPropertiesRegistrar: [getProperty]prop.long:-9223372036854775808 ,prop.string:null
05-17 13:44:03.605 26756 27361 I BatteryService_BatteryPropertiesRegistrar: [getProperty]id:4
05-17 13:44:03.605 26756 27361 I BatteryService_BatteryPropertiesRegistrar: [getProperty]prop.long:-9223372036854775808 ,prop.string:null
05-17 13:44:03.605 26756 27361 I SemWifiIntelligentTrainingManager: Tr. cond. check: false / 2 (2) / true / 0 (1)
05-17 13:44:03.605 26756 27361 I BatteryService_BatteryPropertiesRegistrar: [getProperty]id:6
05-17 13:44:03.605 26756 27361 I BatteryService_BatteryPropertiesRegistrar: [getProperty]prop.long:-9223372036854775808 ,prop.string:null
05-17 13:44:03.614 26756 27546 I ActivityManager: Process com.samsung.euicc (pid 4042) has died: fg  SVC (539,2155)
05-17 13:44:03.614 26349 26349 I Zygote  : Process 4042 exited due to signal 9 (Killed)
05-17 13:44:03.614 26756 26922 I libprocessgroup: Removed cgroup /sys/fs/cgroup/system/uid_1000/pid_4042
05-17 13:44:03.615 26756 26849 W PackageConfigPersister: App-specific configuration not found for packageName: com.ginit.app and userId: 0
05-17 13:44:03.615 26756 26849 W PackageConfigPersister: App-specific configuration not found for packageName: com.sec.android.app.launcher and userId: 0
05-17 13:44:03.615 26756 26849 W PackageConfigPersister: App-specific configuration not found for packageName: com.sec.android.app.launcher and userId: 0
05-17 13:44:03.615 26756 26849 W PackageConfigPersister: App-specific configuration not found for packageName: com.nhn.android.nmap and userId: 0
05-17 13:44:03.615 26756 26849 W PackageConfigPersister: App-specific configuration not found for packageName: com.sec.android.gallery3d and userId: 0
05-17 13:44:03.615 26756 26849 W PackageConfigPersister: App-specific configuration not found for packageName: com.kakao.talk and userId: 0
05-17 13:44:03.615 26756 26849 W PackageConfigPersister: App-specific configuration not found for packageName: com.samsung.android.app.find and userId: 0
05-17 13:44:03.615 26756 26849 W PackageConfigPersister: App-specific configuration not found for packageName: com.google.android.apps.kids.familylink and userId: 0
05-17 13:44:03.615 26756 26849 W PackageConfigPersister: App-specific configuration not found for packageName: com.android.settings and userId: 0
05-17 13:44:03.615 26756 26849 W PackageConfigPersister: App-specific configuration not found for packageName: com.google.android.calendar and userId: 0
05-17 13:44:03.616 26756 26849 W PackageConfigPersister: App-specific configuration not found for packageName: com.ginit.app and userId: 0
05-17 13:44:03.616 26756 26849 W PackageConfigPersister: App-specific configuration not found for packageName: com.sec.android.app.launcher and userId: 0
05-17 13:44:03.616 26756 26849 W PackageConfigPersister: App-specific configuration not found for packageName: com.sec.android.app.launcher and userId: 0
05-17 13:44:03.616 26756 26849 W PackageConfigPersister: App-specific configuration not found for packageName: com.nhn.android.nmap and userId: 0
05-17 13:44:03.616 26756 26849 W PackageConfigPersister: App-specific configuration not found for packageName: com.sec.android.gallery3d and userId: 0
05-17 13:44:03.616 26756 26849 W PackageConfigPersister: App-specific configuration not found for packageName: com.kakao.talk and userId: 0
05-17 13:44:03.616 26756 26849 W PackageConfigPersister: App-specific configuration not found for packageName: com.samsung.android.app.find and userId: 0
05-17 13:44:03.616 26756 26849 W PackageConfigPersister: App-specific configuration not found for packageName: com.google.android.apps.kids.familylink and userId: 0
05-17 13:44:03.616 26756 26849 W PackageConfigPersister: App-specific configuration not found for packageName: com.android.settings and userId: 0
05-17 13:44:03.616 26756 26849 W PackageConfigPersister: App-specific configuration not found for packageName: com.google.android.calendar and userId: 0
05-17 13:44:03.698 26756 27105 D InputReader: Btn_touch(6): value=1 when=579985.486389
05-17 13:44:03.698 26756 27105 I InputReader: Touch event's action is 0x0 (id=6, t=0) [pCnt=1, s=0.60691 ] when=579985.486389
05-17 13:44:03.699 26756 27104 I InputDispatcher: Delivering touch to (27882): action: 0x4, f=0x0, d=0, 'fa1cb79', t=1 
05-17 13:44:03.699 26756 27104 I InputDispatcher: Delivering touch to (4070): action: 0x0, f=0x0, d=0, '38e7ff6', t=1 
05-17 13:44:03.699 26756 27104 D PowerManagerService: [api] userActivityFromNative : touch displayId=0 eventTime=579985486
05-17 13:44:03.699  4070  4070 I VRI[MainActivity]@fb5452e: ViewPostIme pointer 0
05-17 13:44:03.700 26756 26849 I GestureDetector: obtain mCurrentDownEvent. id: 272087486 caller: com.android.server.wm.SystemGesturesPointerEventListener.onPointerEvent:17 com.android.server.wm.PointerEventDispatcher.onInputEvent:51 android.view.InputEventReceiver.dispatchInputEvent:362 
05-17 13:44:03.700 26756 26849 I GestureDetector: obtain mCurrentDownEvent. id: 272087486 caller: com.android.server.wm.SystemPerformancePointerEventListener.onPointerEvent:13 com.android.server.wm.PointerEventDispatcher.onInputEvent:51 android.view.InputEventReceiver.dispatchInputEvent:362 
05-17 13:44:03.700 28736 28736 I HoneySpace.InputConsumerFactory: checkMultiFingerGesture: returning NO_OP - gesture disabled or blocked
