05-11 13:22:35.036 15628 15898 E unknown:ReactHost: 	at com.facebook.react.runtime.internal.bolts.Task$Companion.$r8$lambda$IPpysnehFwANEiW061YzapkMdoE(Unknown Source:0)
05-11 13:22:35.036 15628 15898 E unknown:ReactHost: 	at com.facebook.react.runtime.internal.bolts.Task$Companion$$ExternalSyntheticLambda4.run(D8$$SyntheticClass:0)
05-11 13:22:35.036 15628 15898 E unknown:ReactHost: 	at com.facebook.react.runtime.internal.bolts.Executors$ImmediateExecutor.execute(Executors.kt:41)
05-11 13:22:35.036 15628 15898 E unknown:ReactHost: 	at com.facebook.react.runtime.internal.bolts.Task$Companion.completeAfterTask(Task.kt:388)
05-11 13:22:35.036 15628 15898 E unknown:ReactHost: 	at com.facebook.react.runtime.internal.bolts.Task$Companion.access$completeAfterTask(Task.kt:250)
05-11 13:22:35.036 15628 15898 E unknown:ReactHost: 	at com.facebook.react.runtime.internal.bolts.Task.continueWithTask(Task.kt:156)
05-11 13:22:35.036 15628 15898 E unknown:ReactHost: 	at com.facebook.react.runtime.internal.bolts.Task.onSuccess(Task.kt:169)
05-11 13:22:35.036 15628 15898 E unknown:ReactHost: 	at com.facebook.react.runtime.ReactHostImpl.callWithExistingReactInstance(ReactHostImpl.kt:798)
05-11 13:22:35.036 15628 15898 E unknown:ReactHost: 	at com.facebook.react.runtime.ReactHostImpl.callWithExistingReactInstance$default(ReactHostImpl.kt:791)
05-11 13:22:35.036 15628 15898 E unknown:ReactHost: 	at com.facebook.react.runtime.ReactHostImpl.callFunctionOnModule$ReactAndroid_debug(ReactHostImpl.kt:687)
05-11 13:22:35.036 15628 15898 E unknown:ReactHost: 	at com.facebook.react.runtime.BridgelessReactContext.emitDeviceEvent(BridgelessReactContext.kt:134)
05-11 13:22:35.036 15628 15898 E unknown:ReactHost: 	at com.facebook.react.modules.network.ResponseUtil.onDataSend(ResponseUtil.kt:25)
05-11 13:22:35.036 15628 15898 E unknown:ReactHost: 	at com.facebook.react.modules.network.NetworkingModule$wrapRequestBodyWithProgressEmitter$1.onProgress(NetworkingModule.kt:601)
05-11 13:22:35.036 15628 15898 E unknown:ReactHost: 	at com.facebook.react.modules.network.ProgressRequestBody$outputStreamSink$1.sendProgressUpdate(ProgressRequestBody.kt:76)
05-11 13:22:35.036 15628 15898 E unknown:ReactHost: 	at com.facebook.react.modules.network.ProgressRequestBody$outputStreamSink$1.write(ProgressRequestBody.kt:69)
05-11 13:22:35.036 15628 15898 E unknown:ReactHost: 	at java.io.FilterOutputStream.write(FilterOutputStream.java:137)
05-11 13:22:35.036 15628 15898 E unknown:ReactHost: 	at com.facebook.react.modules.network.ProgressRequestBody$outputStreamSink$1.write(ProgressRequestBody.kt:60)
05-11 13:22:35.036 15628 15898 E unknown:ReactHost: 	at okio.OutputStreamSink.write(JvmOkio.kt:56)
05-11 13:22:35.036 15628 15898 E unknown:ReactHost: 	at okio.RealBufferedSink.flush(RealBufferedSink.kt:268)
05-11 13:22:35.036 15628 15898 E unknown:ReactHost: 	at com.facebook.react.modules.network.ProgressRequestBody.writeTo(ProgressRequestBody.kt:50)
05-11 13:22:35.036 15628 15898 E unknown:ReactHost: 	at okhttp3.internal.http.CallServerInterceptor.intercept(CallServerInterceptor.kt:62)
05-11 13:22:35.036 15628 15898 E unknown:ReactHost: 	at okhttp3.internal.http.RealInterceptorChain.proceed(RealInterceptorChain.kt:109)
05-11 13:22:35.036 15628 15898 E unknown:ReactHost: 	at com.facebook.react.modules.network.NetworkingModule$sendRequestInternal$$inlined$-addNetworkInterceptor$1.intercept(OkHttpClient.kt:1080)
05-11 13:22:35.036 15628 15898 E unknown:ReactHost: 	at okhttp3.internal.http.RealInterceptorChain.proceed(RealInterceptorChain.kt:109)
05-11 13:22:35.036 15628 15898 E unknown:ReactHost: 	at okhttp3.internal.connection.ConnectInterceptor.intercept(ConnectInterceptor.kt:34)
05-11 13:22:35.036 15628 15898 E unknown:ReactHost: 	at okhttp3.internal.http.RealInterceptorChain.proceed(RealInterceptorChain.kt:109)
05-11 13:22:35.036 15628 15898 E unknown:ReactHost: 	at okhttp3.internal.cache.CacheInterceptor.intercept(CacheInterceptor.kt:95)
05-11 13:22:35.036 15628 15898 E unknown:ReactHost: 	at okhttp3.internal.http.RealInterceptorChain.proceed(RealInterceptorChain.kt:109)
05-11 13:22:35.036 15628 15898 E unknown:ReactHost: 	at okhttp3.internal.http.BridgeInterceptor.intercept(BridgeInterceptor.kt:83)
05-11 13:22:35.036 15628 15898 E unknown:ReactHost: 	at okhttp3.internal.http.RealInterceptorChain.proceed(RealInterceptorChain.kt:109)
05-11 13:22:35.036 15628 15898 E unknown:ReactHost: 	at okhttp3.internal.http.RetryAndFollowUpInterceptor.intercept(RetryAndFollowUpInterceptor.kt:76)
05-11 13:22:35.036 15628 15898 E unknown:ReactHost: 	at okhttp3.internal.http.RealInterceptorChain.proceed(RealInterceptorChain.kt:109)
05-11 13:22:35.036 15628 15898 E unknown:ReactHost: 	at okhttp3.internal.connection.RealCall.getResponseWithInterceptorChain$okhttp(RealCall.kt:201)
05-11 13:22:35.036 15628 15898 E unknown:ReactHost: 	at okhttp3.internal.connection.RealCall$AsyncCall.run(RealCall.kt:517)
05-11 13:22:35.036 15628 15898 E unknown:ReactHost: 	at java.util.concurrent.ThreadPoolExecutor.runWorker(ThreadPoolExecutor.java:1154)
05-11 13:22:35.036 15628 15898 E unknown:ReactHost: 	at java.util.concurrent.ThreadPoolExecutor$Worker.run(ThreadPoolExecutor.java:652)
05-11 13:22:35.036 15628 15898 E unknown:ReactHost: 	at java.lang.Thread.run(Thread.java:1564)
05-11 13:22:35.036 15628 15927 E unknown:ReactHost: Unhandled SoftException
05-11 13:22:35.036 15628 15927 E unknown:ReactHost: com.facebook.react.bridge.ReactNoCrashSoftException: raiseSoftException(callWithExistingReactInstance(callFunctionOnModule("RCTDeviceEventEmitter", "emit"))): Execute: reactInstance is null. Dropping work.
05-11 13:22:35.036 15628 15927 E unknown:ReactHost: 	at com.facebook.react.runtime.ReactHostImpl.raiseSoftException(ReactHostImpl.kt:787)
05-11 13:22:35.036 15628 15927 E unknown:ReactHost: 	at com.facebook.react.runtime.ReactHostImpl.raiseSoftException$default(ReactHostImpl.kt:779)
05-11 13:22:35.036 15628 15927 E unknown:ReactHost: 	at com.facebook.react.runtime.ReactHostImpl.callWithExistingReactInstance$lambda$28(ReactHostImpl.kt:802)
05-11 13:22:35.036 15628 15927 E unknown:ReactHost: 	at com.facebook.react.runtime.ReactHostImpl.$r8$lambda$6NreFt2BcPly8g6qrNV9Z1C-YmU(Unknown Source:0)
05-11 13:22:35.036 15628 15927 E unknown:ReactHost: 	at com.facebook.react.runtime.ReactHostImpl$$ExternalSyntheticLambda31.then(D8$$SyntheticClass:0)
05-11 13:22:35.036 15628 15927 E unknown:ReactHost: 	at com.facebook.react.runtime.internal.bolts.Task$Companion.completeImmediately$lambda$3(Task.kt:356)
05-11 13:22:35.036 15628 15927 E unknown:ReactHost: 	at com.facebook.react.runtime.internal.bolts.Task$Companion.$r8$lambda$b7MTC0ufkn_2TjF4BGcNqGR9qK0(Unknown Source:0)
05-11 13:22:35.036 15628 15927 E unknown:ReactHost: 	at com.facebook.react.runtime.internal.bolts.Task$Companion$$ExternalSyntheticLambda3.run(D8$$SyntheticClass:0)
05-11 13:22:35.036 15628 15927 E unknown:ReactHost: 	at com.facebook.react.runtime.internal.bolts.Executors$ImmediateExecutor.execute(Executors.kt:41)
05-11 13:22:35.036 15628 15927 E unknown:ReactHost: 	at com.facebook.react.runtime.internal.bolts.Task$Companion.completeImmediately(Task.kt:354)
05-11 13:22:35.036 15628 15927 E unknown:ReactHost: 	at com.facebook.react.runtime.internal.bolts.Task$Companion.access$completeImmediately(Task.kt:250)
05-11 13:22:35.036 15628 15927 E unknown:ReactHost: 	at com.facebook.react.runtime.internal.bolts.Task.continueWith(Task.kt:132)
05-11 13:22:35.036 15628 15927 E unknown:ReactHost: 	at com.facebook.react.runtime.internal.bolts.Task.continueWith$default(Task.kt:117)
05-11 13:22:35.036 15628 15927 E unknown:ReactHost: 	at com.facebook.react.runtime.internal.bolts.Task.onSuccess$lambda$12(Task.kt:174)
05-11 13:22:35.036 15628 15927 E unknown:ReactHost: 	at com.facebook.react.runtime.internal.bolts.Task.$r8$lambda$l0wwo5AvbHxlwfI1R7CH_codxoo(Unknown Source:0)
05-11 13:22:35.036 15628 15927 E unknown:ReactHost: 	at com.facebook.react.runtime.internal.bolts.Task$$ExternalSyntheticLambda2.then(D8$$SyntheticClass:0)
05-11 13:22:35.036 15628 15927 E unknown:ReactHost: 	at com.facebook.react.runtime.internal.bolts.Task$Companion.completeAfterTask$lambda$5(Task.kt:390)
05-11 13:22:35.036 15628 15927 E unknown:ReactHost: 	at com.facebook.react.runtime.internal.bolts.Task$Companion.$r8$lambda$IPpysnehFwANEiW061YzapkMdoE(Unknown Source:0)
05-11 13:22:35.036 15628 15927 E unknown:ReactHost: 	at com.facebook.react.runtime.internal.bolts.Task$Companion$$ExternalSyntheticLambda4.run(D8$$SyntheticClass:0)
05-11 13:22:35.036 15628 15927 E unknown:ReactHost: 	at com.facebook.react.runtime.internal.bolts.Executors$ImmediateExecutor.execute(Executors.kt:41)
05-11 13:22:35.036 15628 15927 E unknown:ReactHost: 	at com.facebook.react.runtime.internal.bolts.Task$Companion.completeAfterTask(Task.kt:388)
05-11 13:22:35.036 15628 15927 E unknown:ReactHost: 	at com.facebook.react.runtime.internal.bolts.Task$Companion.access$completeAfterTask(Task.kt:250)
05-11 13:22:35.036 15628 15927 E unknown:ReactHost: 	at com.facebook.react.runtime.internal.bolts.Task.continueWithTask(Task.kt:156)
05-11 13:22:35.036 15628 15927 E unknown:ReactHost: 	at com.facebook.react.runtime.internal.bolts.Task.onSuccess(Task.kt:169)
05-11 13:22:35.036 15628 15927 E unknown:ReactHost: 	at com.facebook.react.runtime.ReactHostImpl.callWithExistingReactInstance(ReactHostImpl.kt:798)
05-11 13:22:35.036 15628 15927 E unknown:ReactHost: 	at com.facebook.react.runtime.ReactHostImpl.callWithExistingReactInstance$default(ReactHostImpl.kt:791)
05-11 13:22:35.036 15628 15927 E unknown:ReactHost: 	at com.facebook.react.runtime.ReactHostImpl.callFunctionOnModule$ReactAndroid_debug(ReactHostImpl.kt:687)
05-11 13:22:35.036 15628 15927 E unknown:ReactHost: 	at com.facebook.react.runtime.BridgelessReactContext.emitDeviceEvent(BridgelessReactContext.kt:134)
05-11 13:22:35.036 15628 15927 E unknown:ReactHost: 	at com.facebook.react.modules.network.ResponseUtil.onRequestSuccess(ResponseUtil.kt:108)
05-11 13:22:35.036 15628 15927 E unknown:ReactHost: 	at com.facebook.react.modules.network.NetworkingModule$sendRequestInternal$2.onResponse(NetworkingModule.kt:552)
05-11 13:22:35.036 15628 15927 E unknown:ReactHost: 	at okhttp3.internal.connection.RealCall$AsyncCall.run(RealCall.kt:519)
05-11 13:22:35.036 15628 15927 E unknown:ReactHost: 	at java.util.concurrent.ThreadPoolExecutor.runWorker(ThreadPoolExecutor.java:1154)
05-11 13:22:35.036 15628 15927 E unknown:ReactHost: 	at java.util.concurrent.ThreadPoolExecutor$Worker.run(ThreadPoolExecutor.java:652)
05-11 13:22:35.036 15628 15927 E unknown:ReactHost: 	at java.lang.Thread.run(Thread.java:1564)
05-11 13:22:35.036 15628 15923 W unknown:BridgelessReact: ReactHost{0}.raiseSoftException(callWithExistingReactInstance(callFunctionOnModule("RCTDeviceEventEmitter", "emit"))): Execute: reactInstance is null. Dropping work.
05-11 13:22:35.036  3249  8386 W PackageConfigPersister: App-specific configuration not found for packageName: com.ginit.app and userId: 0
05-11 13:22:35.036  3249  8386 I WindowManager: Relayout Window{c0961fd u0 com.ginit.app/com.ginit.app.MainActivity}: viewVisibility=0 req=1440x3120 ty=1 d0
05-11 13:22:35.036 15628 15923 E unknown:ReactHost: Unhandled SoftException
05-11 13:22:35.036 15628 15923 E unknown:ReactHost: com.facebook.react.bridge.ReactNoCrashSoftException: raiseSoftException(callWithExistingReactInstance(callFunctionOnModule("RCTDeviceEventEmitter", "emit"))): Execute: reactInstance is null. Dropping work.
05-11 13:22:35.036 15628 15923 E unknown:ReactHost: 	at com.facebook.react.runtime.ReactHostImpl.raiseSoftException(ReactHostImpl.kt:787)
05-11 13:22:35.036 15628 15923 E unknown:ReactHost: 	at com.facebook.react.runtime.ReactHostImpl.raiseSoftException$default(ReactHostImpl.kt:779)
05-11 13:22:35.036 15628 15923 E unknown:ReactHost: 	at com.facebook.react.runtime.ReactHostImpl.callWithExistingReactInstance$lambda$28(ReactHostImpl.kt:802)
05-11 13:22:35.036 15628 15923 E unknown:ReactHost: 	at com.facebook.react.runtime.ReactHostImpl.$r8$lambda$6NreFt2BcPly8g6qrNV9Z1C-YmU(Unknown Source:0)
05-11 13:22:35.036 15628 15923 E unknown:ReactHost: 	at com.facebook.react.runtime.ReactHostImpl$$ExternalSyntheticLambda31.then(D8$$SyntheticClass:0)
05-11 13:22:35.036 15628 15923 E unknown:ReactHost: 	at com.facebook.react.runtime.internal.bolts.Task$Companion.completeImmediately$lambda$3(Task.kt:356)
05-11 13:22:35.036 15628 15923 E unknown:ReactHost: 	at com.facebook.react.runtime.internal.bolts.Task$Companion.$r8$lambda$b7MTC0ufkn_2TjF4BGcNqGR9qK0(Unknown Source:0)
05-11 13:22:35.036 15628 15923 E unknown:ReactHost: 	at com.facebook.react.runtime.internal.bolts.Task$Companion$$ExternalSyntheticLambda3.run(D8$$SyntheticClass:0)
05-11 13:22:35.036 15628 15923 E unknown:ReactHost: 	at com.facebook.react.runtime.internal.bolts.Executors$ImmediateExecutor.execute(Executors.kt:41)
05-11 13:22:35.036 15628 15923 E unknown:ReactHost: 	at com.facebook.react.runtime.internal.bolts.Task$Companion.completeImmediately(Task.kt:354)
05-11 13:22:35.036 15628 15923 E unknown:ReactHost: 	at com.facebook.react.runtime.internal.bolts.Task$Companion.access$completeImmediately(Task.kt:250)
05-11 13:22:35.036 15628 15923 E unknown:ReactHost: 	at com.facebook.react.runtime.internal.bolts.Task.continueWith(Task.kt:132)
05-11 13:22:35.036 15628 15923 E unknown:ReactHost: 	at com.facebook.react.runtime.internal.bolts.Task.continueWith$default(Task.kt:117)
05-11 13:22:35.036 15628 15923 E unknown:ReactHost: 	at com.facebook.react.runtime.internal.bolts.Task.onSuccess$lambda$12(Task.kt:174)
05-11 13:22:35.036 15628 15923 E unknown:ReactHost: 	at com.facebook.react.runtime.internal.bolts.Task.$r8$lambda$l0wwo5AvbHxlwfI1R7CH_codxoo(Unknown Source:0)
05-11 13:22:35.036 15628 15923 E unknown:ReactHost: 	at com.facebook.react.runtime.internal.bolts.Task$$ExternalSyntheticLambda2.then(D8$$SyntheticClass:0)
05-11 13:22:35.036 15628 15923 E unknown:ReactHost: 	at com.facebook.react.runtime.internal.bolts.Task$Companion.completeAfterTask$lambda$5(Task.kt:390)
05-11 13:22:35.036 15628 15923 E unknown:ReactHost: 	at com.facebook.react.runtime.internal.bolts.Task$Companion.$r8$lambda$IPpysnehFwANEiW061YzapkMdoE(Unknown Source:0)
05-11 13:22:35.036 15628 15923 E unknown:ReactHost: 	at com.facebook.react.runtime.internal.bolts.Task$Companion$$ExternalSyntheticLambda4.run(D8$$SyntheticClass:0)
05-11 13:22:35.036 15628 15923 E unknown:ReactHost: 	at com.facebook.react.runtime.internal.bolts.Executors$ImmediateExecutor.execute(Executors.kt:41)
05-11 13:22:35.036 15628 15923 E unknown:ReactHost: 	at com.facebook.react.runtime.internal.bolts.Task$Companion.completeAfterTask(Task.kt:388)
05-11 13:22:35.036 15628 15923 E unknown:ReactHost: 	at com.facebook.react.runtime.internal.bolts.Task$Companion.access$completeAfterTask(Task.kt:250)
05-11 13:22:35.036 15628 15923 E unknown:ReactHost: 	at com.facebook.react.runtime.internal.bolts.Task.continueWithTask(Task.kt:156)
05-11 13:22:35.036 15628 15923 E unknown:ReactHost: 	at com.facebook.react.runtime.internal.bolts.Task.onSuccess(Task.kt:169)
05-11 13:22:35.036 15628 15923 E unknown:ReactHost: 	at com.facebook.react.runtime.ReactHostImpl.callWithExistingReactInstance(ReactHostImpl.kt:798)
05-11 13:22:35.036 15628 15923 E unknown:ReactHost: 	at com.facebook.react.runtime.ReactHostImpl.callWithExistingReactInstance$default(ReactHostImpl.kt:791)
05-11 13:22:35.036 15628 15923 E unknown:ReactHost: 	at com.facebook.react.runtime.ReactHostImpl.callFunctionOnModule$ReactAndroid_debug(ReactHostImpl.kt:687)
05-11 13:22:35.036 15628 15923 E unknown:ReactHost: 	at com.facebook.react.runtime.BridgelessReactContext.emitDeviceEvent(BridgelessReactContext.kt:134)
05-11 13:22:35.036 15628 15923 E unknown:ReactHost: 	at com.facebook.react.modules.network.ResponseUtil.onResponseReceived(ResponseUtil.kt:124)
05-11 13:22:35.036 15628 15923 E unknown:ReactHost: 	at com.facebook.react.modules.network.NetworkingModule$sendRequestInternal$2.onResponse(NetworkingModule.kt:496)
05-11 13:22:35.036 15628 15923 E unknown:ReactHost: 	at okhttp3.internal.connection.RealCall$AsyncCall.run(RealCall.kt:519)
05-11 13:22:35.036 15628 15923 E unknown:ReactHost: 	at java.util.concurrent.ThreadPoolExecutor.runWorker(ThreadPoolExecutor.java:1154)
05-11 13:22:35.036 15628 15923 E unknown:ReactHost: 	at java.util.concurrent.ThreadPoolExecutor$Worker.run(ThreadPoolExecutor.java:652)
05-11 13:22:35.036 15628 15923 E unknown:ReactHost: 	at java.lang.Thread.run(Thread.java:1564)
05-11 13:22:35.036 15628 15923 W unknown:ReactNative: React Native Instance has already disappeared: requested by Networking
05-11 13:22:35.036  3249  8386 W PackageConfigPersister: App-specific configuration not found for packageName: com.ginit.app and userId: 0
05-11 13:22:35.037  2433  2433 D SurfaceFlinger:        DEVICE |           67121748901890 | 00002102 | RGBA_8888    |    0.0    0.0 1440.0 3120.0 |    0    0 1440 3120 | com.ginit.app/com.ginit.app.MainActivity$_15628#37083 (1130)
05-11 13:22:35.037  2433  2433 D SurfaceFlinger:        DEVICE |           67121748901899 | 00002102 | RGBA_8888    |    0.0    0.0 1440.0   12.0 |    0 3108 1440 3120 | com.ginit.app/com.ginit.app.MainActivity$_15628#37093 (1)
05-11 13:22:35.037 15628 15923 W unknown:BridgelessReact: ReactHost{0}.raiseSoftException(callWithExistingReactInstance(callFunctionOnModule("RCTDeviceEventEmitter", "emit"))): Execute: reactInstance is null. Dropping work.
05-11 13:22:35.037 15628 15923 E unknown:ReactHost: Unhandled SoftException
05-11 13:22:35.037 15628 15923 E unknown:ReactHost: com.facebook.react.bridge.ReactNoCrashSoftException: raiseSoftException(callWithExistingReactInstance(callFunctionOnModule("RCTDeviceEventEmitter", "emit"))): Execute: reactInstance is null. Dropping work.
05-11 13:22:35.037 15628 15923 E unknown:ReactHost: 	at com.facebook.react.runtime.ReactHostImpl.raiseSoftException(ReactHostImpl.kt:787)
05-11 13:22:35.037 15628 15923 E unknown:ReactHost: 	at com.facebook.react.runtime.ReactHostImpl.raiseSoftException$default(ReactHostImpl.kt:779)
05-11 13:22:35.037 15628 15923 E unknown:ReactHost: 	at com.facebook.react.runtime.ReactHostImpl.callWithExistingReactInstance$lambda$28(ReactHostImpl.kt:802)
05-11 13:22:35.037 15628 15923 E unknown:ReactHost: 	at com.facebook.react.runtime.ReactHostImpl.$r8$lambda$6NreFt2BcPly8g6qrNV9Z1C-YmU(Unknown Source:0)
05-11 13:22:35.037 15628 15923 E unknown:ReactHost: 	at com.facebook.react.runtime.ReactHostImpl$$ExternalSyntheticLambda31.then(D8$$SyntheticClass:0)
05-11 13:22:35.037 15628 15923 E unknown:ReactHost: 	at com.facebook.react.runtime.internal.bolts.Task$Companion.completeImmediately$lambda$3(Task.kt:356)
05-11 13:22:35.037 15628 15923 E unknown:ReactHost: 	at com.facebook.react.runtime.internal.bolts.Task$Companion.$r8$lambda$b7MTC0ufkn_2TjF4BGcNqGR9qK0(Unknown Source:0)
05-11 13:22:35.037 15628 15923 E unknown:ReactHost: 	at com.facebook.react.runtime.internal.bolts.Task$Companion$$ExternalSyntheticLambda3.run(D8$$SyntheticClass:0)
05-11 13:22:35.037 15628 15923 E unknown:ReactHost: 	at com.facebook.react.runtime.internal.bolts.Executors$ImmediateExecutor.execute(Executors.kt:41)
05-11 13:22:35.037 15628 15923 E unknown:ReactHost: 	at com.facebook.react.runtime.internal.bolts.Task$Companion.completeImmediately(Task.kt:354)
05-11 13:22:35.037 15628 15923 E unknown:ReactHost: 	at com.facebook.react.runtime.internal.bolts.Task$Companion.access$completeImmediately(Task.kt:250)
05-11 13:22:35.037 15628 15923 E unknown:ReactHost: 	at com.facebook.react.runtime.internal.bolts.Task.continueWith(Task.kt:132)
05-11 13:22:35.037 15628 15923 E unknown:ReactHost: 	at com.facebook.react.runtime.internal.bolts.Task.continueWith$default(Task.kt:117)
05-11 13:22:35.037 15628 15923 E unknown:ReactHost: 	at com.facebook.react.runtime.internal.bolts.Task.onSuccess$lambda$12(Task.kt:174)
05-11 13:22:35.037 15628 15923 E unknown:ReactHost: 	at com.facebook.react.runtime.internal.bolts.Task.$r8$lambda$l0wwo5AvbHxlwfI1R7CH_codxoo(Unknown Source:0)
05-11 13:22:35.037 15628 15923 E unknown:ReactHost: 	at com.facebook.react.runtime.internal.bolts.Task$$ExternalSyntheticLambda2.then(D8$$SyntheticClass:0)
05-11 13:22:35.037 15628 15923 E unknown:ReactHost: 	at com.facebook.react.runtime.internal.bolts.Task$Companion.completeAfterTask$lambda$5(Task.kt:390)
05-11 13:22:35.037 15628 15923 E unknown:ReactHost: 	at com.facebook.react.runtime.internal.bolts.Task$Companion.$r8$lambda$IPpysnehFwANEiW061YzapkMdoE(Unknown Source:0)
05-11 13:22:35.037 15628 15923 E unknown:ReactHost: 	at com.facebook.react.runtime.internal.bolts.Task$Companion$$ExternalSyntheticLambda4.run(D8$$SyntheticClass:0)
05-11 13:22:35.037 15628 15923 E unknown:ReactHost: 	at com.facebook.react.runtime.internal.bolts.Executors$ImmediateExecutor.execute(Executors.kt:41)
05-11 13:22:35.037 15628 15923 E unknown:ReactHost: 	at com.facebook.react.runtime.internal.bolts.Task$Companion.completeAfterTask(Task.kt:388)
05-11 13:22:35.037 15628 15923 E unknown:ReactHost: 	at com.facebook.react.runtime.internal.bolts.Task$Companion.access$completeAfterTask(Task.kt:250)
05-11 13:22:35.037 15628 15923 E unknown:ReactHost: 	at com.facebook.react.runtime.internal.bolts.Task.continueWithTask(Task.kt:156)
05-11 13:22:35.037 15628 15923 E unknown:ReactHost: 	at com.facebook.react.runtime.internal.bolts.Task.onSuccess(Task.kt:169)
05-11 13:22:35.037 15628 15923 E unknown:ReactHost: 	at com.facebook.react.runtime.ReactHostImpl.callWithExistingReactInstance(ReactHostImpl.kt:798)
05-11 13:22:35.037 15628 15923 E unknown:ReactHost: 	at com.facebook.react.runtime.ReactHostImpl.callWithExistingReactInstance$default(ReactHostImpl.kt:791)
05-11 13:22:35.037 15628 15923 E unknown:ReactHost: 	at com.facebook.react.runtime.ReactHostImpl.callFunctionOnModule$ReactAndroid_debug(ReactHostImpl.kt:687)
05-11 13:22:35.037 15628 15923 E unknown:ReactHost: 	at com.facebook.react.runtime.BridgelessReactContext.emitDeviceEvent(BridgelessReactContext.kt:134)
05-11 13:22:35.037 15628 15923 E unknown:ReactHost: 	at com.facebook.react.modules.network.ResponseUtil.onRequestSuccess(ResponseUtil.kt:108)
05-11 13:22:35.037 15628 15923 E unknown:ReactHost: 	at com.facebook.react.modules.network.NetworkingModule$sendRequestInternal$2.onResponse(NetworkingModule.kt:552)
05-11 13:22:35.037 15628 15923 E unknown:ReactHost: 	at okhttp3.internal.connection.RealCall$AsyncCall.run(RealCall.kt:519)
05-11 13:22:35.037 15628 15923 E unknown:ReactHost: 	at java.util.concurrent.ThreadPoolExecutor.runWorker(ThreadPoolExecutor.java:1154)
05-11 13:22:35.037 15628 15923 E unknown:ReactHost: 	at java.util.concurrent.ThreadPoolExecutor$Worker.run(ThreadPoolExecutor.java:652)
05-11 13:22:35.037 15628 15923 E unknown:ReactHost: 	at java.lang.Thread.run(Thread.java:1564)
05-11 13:22:35.037  3249  4701 D InputDispatcher: Focus entered window (0): 4ebe3f com.ginit.app/com.ginit.app.MainActivity
05-11 13:22:35.038  3249  4300 I ImeTracker: com.ginit.app:7474f559: onRequestHide at ORIGIN_SERVER reason HIDE_UNSPECIFIED_WINDOW fromUser false
05-11 13:22:35.039 15628 15628 I ImeTracker: com.ginit.app:7474f559: onCancelled at PHASE_CLIENT_ALREADY_HIDDEN
05-11 13:22:35.039  3249  8386 D InsetsSourceProvider: updateControlForTarget: control=InsetsSourceControl: {3 mType=ime mSurfacePosition=Point(0, 140) mInsetsHint=Insets{left=0, top=0, right=0, bottom=1251}}, target=Window{4ebe3f u0 com.ginit.app/com.ginit.app.MainActivity}, from=com.android.server.wm.ImeInsetsSourceProvider.updateControlForTarget:23 com.android.server.wm.InsetsStateController.onControlTargetChanged:82 com.android.server.wm.DisplayContent.updateImeControlTarget:48 com.android.server.wm.DisplayContent.updateImeInputAndControlTarget:273 com.android.server.wm.WindowManagerService$LocalService.updateImeTargetWindow:82 
05-11 13:22:35.041 15628 15722 W unknown:ReactNative: Tried to enqueue runnable on already finished thread: 'v_js... dropping Runnable.
05-11 13:22:35.041 15628 15722 W unknown:ReactNative: Tried to enqueue runnable on already finished thread: 'v_native... dropping Runnable.
05-11 13:22:35.041 15628 15722 W unknown:ReactNative: Tried to enqueue runnable on already finished thread: 'v_native... dropping Runnable.
05-11 13:22:35.041 15628 15722 E unknown:ReactNative: Tried to remove non-existent frame callback
05-11 13:22:35.042 15628 15722 W unknown:ReactNative: Tried to enqueue runnable on already finished thread: 'v_native... dropping Runnable.
05-11 13:22:35.042 15628 15722 W unknown:ReactNative: Tried to enqueue runnable on already finished thread: 'v_native... dropping Runnable.
05-11 13:22:35.042 15628 15722 W unknown:ReactNative: Tried to enqueue runnable on already finished thread: 'v_native... dropping Runnable.
05-11 13:22:35.042 15628 15722 W unknown:ReactNative: Tried to enqueue runnable on already finished thread: 'v_native... dropping Runnable.
05-11 13:22:35.042 15628 15722 W unknown:ReactNative: Tried to enqueue runnable on already finished thread: 'v_native... dropping Runnable.
05-11 13:22:35.043 15628 15722 W unknown:ReactNative: Tried to enqueue runnable on already finished thread: 'v_native... dropping Runnable.
05-11 13:22:35.043 15628 15722 W unknown:ReactNative: Tried to enqueue runnable on already finished thread: 'v_native... dropping Runnable.
05-11 13:22:35.043 15628 15722 W unknown:ReactNative: Tried to enqueue runnable on already finished thread: 'v_native... dropping Runnable.
05-11 13:22:35.043 15628 15722 W unknown:ReactNative: Tried to enqueue runnable on already finished thread: 'v_native... dropping Runnable.
05-11 13:22:35.043 15628 15722 W unknown:ReactNative: Tried to enqueue runnable on already finished thread: 'v_native... dropping Runnable.
05-11 13:22:35.043 15628 15722 W unknown:ReactNative: Tried to enqueue runnable on already finished thread: 'v_native... dropping Runnable.
05-11 13:22:35.043 15628 15722 W unknown:ReactNative: Tried to enqueue runnable on already finished thread: 'v_native... dropping Runnable.
05-11 13:22:35.043 15628 15722 W unknown:ReactNative: Tried to enqueue runnable on already finished thread: 'v_native... dropping Runnable.
05-11 13:22:35.043 15628 15722 W unknown:ReactNative: Tried to enqueue runnable on already finished thread: 'v_native... dropping Runnable.
05-11 13:22:35.043 15628 15722 W unknown:ReactNative: Tried to enqueue runnable on already finished thread: 'v_native... dropping Runnable.
05-11 13:22:35.043 15628 15722 W unknown:ReactNative: Tried to enqueue runnable on already finished thread: 'v_native... dropping Runnable.
05-11 13:22:35.043 15628 15722 W unknown:ReactNative: Tried to enqueue runnable on already finished thread: 'v_native... dropping Runnable.
05-11 13:22:35.045 15628 15722 W System.err: java.lang.NoSuchFieldException: No field mIsFinished in class Lcom/facebook/react/bridge/queue/MessageQueueThreadImpl; (declaration of 'com.facebook.react.bridge.queue.MessageQueueThreadImpl' appears in /data/app/~~s3aXhO3p99qWpDs5JR_NIA==/com.ginit.app-onGdGWhX-RCGK0AdV6ELRg==/base.apk!classes21.dex)
05-11 13:22:35.045 15628 15722 W System.err: 	at com.facebook.react.runtime.ReactHostImpl.getOrCreateDestroyTask$lambda$61(ReactHostImpl.kt:1411)
05-11 13:22:35.045 15628 15722 W System.err: 	at com.facebook.react.runtime.ReactHostImpl.$r8$lambda$wzh7MW4XWN8Ykyi90O6Gbvy7utw(Unknown Source:0)
05-11 13:22:35.045 15628 15722 W System.err: 	at com.facebook.react.runtime.ReactHostImpl$$ExternalSyntheticLambda28.then(D8$$SyntheticClass:0)
05-11 13:22:35.045 15628 15722 W System.err: java.lang.NoSuchFieldException: No field mIsFinished in class Lcom/facebook/react/bridge/queue/MessageQueueThreadImpl; (declaration of 'com.facebook.react.bridge.queue.MessageQueueThreadImpl' appears in /data/app/~~s3aXhO3p99qWpDs5JR_NIA==/com.ginit.app-onGdGWhX-RCGK0AdV6ELRg==/base.apk!classes21.dex)
05-11 13:22:35.045 15628 15722 W System.err: 	at com.facebook.react.runtime.ReactHostImpl.getOrCreateDestroyTask$lambda$61(ReactHostImpl.kt:1411)
05-11 13:22:35.045 15628 15722 W System.err: 	at com.facebook.react.runtime.ReactHostImpl.$r8$lambda$wzh7MW4XWN8Ykyi90O6Gbvy7utw(Unknown Source:0)
05-11 13:22:35.045 15628 15722 W System.err: 	at com.facebook.react.runtime.ReactHostImpl$$ExternalSyntheticLambda28.then(D8$$SyntheticClass:0)
05-11 13:22:35.046  8852  8852 I HBD     : b [AiWriter] setContact : com.ginit.app
05-11 13:22:35.047 15628 15722 W unknown:ReactNative: Tried to enqueue runnable on already finished thread: 'v_native... dropping Runnable.
05-11 13:22:35.047 15628 15722 W unknown:ReactNative: Tried to enqueue runnable on already finished thread: 'v_native... dropping Runnable.
05-11 13:22:35.047 15628 15722 W unknown:ReactNative: Tried to enqueue runnable on already finished thread: 'v_native... dropping Runnable.
05-11 13:22:35.047 15628 15722 W unknown:ReactNative: Tried to enqueue runnable on already finished thread: 'v_native... dropping Runnable.
05-11 13:22:35.048 15628 15722 W unknown:ReactNative: Tried to enqueue runnable on already finished thread: 'v_native... dropping Runnable.
05-11 13:22:35.049 15628 15722 W unknown:ReactNative: Tried to enqueue runnable on already finished thread: 'v_native... dropping Runnable.
05-11 13:22:35.049 15628 15722 W unknown:ReactNative: Tried to enqueue runnable on already finished thread: 'v_native... dropping Runnable.
05-11 13:22:35.049 15628 15722 W unknown:ReactNative: Tried to enqueue runnable on already finished thread: 'v_native... dropping Runnable.
05-11 13:22:35.049 15628 15722 W unknown:ReactNative: Tried to enqueue runnable on already finished thread: 'v_native... dropping Runnable.
05-11 13:22:35.049 15628 15722 W unknown:ReactNative: Tried to enqueue runnable on already finished thread: 'v_native... dropping Runnable.
05-11 13:22:35.049 15628 15722 W unknown:ReactNative: Tried to enqueue runnable on already finished thread: 'v_native... dropping Runnable.
05-11 13:22:35.049 15628 15722 W unknown:ReactNative: Tried to enqueue runnable on already finished thread: 'v_native... dropping Runnable.
05-11 13:22:35.049 15628 15722 W unknown:ReactNative: Tried to enqueue runnable on already finished thread: 'v_native... dropping Runnable.
05-11 13:22:35.049 15628 15722 W unknown:ReactNative: Tried to enqueue runnable on already finished thread: 'v_native... dropping Runnable.
05-11 13:22:35.050 15628 15722 W unknown:ReactNative: Tried to enqueue runnable on already finished thread: 'v_native... dropping Runnable.
05-11 13:22:35.050 15628 15722 W unknown:ReactNative: Tried to enqueue runnable on already finished thread: 'v_native... dropping Runnable.
05-11 13:22:35.050 15628 15722 W unknown:ReactNative: Tried to enqueue runnable on already finished thread: 'v_native... dropping Runnable.
05-11 13:22:35.050 15628 15722 W unknown:ReactNative: Tried to enqueue runnable on already finished thread: 'v_native... dropping Runnable.
05-11 13:22:35.050 15628 15722 W unknown:ReactNative: Tried to enqueue runnable on already finished thread: 'v_native... dropping Runnable.
05-11 13:22:35.050 15628 15722 W unknown:ReactNative: Tried to enqueue runnable on already finished thread: 'v_native... dropping Runnable.
05-11 13:22:35.050 15628 15722 W unknown:ReactNative: Tried to enqueue runnable on already finished thread: 'v_native... dropping Runnable.
05-11 13:22:35.050 15628 15722 W unknown:ReactNative: Tried to enqueue runnable on already finished thread: 'v_native... dropping Runnable.
05-11 13:22:35.050 15628 15722 W unknown:ReactNative: Tried to enqueue runnable on already finished thread: 'v_native... dropping Runnable.
05-11 13:22:35.050 15628 15722 W unknown:ReactNative: Tried to enqueue runnable on already finished thread: 'v_native... dropping Runnable.
05-11 13:22:35.051 15628 15722 W unknown:ReactNative: Tried to enqueue runnable on already finished thread: 'v_native... dropping Runnable.
05-11 13:22:35.052  2433  2433 I SurfaceFlinger: [LayerHierarchy{RequestedLayerState{ImeContainer#15 parentId=37074 relativeParentId=37090 z=1} 1 children}] RelativeParent to LayerHierarchy{RequestedLayerState{4ebe3f com.ginit.app/com.ginit.app.MainActivity#37090 parentId=37094 z=1} 2 children}
05-11 13:22:35.056 15628 15722 W unknown:ReactNative: Tried to enqueue runnable on already finished thread: 'v_native... dropping Runnable.
05-11 13:22:35.081  3249  4863 W PackageConfigPersister: App-specific configuration not found for packageName: com.ginit.app and userId: 0
05-11 13:22:35.082 15628 15722 W unknown:BridgelessReact: ReactHost{0}.getOrCreateDestroyTask(): Resetting start task ref
05-11 13:22:35.082 15628 15722 W unknown:BridgelessReact: ReactHost{0}.getOrCreateDestroyTask(): Resetting destroy task ref
05-11 13:22:35.130  3249  4854 I SemExecuteManagerService: onShortcutChanged: com.ginit.app0
05-11 13:22:35.138  5946  5946 I HoneySpace.PackageOperationTracker: onShortcutsChanged com.ginit.app - 0 UserHandle{0}
05-11 13:22:35.219  3249  3355 I WindowManager: Reparenting to original parent: Surface(name=ActivityRecord{51905628 u0 com.ginit.app/.MainActivity t10786}#37074)/@0x9fc6504, destroy=true, surface=Surface(name=4ebe3f com.ginit.app/com.ginit.app.MainActivity#37090)/@0x7b5e0c2
05-11 13:22:35.220  3249  3355 D PowerManagerService: [api] release WakeLock SCREEN_BRIGHT_WAKE_LOCK           'WindowManager/displayId:0' ON_AFTER_RELEASE ACQ=-10s399ms (uid=1000 isFrozen=false pid=3249 ws=WorkSource{10757 com.ginit.app} displayId=0 lock=28206de)
05-11 13:22:35.220  3249  3355 D PowerManagerService: [api] applyWakeLockFlagsOnReleaseLocked : userActivityNoUpdateLocked is called : SCREEN_BRIGHT_WAKE_LOCK           'WindowManager/displayId:0' ON_AFTER_RELEASE DISABLED (uid=1000 isFrozen=false pid=3249 ws=WorkSource{10757 com.ginit.app} displayId=0 lock=28206de)
05-11 13:22:35.229  2433  2433 D SurfaceFlinger:        DEVICE |           67121748901899 | 00002102 | RGBA_8888    |    0.0    0.0 1440.0 3120.0 |    0    0 1440 3120 | com.ginit.app/com.ginit.app.MainActivity$_15628#37093 (1)
05-11 13:22:35.236  2433  2433 I SurfaceFlinger: [LayerHierarchy{RequestedLayerState{Surface(name=4ebe3f com.ginit.app/com.ginit.app.MainActivity#37090)/@0x7b5e0c2 - animation-leash of window_animation#37094 z=1} 1 children}] reparent to OffscreenRoot
05-11 13:22:35.236  2433  2433 I SurfaceFlinger: [LayerHierarchy{RequestedLayerState{Surface(name=4ebe3f com.ginit.app/com.ginit.app.MainActivity#37090)/@0x7b5e0c2 - animation-leash of window_animation#37094 z=1} 1 children}] RelativeParent to null
05-11 13:22:35.236  2433  2433 I SurfaceFlinger: [LayerHierarchy{RequestedLayerState{4ebe3f com.ginit.app/com.ginit.app.MainActivity#37090 parentId=37074 z=1} 2 children}] reparent to LayerHierarchy{RequestedLayerState{ActivityRecord{51905628 u0 com.ginit.app/.MainActivity t10786}#37074 parentId=37073} 4 children}
05-11 13:22:35.236  2433  2433 I SurfaceFlinger: id=37094 Removed Surface(name=4ebe3f com.ginit.app/com.ginit.app.MainActivity#37090)/@0x7b5e0c2 - animation-leash of window_animation#37094 (164)
05-11 13:22:35.244  2433  2433 I SurfaceFlinger: destroyed Surface(name=4ebe3f com.ginit.app/com.ginit.app.MainActivity#37090)/@0x7b5e0c2 - animation-leash of window_animation#37094 form LifecycleManager
05-11 13:22:35.244  2433  2433 I SurfaceFlinger: id=37094 onLayerDestroyed from LayerHierarchyBuilder(RequestedLayerState{Surface(name=4ebe3f com.ginit.app/com.ginit.app.MainActivity#37090)/@0x7b5e0c2 - animation-leash of window_animation#37094 !handle z=1})
05-11 13:22:35.244  2433  2433 I SurfaceFlinger: id=37094 Destroyed Surface(name=4ebe3f com.ginit.app/com.ginit.app.MainActivity#37090)/@0x7b5e0c2 - animation-leash of window_animation#37094
05-11 13:22:35.309  3249  8386 W PackageConfigPersister: App-specific configuration not found for packageName: com.ginit.app and userId: 0
05-11 13:22:35.402  3249  4912 W PackageConfigPersister: App-specific configuration not found for packageName: com.ginit.app and userId: 0
05-11 13:22:35.540  3249  3354 D SGM:GameManager: identifyForegroundApp. com.ginit.app, mCurrentUserId: 0, callerUserId: 0
05-11 13:22:35.583  3249  4863 W PackageConfigPersister: App-specific configuration not found for packageName: com.ginit.app and userId: 0
05-11 13:22:35.810  3249  8395 W PackageConfigPersister: App-specific configuration not found for packageName: com.ginit.app and userId: 0
05-11 13:22:36.048  1182  1182 D io_stats: !@ Write_top(KB): system_server:normal(3249) 508 kworker/u33:0:/(17503) 500 com.ginit.app:top(15628) 160
05-11 13:22:36.083  3249  4863 W PackageConfigPersister: App-specific configuration not found for packageName: com.ginit.app and userId: 0
05-11 13:22:36.312  3249  8395 W PackageConfigPersister: App-specific configuration not found for packageName: com.ginit.app and userId: 0
05-11 13:22:36.409  3249  4912 W PackageConfigPersister: App-specific configuration not found for packageName: com.ginit.app and userId: 0
05-11 13:22:36.584  3249  4863 W PackageConfigPersister: App-specific configuration not found for packageName: com.ginit.app and userId: 0
