05-17 13:44:01.641 26756 27120 I ImeTracker: com.ginit.app:97c8bee5: onRequestHide at ORIGIN_SERVER reason HIDE_UNSPECIFIED_WINDOW fromUser false
05-17 13:44:01.642 26756 27120 D SemInputMethodManagerServiceUtil: restorePreviousUsedInputMethod : failed to return the previous ime becuase the stored info is null or do not need restore
05-17 13:44:01.642 26756 27120 V InputMethodManagerService: semComputeImeDisplayIdForTarget: displayToShowIme=0
05-17 13:44:01.642 26756 27120 V InputMethodManagerService: Creating new accessibility sessions for client ClientState{41ac129 mUid=10773 mPid=4070 mSelfReportedDisplayId=0}
05-17 13:44:01.642  4070  4070 D InsetsController: hide(ime())
05-17 13:44:01.642  4070  4070 I ImeTracker: com.ginit.app:97c8bee5: onCancelled at PHASE_CLIENT_ALREADY_HIDDEN
05-17 13:44:01.642 26756 27120 D InputMethodManagerService: isImeSwitcherDisabledPackage : false
05-17 13:44:01.642 26756 27120 D InputMethodManagerService: shouldShowImeSwitcherLocked : checking vis : 3
05-17 13:44:01.642 26756 27120 D InputMethodManagerService: checkDisplayOfStartInputAndUpdateKeyboard: displayId=0, mFocusedDisplayId=0
05-17 13:44:01.642 26756 27120 D InputTransport: Input channel constructed: 'ClientS', fd=1223
05-17 13:44:01.642 26756 27120 D InputTransport: Input channel destroyed: 'ClientS', fd=1223
05-17 13:44:01.642  4070  4237 D InputTransport: Input channel constructed: 'ClientS', fd=215
05-17 13:44:01.642 26756 29223 D RestrictionPolicy: isScreenCaptureEnabled : ret=true userId=0
05-17 13:44:01.643 26756 29223 I WindowManager: Cancelling animation restarting=true, leash=Surface(name=Surface(name=48bfbe5 InputMethod#107009)/@0x9ca6cc8 - animation-leash of insets_animation#123454)/@0xc2725ba
05-17 13:44:01.643 26756 29223 I WindowManager: Reparenting to original parent: Surface(name=WindowToken{5b47bf0 type=2011 android.os.Binder@ae1dc33}#107007)/@0x3057161, destroy=false, surface=Surface(name=48bfbe5 InputMethod#107009)/@0x9ca6cc8
05-17 13:44:01.643 12407 12407 I InputMethodService: onNavButtonFlagsChanged: navButtonFlags=3 imeDrawsImeNavBar=true
05-17 13:44:01.643 26756 29223 I WindowManager: Reparenting to leash, surface=Surface(name=48bfbe5 InputMethod#107009)/@0x9ca6cc8, leashParent=Surface(name=WindowToken{5b47bf0 type=2011 android.os.Binder@ae1dc33}#107007)/@0x3057161
05-17 13:44:01.643 12407 12407 I HBD     : HoneyBoardService onFinishInput 
05-17 13:44:01.643  2433  2515 I SurfaceFlinger: id=123460 createSurf, flag=24004, Surface(name=48bfbe5 InputMethod#107009)/@0x9ca6cc8 - animation-leash of insets_animation#123460
05-17 13:44:01.643 26756 29223 D WindowManager: makeSurface duration=0 leash=Surface(name=Surface(name=48bfbe5 InputMethod#107009)/@0x9ca6cc8 - animation-leash of insets_animation#123460)/@0x4acc542
05-17 13:44:01.643 12407 12407 I HBD     : a IC have been unbinding,  RemoteInputConnection{idHash=#5cdecb}
05-17 13:44:01.643 26756 29223 D InsetsSourceProvider: updateControlForTarget: control=InsetsSourceControl: {3 mType=ime mSurfacePosition=Point(0, 140) mInsetsHint=Insets{left=0, top=0, right=0, bottom=1251}}, target=Window{5f86fc7 u0 com.ginit.app/com.ginit.app.MainActivity}, from=com.android.server.wm.ImeInsetsSourceProvider.updateControlForTarget:23 com.android.server.wm.InsetsStateController.onControlTargetChanged:82 com.android.server.wm.DisplayContent.updateImeControlTarget:48 com.android.server.wm.DisplayContent.updateImeInputAndControlTarget:273 com.android.server.wm.WindowManagerService$LocalService.updateImeTargetWindow:82 
05-17 13:44:01.643 12407 12407 I HBD     : HoneyBoardService [PF_CL][onFinishInput]  0 ms 
05-17 13:44:01.643 26756 29223 I ImeTracker: system_server:46a3d15f: onRequestHide at ORIGIN_SERVER reason IME_REQUESTED_CHANGED_LISTENER fromUser false
05-17 13:44:01.643 26756 26851 V InputMethodManagerService: Client requesting input be hidden
05-17 13:44:01.643 26756 26851 V InputMethodManagerService: setWindowStateInner, windowToken=android.os.BinderProxy@ee66d06, state=ImeTargetWindowState{ softInputModeState STATE_UNSPECIFIED|ADJUST_NOTHING windowFlags: 81810100 imeFocusChanged true hasFocusedEditor false isStartInputByWindowGainFocus true toolType: 0 requestedImeVisible false requestImeToken android.os.Binder@4b64953 imeDisplayId 0}
05-17 13:44:01.643 26756 26851 I ImeTracker: system_server:46a3d15f: onCancelled at PHASE_SERVER_SHOULD_HIDE
05-17 13:44:01.643 26756 26851 V InputMethodManagerService: hideCurrentInputLocked : canceled, shouldHideSoftInput=false, mInputShown=false, mImeWindowVis=0
05-17 13:44:01.643 12407 12407 W HBD     : a inputConnection will be used on unbinded state 
05-17 13:44:01.643 12407 12407 W HBD     : java.lang.Exception
05-17 13:44:01.643 12407 12407 W HBD     : 	at Y7.a.c(Unknown Source:26)
05-17 13:44:01.643 12407 12407 W HBD     : 	at Y7.a.getExtractedText(Unknown Source:20)
05-17 13:44:01.643 12407 12407 W HBD     : 	at A.c.f(Unknown Source:5)
05-17 13:44:01.643 12407 12407 W HBD     : 	at Me.a.a(Unknown Source:9)
05-17 13:44:01.643 12407 12407 W HBD     : 	at com.samsung.android.honeyboard.service.HoneyBoardService.onStartInput(Unknown Source:31)
05-17 13:44:01.643 12407 12407 W HBD     : 	at android.inputmethodservice.InputMethodService.doStartInput(InputMethodService.java:3859)
05-17 13:44:01.643 12407 12407 W HBD     : 	at android.inputmethodservice.InputMethodService$InputMethodImpl.startInput(InputMethodService.java:857)
05-17 13:44:01.643 12407 12407 W HBD     : 	at android.inputmethodservice.InputMethodService$InputMethodImpl.dispatchStartInput(InputMethodService.java:888)
05-17 13:44:01.643 12407 12407 W HBD     : 	at android.inputmethodservice.IInputMethodWrapper.executeMessage(IInputMethodWrapper.java:205)
05-17 13:44:01.643 12407 12407 W HBD     : 	at com.android.internal.os.HandlerCaller$MyHandler.handleMessage(HandlerCaller.java:44)
05-17 13:44:01.643 12407 12407 W HBD     : 	at android.os.Handler.dispatchMessage(Handler.java:132)
05-17 13:44:01.643 12407 12407 W HBD     : 	at android.os.Looper.dispatchMessage(Looper.java:358)
05-17 13:44:01.643 12407 12407 W HBD     : 	at android.os.Looper.loopOnce(Looper.java:288)
05-17 13:44:01.643 12407 12407 W HBD     : 	at android.os.Looper.loop(Looper.java:392)
05-17 13:44:01.643 12407 12407 W HBD     : 	at android.app.ActivityThread.main(ActivityThread.java:10343)
05-17 13:44:01.643 12407 12407 W HBD     : 	at java.lang.reflect.Method.invoke(Native Method)
05-17 13:44:01.643 12407 12407 W HBD     : 	at com.android.internal.os.RuntimeInit$MethodAndArgsCaller.run(RuntimeInit.java:605)
05-17 13:44:01.643 12407 12407 W HBD     : 	at com.android.internal.os.ZygoteInit.main(ZygoteInit.java:972)
05-17 13:44:01.644 12407 12407 I HBD     : a extractedText.isEmpty() true, isPackageMatched():false boardConfig.keyboardBodyVisibility:true editorFieldType:UNKNOWN 
05-17 13:44:01.644 12407 12407 I HBD     : a extractedText skip, update invalid field type 
05-17 13:44:01.644 12407 12407 I HBD     : HoneyBoardService [IMI] onStartInput - caller pid : 4070 , caller uid : 10773 
05-17 13:44:01.644 12407 12407 I HBD     : r updateConfigs 
05-17 13:44:01.644 12407 12407 I HBD     : r isEnabledNightMode : false 
05-17 13:44:01.644 12407 12407 I HBD     : a IC have been binding, RemoteInputConnection{idHash=#5cdecb} 
05-17 13:44:01.644 12407 12407 I HBD     : g [EditorInputType]setPrivateImeOptionsToTable privateImeOptions ( null )
05-17 13:44:01.644 12407 12407 I HBD     : b incognitoMode : false 
05-17 13:44:01.644 12407 12407 I HBD     : e needOff = true , isForceOff = false, isNullInputClass : true 
05-17 13:44:01.644 12407 12407 I HBD     : g getDefaultInputRange : UNKNOWN 
05-17 13:44:01.644 12407 12407 I HBD     : g getDefaultInputRange : UNKNOWN 
05-17 13:44:01.644 12407 12407 I HBD     : g getDefaultInputRange : UNKNOWN 
05-17 13:44:01.644  2433  2433 I SurfaceFlinger: [Surface(name=48bfbe5 InputMethod#107009)/@0x9ca6cc8 - animation-leash of insets_animation#123460] attach to parent LayerHierarchy{RequestedLayerState{WindowToken{5b47bf0 type=2011 android.os.Binder@ae1dc33}#107007 parentId=106850} 2 children}
05-17 13:44:01.644 12407 12407 I HBD     : f [AiWriter] isChildBlockCase:
05-17 13:44:01.645 23425 32204 I SamsungAccount: [AccountManagerProvider] isChildAccount
05-17 13:44:01.645 23425 32204 I SamsungAccount: [AccountManagerProvider] Calling package : android.honeyboard.
05-17 13:44:01.647 23425 32204 I SamsungAccount: [SignatureInfoDbHelper] searchOnUser(fromDb) - [10/lfgff][android.honeyboard.][64/3291d] => matched
05-17 13:44:01.647 23425 32204 I SamsungAccount: [AccountManagerProvider] This is the access of the allowed application
05-17 13:44:01.647 23425 32204 I SamsungAccount: [AccountManagerUtil] isSamsungAccountSignedIn : true
05-17 13:44:01.648 23425 32204 I SamsungAccount: [TPMU]  SIMState     :SIM_STATE_READY
05-17 13:44:01.648 23425 32204 I SamsungAccount: [CountryCodeUtil] isChinaCountryCode : false
05-17 13:44:01.648 23425 32204 I SamsungAccount: [TPMU] getMccFromUsim
05-17 13:44:01.648 23425 32204 I SamsungAccount: [MccManager] saveMccToPreference Start
05-17 13:44:01.648 23425 32204 I SamsungAccount: [MccManager] saveMccToPreference, mcc is same with previous mcc
05-17 13:44:01.649 23425 32204 I SamsungAccount: [ChildAccountSupportedListManager] getSupportedListFromLocal from cache
05-17 13:44:01.649 23425 32204 I SamsungAccount: [TPMU]  SIMState     :SIM_STATE_READY
05-17 13:44:01.649 23425 32204 I SamsungAccount: [CountryCodeUtil] isChinaCountryCode : false
05-17 13:44:01.649 23425 32204 I SamsungAccount: [TPMU] getMccFromUsim
05-17 13:44:01.649 23425 32204 I SamsungAccount: [MccManager] saveMccToPreference Start
05-17 13:44:01.649 23425 32204 I SamsungAccount: [MccManager] saveMccToPreference, mcc is same with previous mcc
05-17 13:44:01.649 23425 32204 I SamsungAccount: [FamilyGroupUtil] meetKoreaCountryCondition(beforeSignUp=false): true
05-17 13:44:01.649 23425 32204 I SamsungAccount: [TPMU]  SIMState     :SIM_STATE_READY
05-17 13:44:01.649 23425 32204 I SamsungAccount: [CountryCodeUtil] isChinaCountryCode : false
05-17 13:44:01.650 23425 32204 I SamsungAccount: [TPMU] getMccFromUsim
05-17 13:44:01.650 23425 32204 I SamsungAccount: [MccManager] saveMccToPreference Start
05-17 13:44:01.650 23425 32204 I SamsungAccount: [MccManager] saveMccToPreference, mcc is same with previous mcc
05-17 13:44:01.650 23425 32204 I SamsungAccount: [FamilyGroupUtil] meetKoreaOneUiCondition: true
05-17 13:44:01.650 23425 32204 I SamsungAccount: [FamilyGroupUtil] isSupportFamilyService: true
05-17 13:44:01.650 23425 32204 I SamsungAccount: [AccountManagerUtil] isSamsungAccountSignedIn : true
05-17 13:44:01.650 23425 32204 I SamsungAccount: [ChildAccount] isChildAccount : false
05-17 13:44:01.650 23425 32204 I SamsungAccount: [AccountManagerProvider] makeResultBundle - resultCode : 0
05-17 13:44:01.650 12407 12407 I HBD     : f [AiWriter] isChildAccount:false
05-17 13:44:01.650 12407 12407 I HBD     : e needOff = true , isForceOff = false, isNullInputClass : true 
05-17 13:44:01.650 12407 12407 I HBD     : e update cached prediction status : false 
05-17 13:44:01.650 12407 12407 I HBD     : g getDefaultInputRange : UNKNOWN 
05-17 13:44:01.650 12407 12407 I HBD     : g getDefaultInputRange : UNKNOWN 
05-17 13:44:01.650 12407 12407 I HBD     : a currentState : 0 
05-17 13:44:01.650 26756 27546 D SecContentProvider: query(), uri = 17 selection = isSettingsChangesAllowed
05-17 13:44:01.650 26756 27546 D SecContentProvider: called from android.uid.honeyboard:10201
05-17 13:44:01.650 26756 27546 D RestrictionPolicy: isSettingsChangesAllowedAsUser, userId 0 : true
05-17 13:44:01.651 26756 27546 D SecContentProvider: query(), uri = 17 selection = isSettingsChangesAllowed
05-17 13:44:01.651 26756 27546 D SecContentProvider: called from android.uid.honeyboard:10201
05-17 13:44:01.651 26756 27546 D RestrictionPolicy: isSettingsChangesAllowedAsUser, userId 0 : true
05-17 13:44:01.651 12407 12407 I HBD     : a [UpdatePolicy] [post] a: 0 cl: 4521984 kit: [0/0] vt: 0 ir: 1 
05-17 13:44:01.651 12407 23319 I HBD     : o updated Sub Types. Korean 
05-17 13:44:01.651 12407 12407 I HBD     : a [NRIC] resetNoResponseState 
05-17 13:44:01.651 12407 12407 I HBD     : e needOff = true , isForceOff = false, isNullInputClass : true 
05-17 13:44:01.651 12407 12407 I HBD     : e update cached prediction status : false 
05-17 13:44:01.651 12407 12407 I HBD     : f init 
05-17 13:44:01.651 12407 12407 I HBD     : b [AiWriter] setContact : com.ginit.app
05-17 13:44:01.651 12407 12407 I HBD     : [HitRate] b clear candidateHistory 
05-17 13:44:01.651 12407 12407 I HBD     : [SwypeStatistics] c setOnEdit : false 
05-17 13:44:01.651 12407 12407 I HBD     : [SwypeStatistics] c clear swypeHistory 
05-17 13:44:01.651 12407 12407 I HBD     : d onStartInput 
05-17 13:44:01.651 12407 12407 I HBD     : HoneyBoardService [PF_OP][onStartInput]  8 ms 
05-17 13:44:01.651 12407  5117 I HBD     : a InputMethodSubtype is set as local:ko 
05-17 13:44:01.651 12407 12407 I HBD     : [DirectWriting] DirectWriting emitInputConnection : RemoteInputConnection{idHash=#5cdecb} 
05-17 13:44:01.651 26756 26756 I InputMethodManagerService: subtype state: oldSubtype = android.view.inputmethod.InputMethodSubtype@450000 newSubtype = android.view.inputmethod.InputMethodSubtype@450000 force = false, intent received : false
05-17 13:44:01.652  2433  2433 I SurfaceFlinger: RequestedLayer [Surface(name=48bfbe5 InputMethod#107[...]ion-leash of insets_animation#123460] hidden!! flag  from(1) --> to(0)
05-17 13:44:01.652  2433  2433 E SurfaceFlinger: alpha changed 1.000 -> 0.000 - Surface(name=48bfbe5 InputMethod#107009)/@0x9ca6cc8 - animation-leash of insets_animation#123460
05-17 13:44:01.652  2433  2433 I SurfaceFlinger: [LayerHierarchy{RequestedLayerState{ImeContainer#106850 parentId=123440 relativeParentId=123455 z=1} 1 children}] RelativeParent to LayerHierarchy{RequestedLayerState{5f86fc7 com.ginit.app/com.ginit.app.MainActivity#123455 parentId=123459 z=1} 2 children}
05-17 13:44:01.652  2433  2433 I SurfaceFlinger: [LayerHierarchy{RequestedLayerState{48bfbe5 InputMethod#107009 parentId=123460} no children}] reparent to LayerHierarchy{RequestedLayerState{Surface(name=48bfbe5 InputMethod#107009)/@0x9ca6cc8 - animation-leash of insets_animation#123460 parentId=107007} 1 children}
05-17 13:44:01.652  2433  2433 I SurfaceFlinger: [LayerHierarchy{RequestedLayerState{Surface(name=48bfbe5 InputMethod#107009)/@0x9ca6cc8 - animation-leash of insets_animation#123454} no children}] reparent to OffscreenRoot
05-17 13:44:01.652  2433  2433 I SurfaceFlinger: [LayerHierarchy{RequestedLayerState{Surface(name=48bfbe5 InputMethod#107009)/@0x9ca6cc8 - animation-leash of insets_animation#123454} no children}] RelativeParent to null
05-17 13:44:01.653  2433  2515 I SurfaceFlinger: id=123454 Removed Surface(name=48bfbe5 InputMethod#107009)/@0x9ca6cc8 - animation-leash of insets_animation#123454 (216)
05-17 13:44:01.656 12407 12407 I InputMethodService: scheduleImeSurfaceRemoval: removeImeSurface is posted.
05-17 13:44:01.661  2433  2433 I SurfaceFlinger: destroyed Surface(name=48bfbe5 InputMethod#107009)/@0x9ca6cc8 - animation-leash of insets_animation#123454 form LifecycleManager
05-17 13:44:01.661  2433  2433 I SurfaceFlinger: id=123454 onLayerDestroyed from LayerHierarchyBuilder(RequestedLayerState{Surface(name=48bfbe5 InputMethod#107009)/@0x9ca6cc8 - animation-leash of insets_animation#123454 !handle})
05-17 13:44:01.661  2433  2433 I SurfaceFlinger: id=123454 Destroyed Surface(name=48bfbe5 InputMethod#107009)/@0x9ca6cc8 - animation-leash of insets_animation#123454
05-17 13:44:01.711  2317 29686 I sensors-hal: handle_sns_std_sensor_event:127, [SSC_LIGHT] A: 62(62),c:56,b:95,m:0xd,cl:14,l:98,s:75,l0:1804,l1:64,s0:1375,s1:0,acl:1,opr:0.91,f(r):99,u(bl):100,if:99,sm:0,si:0,ps:65(N:64)
05-17 13:44:01.734 26756 26849 I GestureDetector: handleMessage TAP
05-17 13:44:01.734 26756 26756 I GestureDetector: handleMessage TAP
05-17 13:44:01.783  2317  2466 I sensors-hal: get_flicker_als_data:196, [SSC_LIGHT] flicker lux: 2 (6747, 469, dw: 40)
05-17 13:44:01.811 26756 26852 I WindowManager: Reparenting to original parent: Surface(name=ActivityRecord{220589377 u0 com.ginit.app/.MainActivity t11458}#123440)/@0xcc82168, destroy=true, surface=Surface(name=5f86fc7 com.ginit.app/com.ginit.app.MainActivity#123455)/@0xfd479db
05-17 13:44:01.828  2433  2433 I SurfaceFlinger: [Display 0 name="기본으로 제공되는 화면"#106876] setFrameRateCategory: Default
05-17 13:44:01.828  2433  2433 I SurfaceFlinger: [LayerHierarchy{RequestedLayerState{Surface(name=5f86fc7 com.ginit.app/com.ginit.app.MainActivity#123455)/@0xfd479db - animation-leash of window_animation#123459 z=1} 1 children}] reparent to OffscreenRoot
05-17 13:44:01.828  2433  2433 I SurfaceFlinger: [LayerHierarchy{RequestedLayerState{Surface(name=5f86fc7 com.ginit.app/com.ginit.app.MainActivity#123455)/@0xfd479db - animation-leash of window_animation#123459 z=1} 1 children}] RelativeParent to null
05-17 13:44:01.828  2433  2433 I SurfaceFlinger: [LayerHierarchy{RequestedLayerState{5f86fc7 com.ginit.app/com.ginit.app.MainActivity#123455 parentId=123440 z=1} 2 children}] reparent to LayerHierarchy{RequestedLayerState{ActivityRecord{220589377 u0 com.ginit.app/.MainActivity t11458}#123440 parentId=123439} 4 children}
05-17 13:44:01.829  2433  2433 I SurfaceFlinger: id=123459 Removed Surface(name=5f86fc7 com.ginit.app/com.ginit.app.MainActivity#123455)/@0xfd479db - animation-leash of window_animation#123459 (215)
05-17 13:44:01.829 26756 26851 D LocalDisplayAdapter: updateActiveModeLocked for d=4630947077158959251, mActiveModeId=1, mActiveSfDisplayMode=DisplayMode{id=0, width=1440, height=3120, xDpi=501.0411, yDpi=498.4151, peakRefreshRate=120.00001, vsyncRate=240.00005, appVsyncOffsetNanos=8333111, presentationDeadlineNanos=9333444, supportedHdrTypes=[4, 2, 3], group=0}
05-17 13:44:01.830 26756 26851 I DisplayDeviceRepository: Display device changed render timings: "기본으로 제공되는 화면", renderFrameRate=120.00002, presentationDeadlineNanos=9333443, appVsyncOffsetNanos=8333111, frameRateOverrides=[]
05-17 13:44:01.831 27882 27882 D DisplayLifecycle: updateDisplay id = 0
05-17 13:44:01.831 27882 28209 D StackScroller: onDisplayChanged for predraw skip to 2
05-17 13:44:01.831 26756 27546 D WifiDisplayAdapter: isFitToActiveDisplayLocked : false
05-17 13:44:01.836  2433  2433 I SurfaceFlinger: destroyed Surface(name=5f86fc7 com.ginit.app/com.ginit.app.MainActivity#123455)/@0xfd479db - animation-leash of window_animation#123459 form LifecycleManager
05-17 13:44:01.836  2433  2433 I SurfaceFlinger: id=123459 onLayerDestroyed from LayerHierarchyBuilder(RequestedLayerState{Surface(name=5f86fc7 com.ginit.app/com.ginit.app.MainActivity#123455)/@0xfd479db - animation-leash of window_animation#123459 !handle z=1})
05-17 13:44:01.836  2433  2433 I SurfaceFlinger: id=123459 Destroyed Surface(name=5f86fc7 com.ginit.app/com.ginit.app.MainActivity#123455)/@0xfd479db - animation-leash of window_animation#123459
05-17 13:44:01.839  4070  4545 I Kumiho-Kumiho: getPackageName: com.ginit.app
05-17 13:44:01.839  4070  4545 I Kumiho-Kumiho: getPackageName: com.ginit.app
05-17 13:44:01.844  4070  4070 D Glide   : Finished loading BitmapDrawable from DATA_DISK_CACHE for http://localhost:8081/assets/?unstable_path=.%2Fassets%2Fimages/notification_icon_monochrome.png?platform=android&hash=ced0ff47f21512c3446deade28abd903 with size [252x252] in 6.073385999999999 ms
05-17 13:44:01.858  4070  4545 I Kumiho-Kumiho: getPackageName: com.ginit.app
05-17 13:44:01.858  4070  4545 I Kumiho-Kumiho: getPackageName: com.ginit.app
05-17 13:44:01.860 26756 29223 W PackageConfigPersister: App-specific configuration not found for packageName: com.ginit.app and userId: 0
05-17 13:44:01.860 26756 27360 I SemWifiServiceDetector: NSD results: [0, 0, 2, 0, 0, 1, 2, 0, 1] Traff. type 2 Thr 163
05-17 13:44:01.863 26756 27360 I SemTwtInfo: NRTA but TWT effective 0 0
05-17 13:44:01.866  4070  4070 D Glide   : Finished loading BitmapDrawable from DATA_DISK_CACHE for http://localhost:8081/assets/?unstable_path=.%2Fassets%2Fimages/notification_icon_monochrome.png?platform=android&hash=ced0ff47f21512c3446deade28abd903 with size [252x252] in 9.35026 ms
05-17 13:44:01.874  4070  4545 I Kumiho-Kumiho: getPackageName: com.ginit.app
05-17 13:44:01.875  4070  4545 I Kumiho-Kumiho: getPackageName: com.ginit.app
05-17 13:44:01.883  4070  4070 D Glide   : Finished loading BitmapDrawable from DATA_DISK_CACHE for http://localhost:8081/assets/?unstable_path=.%2Fassets%2Fimages/notification_icon_monochrome.png?platform=android&hash=ced0ff47f21512c3446deade28abd903 with size [252x252] in 9.400417 ms
05-17 13:44:01.900  4070  4545 I Kumiho-Kumiho: getPackageName: com.ginit.app
05-17 13:44:01.900  4070  4545 I Kumiho-Kumiho: getPackageName: com.ginit.app
05-17 13:44:01.908  4070  4070 D Glide   : Finished loading BitmapDrawable from DATA_DISK_CACHE for http://localhost:8081/assets/?unstable_path=.%2Fassets%2Fimages/notification_icon_monochrome.png?platform=android&hash=ced0ff47f21512c3446deade28abd903 with size [252x252] in 9.195103999999999 ms
05-17 13:44:01.934  4070  4545 I Kumiho-Kumiho: getPackageName: com.ginit.app
05-17 13:44:01.934  4070  4545 I Kumiho-Kumiho: getPackageName: com.ginit.app
05-17 13:44:01.941  2317  2466 I sensors-hal: handle_sns_std_sensor_event:401, [SSC_LIGHT] P: 101(101),c:17,b:95,m:0xd,cl:4,l:102,s:89,l0:1736,l1:72,s0:1500,s1:0,acl:1,opr:0.64,f(r):99,u(bl):100,if:99,sm:0,si:0,ps:85(N:64)
05-17 13:44:01.942  4070  4070 D Glide   : Finished loading BitmapDrawable from DATA_DISK_CACHE for http://localhost:8081/assets/?unstable_path=.%2Fassets%2Fimages/notification_icon_monochrome.png?platform=android&hash=ced0ff47f21512c3446deade28abd903 with size [252x252] in 10.17526 ms
05-17 13:44:01.947 26373  5116 I HYPER-HAL: [RequestManager.cpp]releaseLocked(): Released ID : 603285838
05-17 13:44:01.958  4070  4545 I Kumiho-Kumiho: getPackageName: com.ginit.app
05-17 13:44:01.959  4070  4545 I Kumiho-Kumiho: getPackageName: com.ginit.app
05-17 13:44:01.966  4070  4070 D Glide   : Finished loading BitmapDrawable from DATA_DISK_CACHE for http://localhost:8081/assets/?unstable_path=.%2Fassets%2Fimages/notification_icon_monochrome.png?platform=android&hash=ced0ff47f21512c3446deade28abd903 with size [252x252] in 8.831614 ms
05-17 13:44:01.974  4070  4545 I Kumiho-Kumiho: getPackageName: com.ginit.app
05-17 13:44:01.975  4070  4545 I Kumiho-Kumiho: getPackageName: com.ginit.app
05-17 13:44:01.982  4070  4070 D Glide   : Finished loading BitmapDrawable from DATA_DISK_CACHE for http://localhost:8081/assets/?unstable_path=.%2Fassets%2Fimages/notification_icon_monochrome.png?platform=android&hash=ced0ff47f21512c3446deade28abd903 with size [252x252] in 9.286823 ms
05-17 13:44:01.999  4070  4545 I Kumiho-Kumiho: getPackageName: com.ginit.app
05-17 13:44:01.999  4070  4545 I Kumiho-Kumiho: getPackageName: com.ginit.app
05-17 13:44:02.008  4070  4070 D Glide   : Finished loading BitmapDrawable from DATA_DISK_CACHE for http://localhost:8081/assets/?unstable_path=.%2Fassets%2Fimages/notification_icon_monochrome.png?platform=android&hash=ced0ff47f21512c3446deade28abd903 with size [252x252] in 10.350833 ms
05-17 13:44:02.016  4070  4545 I Kumiho-Kumiho: getPackageName: com.ginit.app
05-17 13:44:02.017  4070  4545 I Kumiho-Kumiho: getPackageName: com.ginit.app
05-17 13:44:02.022 17837  5111 W adbd    : timed out while waiting for FUNCTIONFS_BIND, trying again
05-17 13:44:02.022 17837  5111 I adbd    : UsbFfs: connection terminated: monitor thread finished
05-17 13:44:02.023  4070  4070 D Glide   : Finished loading BitmapDrawable from DATA_DISK_CACHE for http://localhost:8081/assets/?unstable_path=.%2Fassets%2Fimages/notification_icon_monochrome.png?platform=android&hash=ced0ff47f21512c3446deade28abd903 with size [252x252] in 8.236457999999999 ms
05-17 13:44:02.033  4070  4545 I Kumiho-Kumiho: getPackageName: com.ginit.app
05-17 13:44:02.033  4070  4545 I Kumiho-Kumiho: getPackageName: com.ginit.app
05-17 13:44:02.039  4070  4070 D Glide   : Finished loading BitmapDrawable from DATA_DISK_CACHE for http://localhost:8081/assets/?unstable_path=.%2Fassets%2Fimages/notification_icon_monochrome.png?platform=android&hash=ced0ff47f21512c3446deade28abd903 with size [252x252] in 7.865260999999999 ms
05-17 13:44:02.040 17837 17848 I adbd    : opening control endpoint /dev/usb-ffs/adb/ep0
05-17 13:44:02.049  4070  4545 I Kumiho-Kumiho: getPackageName: com.ginit.app
05-17 13:44:02.050  4070  4545 I Kumiho-Kumiho: getPackageName: com.ginit.app
05-17 13:44:02.056  4070  4070 D Glide   : Finished loading BitmapDrawable from DATA_DISK_CACHE for http://localhost:8081/assets/?unstable_path=.%2Fassets%2Fimages/notification_icon_monochrome.png?platform=android&hash=ced0ff47f21512c3446deade28abd903 with size [252x252] in 8.274219 ms
05-17 13:44:02.065 26756 27344 W PackageConfigPersister: App-specific configuration not found for packageName: com.ginit.app and userId: 0
05-17 13:44:02.065  4070  4545 I Kumiho-Kumiho: getPackageName: com.ginit.app
05-17 13:44:02.066  4070  4545 I Kumiho-Kumiho: getPackageName: com.ginit.app
05-17 13:44:02.073 26379 26841 I thermal_core: pivot(AP) : 405, skin : 367
05-17 13:44:02.073 26379 26841 I vendor.samsung.hardware.thermal-service: index = 33.400000
05-17 13:44:02.073 26379 26841 I vendor.samsung.hardware.thermal-service: 1 / 2
05-17 13:44:02.075  4070  4070 D Glide   : Finished loading BitmapDrawable from DATA_DISK_CACHE for http://localhost:8081/assets/?unstable_path=.%2Fassets%2Fimages/notification_icon_monochrome.png?platform=android&hash=ced0ff47f21512c3446deade28abd903 with size [252x252] in 11.103698 ms
05-17 13:44:02.082  4070  4545 I Kumiho-Kumiho: getPackageName: com.ginit.app
05-17 13:44:02.083  4070  4545 I Kumiho-Kumiho: getPackageName: com.ginit.app
05-17 13:44:02.089  4070  4070 D Glide   : Finished loading BitmapDrawable from DATA_DISK_CACHE for http://localhost:8081/assets/?unstable_path=.%2Fassets%2Fimages/notification_icon_monochrome.png?platform=android&hash=ced0ff47f21512c3446deade28abd903 with size [252x252] in 8.174531 ms
05-17 13:44:02.098  4070  4545 I Kumiho-Kumiho: getPackageName: com.ginit.app
05-17 13:44:02.099  4070  4545 I Kumiho-Kumiho: getPackageName: com.ginit.app
05-17 13:44:02.107  4070  4070 D Glide   : Finished loading BitmapDrawable from DATA_DISK_CACHE for http://localhost:8081/assets/?unstable_path=.%2Fassets%2Fimages/notification_icon_monochrome.png?platform=android&hash=ced0ff47f21512c3446deade28abd903 with size [252x252] in 9.202292 ms
05-17 13:44:02.116  4070  4545 I Kumiho-Kumiho: getPackageName: com.ginit.app
05-17 13:44:02.116  4070  4545 I Kumiho-Kumiho: getPackageName: com.ginit.app
05-17 13:44:02.124  4070  4070 D Glide   : Finished loading BitmapDrawable from DATA_DISK_CACHE for http://localhost:8081/assets/?unstable_path=.%2Fassets%2Fimages/notification_icon_monochrome.png?platform=android&hash=ced0ff47f21512c3446deade28abd903 with size [252x252] in 9.08198 ms
05-17 13:44:02.140  4070  4545 I Kumiho-Kumiho: getPackageName: com.ginit.app
05-17 13:44:02.141  4070  4545 I Kumiho-Kumiho: getPackageName: com.ginit.app
05-17 13:44:02.143 26756 26851 D SGM:GameManager: identifyForegroundApp. com.ginit.app, mCurrentUserId: 0, callerUserId: 0
05-17 13:44:02.143 26756 26851 D SGM:SemGameManager: isForegroundGame(), ret=false
05-17 13:44:02.149  4070  4070 D Glide   : Finished loading BitmapDrawable from DATA_DISK_CACHE for http://localhost:8081/assets/?unstable_path=.%2Fassets%2Fimages/notification_icon_monochrome.png?platform=android&hash=ced0ff47f21512c3446deade28abd903 with size [252x252] in 10.6325 ms
05-17 13:44:02.155 12407 12407 I InputMethodService: removeImeSurface
05-17 13:44:02.155 12407 12407 I InputMethodService: cancelImeSurfaceRemoval: removeCallbacks
05-17 13:44:02.165  4070  4545 I Kumiho-Kumiho: getPackageName: com.ginit.app
05-17 13:44:02.166  4070  4545 I Kumiho-Kumiho: getPackageName: com.ginit.app
05-17 13:44:02.174  4070  4070 D Glide   : Finished loading BitmapDrawable from DATA_DISK_CACHE for http://localhost:8081/assets/?unstable_path=.%2Fassets%2Fimages/notification_icon_monochrome.png?platform=android&hash=ced0ff47f21512c3446deade28abd903 with size [252x252] in 9.829428 ms
05-17 13:44:02.204 26756 27393 W PackageConfigPersister: App-specific configuration not found for packageName: com.ginit.app and userId: 0
05-17 13:44:02.207 26756 27393 D SemWifiSwitchForIndividualAppsService: isSkipNetworkCondition - result:2
05-17 13:44:02.361 26756 29223 W PackageConfigPersister: App-specific configuration not found for packageName: com.ginit.app and userId: 0
05-17 13:44:02.398 26756 27105 D InputReader: Btn_touch(6): value=1 when=579984.186014
05-17 13:44:02.398 26756 27105 I InputReader: Touch event's action is 0x0 (id=6, t=0) [pCnt=1, s=0.60690 ] when=579984.186014
05-17 13:44:02.399 26756 27104 I InputDispatcher: Delivering touch to (27882): action: 0x4, f=0x0, d=0, 'fa1cb79', t=1 
05-17 13:44:02.399 26756 27104 I InputDispatcher: Delivering touch to (4070): action: 0x0, f=0x0, d=0, '5f86fc7', t=1 
05-17 13:44:02.399  4070  4070 I VRI[MainActivity]@104573f: ViewPostIme pointer 0
05-17 13:44:02.400 28736 28736 I HoneySpace.InputConsumerFactory: checkMultiFingerGesture: returning NO_OP - gesture disabled or blocked
05-17 13:44:02.400 28736 28736 I HoneySpace.GestureInputHandler: inputConsumers = [com.honeyspace.gesture.inputconsumer.InputConsumer$Companion$NO_OP$1@32046d]
05-17 13:44:02.400 28736 28736 I HoneySpace.InputSession: inputConsumers = NO_OP
05-17 13:44:02.400 28736 28736 I HoneySpace.InputSession: open
05-17 13:44:02.401 26756 26849 I GestureDetector: obtain mCurrentDownEvent. id: 625098915 caller: com.android.server.wm.SystemGesturesPointerEventListener.onPointerEvent:17 com.android.server.wm.PointerEventDispatcher.onInputEvent:51 android.view.InputEventReceiver.dispatchInputEvent:362 
05-17 13:44:02.401  4070  4070 I VRI[MainActivity]@104573f: call setFrameRateCategory category=high hint, reason=touch, vri=VRI[MainActivity]@104573f
05-17 13:44:02.401 26756 26849 I GestureDetector: obtain mCurrentDownEvent. id: 625098915 caller: com.android.server.wm.SystemPerformancePointerEventListener.onPointerEvent:13 com.android.server.wm.PointerEventDispatcher.onInputEvent:51 android.view.InputEventReceiver.dispatchInputEvent:362 
05-17 13:44:02.401 29115 29115 I SemDvfsHyPerManager: acquire hyper - TATouchBoost/29115@28, type = -999
05-17 13:44:02.401 26756 27125 W PackageConfigPersister: App-specific configuration not found for packageName: com.ginit.app and userId: 0
05-17 13:44:02.401 29115 29115 I SemDvfsHyPerManager: acquire hyper - TA_TOUCH_SHARE/29115@29, type = -999
05-17 13:44:02.401 26373 26412 I HYPER-HAL: [RequestManager.cpp]acquire(): Acquired ID : 424671824 [29115 / 28]  HINT :     list : [TABoost / 1] [TIMEOUT / 1500] 
05-17 13:44:02.402 26373 26412 I HYPER-HAL: [RequestManager.cpp]acquire(): Acquired ID : 424700969 [29115 / 29]  HINT : TA_TOUCH_SHARE   list : [TIMEOUT / 1500] 
05-17 13:44:02.402 26756 29223 W PackageConfigPersister: App-specific configuration not found for packageName: com.ginit.app and userId: 0
05-17 13:44:02.403  2433  2433 I SurfaceFlinger: [com.ginit.app/com.ginit.app.MainActivity$_4070#123456] setFrameRateCategory: HighHint
05-17 13:44:02.406 26756 26849 I GestureDetector: obtain mCurrentMotionEventRaw. action: 2 id: 192645840
05-17 13:44:02.406 26756 26849 I GestureDetector: obtain mCurrentMotionEventRaw. action: 2 id: 192645840
05-17 13:44:02.506 26756 27105 D InputReader: Btn_touch(6): value=0 when=579984.294051
05-17 13:44:02.506 26756 27105 I InputReader: Touch event's action is 0x1 (id=6, t=0) [pCnt=1, s=] when=579984.294051
05-17 13:44:02.506 26756 27104 I InputDispatcher: Delivering touch to (4070): action: 0x1, f=0x0, d=0, '5f86fc7', t=1 
05-17 13:44:02.506 26756 27104 D PowerManagerService: [api] userActivityFromNative : touch displayId=0 eventTime=579984294
05-17 13:44:02.506 28736 28736 I HoneySpace.GestureInputHandler: reset
05-17 13:44:02.506 28736 28736 I HoneySpace.InputSession: close
05-17 13:44:02.507  4070  4070 I VRI[MainActivity]@104573f: ViewPostIme pointer 1
05-17 13:44:02.507 29115 29115 I SemDvfsHyPerManager: acquire hyper - TATouchBoost/29115@28, type = -999
05-17 13:44:02.507 29115 29115 I SemDvfsHyPerManager: acquire hyper - TA_TOUCH_SHARE/29115@29, type = -999
05-17 13:44:02.507 26373 26412 I HYPER-HAL: [RequestManager.cpp]acquire(): Acquired ID : 424671824 [29115 / 28]  HINT :     list : [TABoost / 1] [TIMEOUT / 1500] 
05-17 13:44:02.507 26373 26412 I HYPER-HAL: [RequestManager.cpp]acquire(): Acquired ID : 424700969 [29115 / 29]  HINT : TA_TOUCH_SHARE   list : [TIMEOUT / 1500] 
05-17 13:44:02.554  4070  4070 I WindowManager: WindowManagerGlobal#removeView, ty=2, view=com.android.internal.policy.DecorView{dcbe75e V.E...... R......D 0,0-1440,3120 aid=1073741824}[MainActivity], caller=android.view.WindowManagerGlobal.removeView:654 android.view.WindowManagerImpl.removeViewImmediate:254 android.app.Dialog.dismissDialog:854 
05-17 13:44:02.555  4070  4070 D WindowOnBackDispatcher: setTopOnBackInvokedCallback (unwrapped): null
05-17 13:44:02.555 26756 27546 D CoreBackPreview: Window{5f86fc7 u0 com.ginit.app/com.ginit.app.MainActivity}: Setting back callback null
05-17 13:44:02.559  4070  4070 I VRI[MainActivity]@104573f: dispatchDetachedFromWindow
05-17 13:44:02.559 26756 29223 D InputTransport: Input channel destroyed: '5f86fc7', fd=1238
05-17 13:44:02.560 26756 29223 V WindowManager: Remove Window{5f86fc7 u0 com.ginit.app/com.ginit.app.MainActivity}: mSurfaceControl=Surface(name=com.ginit.app/com.ginit.app.MainActivity$_4070#123456)/@0x6aba345 mAnimatingExit=false mRemoveOnExit=false mHasSurface=true surfaceShowing=true animating=false app-animation=false callers=com.android.server.wm.Session.remove:15 android.view.IWindowSession$Stub.onTransact:813 com.android.server.wm.Session.onTransact:1 android.os.Binder.execTransactInternal:1509 android.os.Binder.execTransact:1454 <bottom of call stack> 
05-17 13:44:02.560 26756 29223 V WindowManager: Loading animations: picked package=com.ginit.app
05-17 13:44:02.560 26756 29223 I WindowManager: Reparenting to leash, surface=Surface(name=5f86fc7 com.ginit.app/com.ginit.app.MainActivity#123455)/@0xfd479db, leashParent=Surface(name=ActivityRecord{220589377 u0 com.ginit.app/.MainActivity t11458}#123440)/@0xcc82168
05-17 13:44:02.560  2433  4992 I SurfaceFlinger: id=123461 createSurf, flag=24000, Surface(name=5f86fc7 com.ginit.app/com.ginit.app.MainActivity#123455)/@0xfd479db - animation-leash of window_animation#123461
05-17 13:44:02.560 26756 29223 D WindowManager: makeSurface duration=0 leash=Surface(name=Surface(name=5f86fc7 com.ginit.app/com.ginit.app.MainActivity#123455)/@0xfd479db - animation-leash of window_animation#123461)/@0xc238fcb
05-17 13:44:02.561  2433  2433 I SurfaceFlinger: [Surface(name=5f86fc7 com.ginit.app/com.ginit.app.MainActivity#123455)/@0xfd479db - animation-leash of window_animation#123461] attach to parent LayerHierarchy{RequestedLayerState{ActivityRecord{220589377 u0 com.ginit.app/.MainActivity t11458}#123440 parentId=123439} 5 children}
05-17 13:44:02.561 26756 29223 D WindowManager: Changing focus from Window{5f86fc7 u0 com.ginit.app/com.ginit.app.MainActivity EXITING} to Window{38e7ff6 u0 com.ginit.app/com.ginit.app.MainActivity} displayId=0 Callers=com.android.server.wm.WindowState.removeIfPossible:659 com.android.server.wm.Session.remove:15 android.view.IWindowSession$Stub.onTransact:813 com.android.server.wm.Session.onTransact:1 
05-17 13:44:02.561 26756 29223 I WindowManager: Cancelling animation restarting=true, leash=Surface(name=Surface(name=2156aa0 StatusBar#106925)/@0x8bd1271 - animation-leash of insets_animation#123457)/@0x9f816de
05-17 13:44:02.561 26756 29223 I WindowManager: Reparenting to original parent: Surface(name=WindowToken{56b97a3 type=2000 android.os.BinderProxy@6b015d}#106924)/@0x8857856, destroy=false, surface=Surface(name=2156aa0 StatusBar#106925)/@0x8bd1271
05-17 13:44:02.561 26756 29223 I WindowManager: Reparenting to leash, surface=Surface(name=2156aa0 StatusBar#106925)/@0x8bd1271, leashParent=Surface(name=WindowToken{56b97a3 type=2000 android.os.BinderProxy@6b015d}#106924)/@0x8857856
05-17 13:44:02.561  2433  2515 I SurfaceFlinger: id=123462 createSurf, flag=24000, Surface(name=2156aa0 StatusBar#106925)/@0x8bd1271 - animation-leash of insets_animation#123462
05-17 13:44:02.561 26756 29223 D WindowManager: makeSurface duration=0 leash=Surface(name=Surface(name=2156aa0 StatusBar#106925)/@0x8bd1271 - animation-leash of insets_animation#123462)/@0x7682ec1
05-17 13:44:02.561 26756 29223 D InsetsSourceProvider: updateControlForTarget: control=InsetsSourceControl: {74080000 mType=statusBars initiallyVisible mSurfacePosition=Point(0, 0) mInsetsHint=Insets{left=0, top=140, right=0, bottom=0}}, target=Window{38e7ff6 u0 com.ginit.app/com.ginit.app.MainActivity}, from=com.android.server.wm.InsetsStateController.onControlTargetChanged:82 com.android.server.wm.InsetsPolicy.updateBarControlTarget:203 com.android.server.wm.DisplayPolicy.updateSystemBarAttributes:425 com.android.server.wm.WindowManagerService.updateFocusedWindowLocked:358 com.android.server.wm.WindowState.removeIfPossible:659 
05-17 13:44:02.561 26756 29223 I WindowManager: Cancelling animation restarting=true, leash=Surface(name=Surface(name=fa1cb79 NavigationBar0#106916)/@0xd3022c - animation-leash of insets_animation#123458)/@0xcdb038c
05-17 13:44:02.561 26756 29223 I WindowManager: Reparenting to original parent: Surface(name=WindowToken{5860040 type=2019 android.os.BinderProxy@8c2b049}#106915)/@0xe8984f5, destroy=false, surface=Surface(name=fa1cb79 NavigationBar0#106916)/@0xd3022c
05-17 13:44:02.561 26756 29223 I WindowManager: Reparenting to leash, surface=Surface(name=fa1cb79 NavigationBar0#106916)/@0xd3022c, leashParent=Surface(name=WindowToken{5860040 type=2019 android.os.BinderProxy@8c2b049}#106915)/@0xe8984f5
05-17 13:44:02.561  2433  2833 I SurfaceFlinger: id=123463 createSurf, flag=24000, Surface(name=fa1cb79 NavigationBar0#106916)/@0xd3022c - animation-leash of insets_animation#123463
05-17 13:44:02.561 26756 29223 D WindowManager: makeSurface duration=0 leash=Surface(name=Surface(name=fa1cb79 NavigationBar0#106916)/@0xd3022c - animation-leash of insets_animation#123463)/@0x1d95da7
05-17 13:44:02.561 26756 29223 D InsetsSourceProvider: updateControlForTarget: control=InsetsSourceControl: {bd700001 mType=navigationBars initiallyVisible mSurfacePosition=Point(0, 2940) mInsetsHint=Insets{left=0, top=0, right=0, bottom=56}}, target=Window{38e7ff6 u0 com.ginit.app/com.ginit.app.MainActivity}, from=com.android.server.wm.InsetsStateController.onControlTargetChanged:82 com.android.server.wm.InsetsPolicy.updateBarControlTarget:216 com.android.server.wm.DisplayPolicy.updateSystemBarAttributes:425 com.android.server.wm.WindowManagerService.updateFocusedWindowLocked:358 com.android.server.wm.WindowState.removeIfPossible:659 
05-17 13:44:02.562 26756 29223 V SystemKeyManager: updateFocusedWindow() is called, com.ginit.app/com.ginit.app.MainActivity
05-17 13:44:02.562  4070  4070 D InputTransport: Input channel destroyed: '5f86fc7', fd=207
05-17 13:44:02.563 26756 27546 D InputDispatcher: Focus left window (0): 5f86fc7 com.ginit.app/com.ginit.app.MainActivity
05-17 13:44:02.563 26756 26851 V WindowManager: Unknown focus tokens, dropping reportFocusChanged
05-17 13:44:02.566  4070  4070 D Glide   : Finished loading BitmapDrawable from MEMORY_CACHE for BlurhashModel(uri=blurhash:/L6PZfS~q9uof00WBj%5B~qIUWBM%7Bt7, width=16, height=16) with size [16x16] in 0.139739 ms
05-17 13:44:02.566 26756 27344 W PackageConfigPersister: App-specific configuration not found for packageName: com.ginit.app and userId: 0
05-17 13:44:02.568  4070  4545 I Kumiho-Kumiho: getPackageName: com.ginit.app
05-17 13:44:02.569  4070  4545 I Kumiho-Kumiho: getPackageName: com.ginit.app
05-17 13:44:02.569  2433  2433 I SurfaceFlinger: [Display 0 name="기본으로 제공되는 화면"#106876] setFrameRateCategory: High
05-17 13:44:02.569  2433  2433 I SurfaceFlinger: [LayerHierarchy{RequestedLayerState{2156aa0 StatusBar#106925 parentId=123462} 1 children}] reparent to LayerHierarchy{RequestedLayerState{Surface(name=2156aa0 StatusBar#106925)/@0x8bd1271 - animation-leash of insets_animation#123462 parentId=106924} 1 children}
05-17 13:44:02.569  2433  2433 I SurfaceFlinger: [LayerHierarchy{RequestedLayerState{ImeContainer#106850 parentId=123440 relativeParentId=123445 z=1} 1 children}] RelativeParent to LayerHierarchy{RequestedLayerState{38e7ff6 com.ginit.app/com.ginit.app.MainActivity#123445 parentId=123440} 2 children}
05-17 13:44:02.569  2433  2433 I SurfaceFlinger: [LayerHierarchy{RequestedLayerState{fa1cb79 NavigationBar0#106916 parentId=123463} 1 children}] reparent to LayerHierarchy{RequestedLayerState{Surface(name=fa1cb79 NavigationBar0#106916)/@0xd3022c - animation-leash of insets_animation#123463 parentId=106915} 1 children}
05-17 13:44:02.569  2433  2433 I SurfaceFlinger: [LayerHierarchy{RequestedLayerState{Surface(name=2156aa0 StatusBar#106925)/@0x8bd1271 - animation-leash of insets_animation#123457} no children}] reparent to OffscreenRoot
05-17 13:44:02.569  2433  2433 I SurfaceFlinger: [LayerHierarchy{RequestedLayerState{Surface(name=2156aa0 StatusBar#106925)/@0x8bd1271 - animation-leash of insets_animation#123457} no children}] RelativeParent to null
05-17 13:44:02.569  2433  2433 I SurfaceFlinger: [LayerHierarchy{RequestedLayerState{Surface(name=fa1cb79 NavigationBar0#106916)/@0xd3022c - animation-leash of insets_animation#123458} no children}] reparent to OffscreenRoot
05-17 13:44:02.569  2433  2433 I SurfaceFlinger: [LayerHierarchy{RequestedLayerState{Surface(name=fa1cb79 NavigationBar0#106916)/@0xd3022c - animation-leash of insets_animation#123458} no children}] RelativeParent to null
05-17 13:44:02.569  2433  2433 I SurfaceFlinger: [LayerHierarchy{RequestedLayerState{5f86fc7 com.ginit.app/com.ginit.app.MainActivity#123455 parentId=123461 z=1} 1 children}] reparent to LayerHierarchy{RequestedLayerState{Surface(name=5f86fc7 com.ginit.app/com.ginit.app.MainActivity#123455)/@0xfd479db - animation-leash of window_animation#123461 parentId=123440 z=1} 1 children}
05-17 13:44:02.569  2433  2433 I SurfaceFlinger: [Surface(name=2156aa0 StatusBar#106925)/@0x8bd1271 - animation-leash of insets_animation#123462] attach to parent LayerHierarchy{RequestedLayerState{WindowToken{56b97a3 type=2000 android.os.BinderProxy@6b015d}#106924 parentId=106852} 1 children}
05-17 13:44:02.569  2433  2433 I SurfaceFlinger: [Surface(name=fa1cb79 NavigationBar0#106916)/@0xd3022c - animation-leash of insets_animation#123463] attach to parent LayerHierarchy{RequestedLayerState{WindowToken{5860040 type=2019 android.os.BinderProxy@8c2b049}#106915 parentId=106865} 1 children}
05-17 13:44:02.570 26756 26851 D LocalDisplayAdapter: updateActiveModeLocked for d=4630947077158959251, mActiveModeId=1, mActiveSfDisplayMode=DisplayMode{id=0, width=1440, height=3120, xDpi=501.0411, yDpi=498.4151, peakRefreshRate=120.00001, vsyncRate=240.00005, appVsyncOffsetNanos=8333111, presentationDeadlineNanos=9333444, supportedHdrTypes=[4, 2, 3], group=0}
05-17 13:44:02.571 26756 26851 I DisplayDeviceRepository: Display device changed render timings: "기본으로 제공되는 화면", renderFrameRate=120.00002, presentationDeadlineNanos=9333443, appVsyncOffsetNanos=8333111, frameRateOverrides=[{uid=10049 frameRateHz=120.00002}, {uid=10773 frameRateHz=120.00002}]
05-17 13:44:02.571  2433  2515 I SurfaceFlinger: id=123457 Removed Surface(name=2156aa0 StatusBar#106925)/@0x8bd1271 - animation-leash of insets_animation#123457 (217)
05-17 13:44:02.571  2433  2515 I SurfaceFlinger: id=123458 Removed Surface(name=fa1cb79 NavigationBar0#106916)/@0xd3022c - animation-leash of insets_animation#123458 (217)
05-17 13:44:02.571 27882 27882 D DisplayLifecycle: updateDisplay id = 0
05-17 13:44:02.572 27882 28209 D StackScroller: onDisplayChanged for predraw skip to 2
05-17 13:44:02.572 26756 29223 D WifiDisplayAdapter: isFitToActiveDisplayLocked : false
05-17 13:44:02.577  2433  2433 I SurfaceFlinger: destroyed Surface(name=2156aa0 StatusBar#106925)/@0x8bd1271 - animation-leash of insets_animation#123457 form LifecycleManager
05-17 13:44:02.577  2433  2433 I SurfaceFlinger: destroyed Surface(name=fa1cb79 NavigationBar0#106916)/@0xd3022c - animation-leash of insets_animation#123458 form LifecycleManager
05-17 13:44:02.578  2433  2433 I SurfaceFlinger: id=123457 onLayerDestroyed from LayerHierarchyBuilder(RequestedLayerState{Surface(name=2156aa0 StatusBar#106925)/@0x8bd1271 - animation-leash of insets_animation#123457 !handle})
05-17 13:44:02.578  2433  2433 I SurfaceFlinger: id=123458 onLayerDestroyed from LayerHierarchyBuilder(RequestedLayerState{Surface(name=fa1cb79 NavigationBar0#106916)/@0xd3022c - animation-leash of insets_animation#123458 !handle})
05-17 13:44:02.578  2433  2433 I SurfaceFlinger: id=123457 Destroyed Surface(name=2156aa0 StatusBar#106925)/@0x8bd1271 - animation-leash of insets_animation#123457
05-17 13:44:02.578  2433  2433 I SurfaceFlinger: id=123458 Destroyed Surface(name=fa1cb79 NavigationBar0#106916)/@0xd3022c - animation-leash of insets_animation#123458
05-17 13:44:02.579  2433  2840 D SurfaceFlinger: [input] setFocusedWindow: 38e7ff6 com.ginit.app/com.ginit.app.MainActivity
05-17 13:44:02.579 26756 29223 D InputDispatcher: Once focus requested (0): 38e7ff6 com.ginit.app/com.ginit.app.MainActivity
05-17 13:44:02.579 26756 29223 D InputDispatcher: Focus entered window (0): 38e7ff6 com.ginit.app/com.ginit.app.MainActivity
05-17 13:44:02.581  2317  2469 I sensors-hal: handle_sns_std_sensor_event:90, light_cct: ts = 774413017642667 ns; value = [103, 103, 161, 163, 85, 95, 4, 3, 1752, 0]
05-17 13:44:02.583  4070  4070 I ThemedReactContext: KeyboardController::keyboardDidHide
05-17 13:44:02.587  4070  4070 I InsetsController: onStateChanged: host=com.ginit.app/com.ginit.app.MainActivity, from=android.view.ViewRootImpl.onInsetsStateChanged:3055, state=InsetsState: {mDisplayFrame=Rect(0, 0 - 1440, 3120), mDisplayCutout=DisplayCutout{insets=Rect(0, 139 - 0, 0) waterfall=Insets{left=0, top=0, right=0, bottom=0} boundingRect={Bounds=[Rect(0, 0 - 0, 0), Rect(680, 0 - 760, 139), Rect(0, 0 - 0, 0), Rect(0, 0 - 0, 0)]} cutoutPathParserInfo={CutoutPathParserInfo{displayWidth=1440 displayHeight=3120 physicalDisplayWidth=1440 physicalDisplayHeight=3120 density={3.75} cutoutSpec={M 0,0 H -10.66666666666667 V 37.06666666666667 H 10.66666666666667 V 0 H 0 Z @dp} rotation={0} scale={1.0} physicalPixelDisplaySizeRatio={1.0}}} sideOverrides={}}, mRoundedCorners=RoundedCorners{[RoundedCorner{position=TopLeft, radius=105, center=Point(105, 105)}, RoundedCorner{position=TopRight, radius=105, center=Point(1335, 105)}, RoundedCorner{position=BottomRight, radius=105, center=Point(1335, 3015)}, RoundedCorner{position=BottomLeft, radius=105, center=Point(105, 3015)}]}  mRoundedCornerFrame=Rect(0, 0 - 1440, 3120), mPrivacyIndicatorBounds=PrivacyIndicatorBounds {static bounds=Rect(1275, 0 - 1440, 140) rotation=0}, mDisplayShape=DisplayShape{ spec=-311912193 displayWidth=1440 displayHeight=3120 physicalPixelDisplaySizeRatio=1.0 rotation=0 offsetX=0 offsetY=0 scale=1.0}, mSources= { InsetsSource: {bd700001 mType=navigationBars mFrame=[0,3064][1440,3120] mAttachedInsets=null mVisible=true mFlags=SUPPRESS_SCRIM mSideHint=BOTTOM mBoundingRects=null}, InsetsSource: {bd700004 mType=systemGestures mFrame=[0,0][112,3120] mAttachedInsets=null mVisible=true mFlags= mSideHint=LEFT mBoundingRects=null}, InsetsSource: {bd700005 mType=mandatorySystemGestures mFrame=[0,3000][1440,3120] mAttachedInsets=null mVisible=true mFlags= mSideHint=BOTTOM mBoundingRects=null}, InsetsSource: {bd700006 mType=tappableElement mFrame=[0,0][0,0] mAttachedInsets=null mVisible=true mFlags= mSideHint=NONE mBoundingRects=null}, InsetsSource: {bd700024 mType=systemGestures mFrame=[1328,0][1440,3120] mAttachedInsets=null mVisible=true mFlags= mSideHint=RIGHT mBoundingRects=null}, InsetsSource: {27 mType=displayCutout mFrame=[0,0][1440,139] mAttachedInsets=null mVisible=true mFlags= mSideHint=TOP mBoundingRects=null}, InsetsSource: {74080000 mType=statusBars mFrame=[0,0][1440,140] mAttachedInsets=null mVisible=true mFlags= mSideHint=TOP mBoundingRects=null}, InsetsSource: {74080005 mType=mandatorySystemGestures mFrame=[0,0][1440,184] mAttachedInsets=null mVisible=true mFlags= mSideHint=TOP mBoundingRects=null}, InsetsSource: {74080006 mType=tappableElement mFrame=[0,0][1440,140] mAttachedInsets=null mVisible=true mFlags= mSideHint=TOP mBoundingRects=null} }
05-17 13:44:02.588  4070  4070 I InsetsSourceConsumer: applyRequestedVisibilityToControl: visible=true, type=statusBars, host=com.ginit.app/com.ginit.app.MainActivity
05-17 13:44:02.588  4070  4070 I InsetsSourceConsumer: applyRequestedVisibilityToControl: visible=true, type=navigationBars, host=com.ginit.app/com.ginit.app.MainActivity
05-17 13:44:02.588  4070  4070 D Glide   : Finished loading BitmapDrawable from DATA_DISK_CACHE for https://search.pstatic.net/common/?autoRotate=true&quality=100&type=f640_380&src=https%3A%2F%2Fldb-phinf.pstatic.net%2F20220509_24%2F1652084983187cYqRz_JPEG%2F20220502_202927.jpg with size [259x259] in 22.431822999999998 ms
05-17 13:44:02.589  4070  4070 D VRI[MainActivity]@fb5452e: mThreadedRenderer.initializeIfNeeded()#2 mSurface={isValid=true 0xb400007d4562d690}
05-17 13:44:02.589  4070  4070 D InputMethodManagerUtils: startInputInner - Id : 0
05-17 13:44:02.590  4070  4070 I InputMethodManager: startInputInner - IInputMethodManagerGlobalInvoker.startInputOrWindowGainedFocus
05-17 13:44:02.590 26756 27120 V InputMethodManagerService: startInputOrWindowGainedFocus: userId=0 callingUserId=0 editorInfo=android.view.inputmethod.EditorInfo@f342d43
