05-17 13:44:03.700 28736 28736 I HoneySpace.GestureInputHandler: inputConsumers = [com.honeyspace.gesture.inputconsumer.InputConsumer$Companion$NO_OP$1@32046d]
05-17 13:44:03.701 28736 28736 I HoneySpace.InputSession: inputConsumers = NO_OP
05-17 13:44:03.701 28736 28736 I HoneySpace.InputSession: open
05-17 13:44:03.701 29115 29115 I SemDvfsHyPerManager: acquire hyper - TATouchBoost/29115@28, type = -999
05-17 13:44:03.701 26756 27125 W PackageConfigPersister: App-specific configuration not found for packageName: com.ginit.app and userId: 0
05-17 13:44:03.701 29115 29115 I SemDvfsHyPerManager: acquire hyper - TA_TOUCH_SHARE/29115@29, type = -999
05-17 13:44:03.702 26373 26412 I HYPER-HAL: [RequestManager.cpp]acquire(): Acquired ID : 424671824 [29115 / 28]  HINT :     list : [TABoost / 1] [TIMEOUT / 1500] 
05-17 13:44:03.702 26373 26412 I HYPER-HAL: [RequestManager.cpp]acquire(): Acquired ID : 424700969 [29115 / 29]  HINT : TA_TOUCH_SHARE   list : [TIMEOUT / 1500] 
05-17 13:44:03.702 26756 27546 W PackageConfigPersister: App-specific configuration not found for packageName: com.ginit.app and userId: 0
05-17 13:44:03.706 26756 26849 I GestureDetector: obtain mCurrentMotionEventRaw. action: 2 id: 633107095
05-17 13:44:03.706 26756 26849 I GestureDetector: obtain mCurrentMotionEventRaw. action: 2 id: 633107095
05-17 13:44:03.744 26756 27282 W DeviceStorageMonitorService: updateBroadcasts(/data) oldLevel:0, newLevel:0, seq:1
05-17 13:44:03.745 26756 27282 D DeviceStorageMonitorService: Available File Node Number is [11124248]
05-17 13:44:03.745 26756 27282 W DeviceStorageMonitorService: updateBroadcasts_filenode(/data) fn_oldLevel:0, fn_newLevel:0, seq:1
05-17 13:44:03.772 26756 27105 D InputReader: Btn_touch(6): value=0 when=579985.560677
05-17 13:44:03.772 26756 27105 I InputReader: Touch event's action is 0x1 (id=6, t=0) [pCnt=1, s=] when=579985.560677
05-17 13:44:03.773 26756 27104 I InputDispatcher: Delivering touch to (4070): action: 0x1, f=0x0, d=0, '38e7ff6', t=1 
05-17 13:44:03.773 28736 28736 I HoneySpace.GestureInputHandler: reset
05-17 13:44:03.773 28736 28736 I HoneySpace.InputSession: close
05-17 13:44:03.780  4070  4070 I VRI[MainActivity]@fb5452e: ViewPostIme pointer 1
05-17 13:44:03.790 26756 27546 D VibratorManagerService: converted usage = TOUCH(18)
05-17 13:44:03.790 26756 27546 D VibratorManagerService: vibrate - uid: 10773, opPkg: com.ginit.app, effect: Mono{mEffect=Composed{segments=[Step{amplitude=0.0, frequencyHz=0.0, duration=0}, Step{amplitude=0.11764706, frequencyHz=0.0, duration=50}], repeat=-1, mMagnitudeType=TYPE_EXTRA}}, attrs: VibrationAttributes{mUsage=TOUCH, mAudioUsage= USAGE_UNKNOWN, mFlags=0, tags=}, reason: null, token: android.os.BinderProxy@46b2ab4
05-17 13:44:03.790 26756 27546 D VibratorManagerService: Starting vibrate for vibration 799
05-17 13:44:03.790 26756 27546 D VibratorManagerService: Check AppOp mode VIBRATE for uid 10773 and package com.ginit.app returned audio=allow, op=allow
05-17 13:44:03.790 26756 27546 D VibratorManagerService: Starting vibration 799 on thread
05-17 13:44:03.790 26756 27546 D VibratorManagerService: Start AppOp mode VIBRATE for uid 10773 and package com.ginit.app returned allow
05-17 13:44:03.791 26756 27091 D VibrationThread: Playing vibration id 799 StartSequentialEffectStep
05-17 13:44:03.791 26756 27091 D VibrationThread: StartSequentialEffectStep for effect #0
05-17 13:44:03.792  2375  2375 E SecVibrator-HAL-AIDL-EXT: V_5_0: performPrebakedHapticPattern 0 : 4000 : 0
05-17 13:44:03.792  2375  2375 E SecVibrator-HAL-AIDL-CORE: HW_API: [setForceFeedbackAmplitude]amplitude: 4000
05-17 13:44:03.807  2375  2375 E SecVibrator-HAL-AIDL-CORE: HW_API: [uploadForceFeedbackeffect]ioctl success ,uploaded effect with ID: 0
05-17 13:44:03.807 26756 27091 D VibrationThread: Running amplitude step with 0ms latency.
05-17 13:44:03.807 26756  3636 D MotionRecognitionService: inject vibrator info = 1.0
05-17 13:44:03.807 26756 27091 D VibrationThread: Playing vibration id 799 on vibrator 0 SetAmplitudeVibratorStep
05-17 13:44:03.807 26756 27091 D VibrationThread: Running amplitude step with 0ms latency.
05-17 13:44:03.807 26756 27091 D VibrationThread: Turning on vibrator 0 for 50ms
05-17 13:44:03.807  2375  2375 E SecVibrator-HAL-AIDL-CORE: V_2_0: Vibrator on for timeoutMs: 50
05-17 13:44:03.807  2375  2375 E SecVibrator-HAL-AIDL-CORE: HW_API: do_on for timeoutMs: 50
05-17 13:44:03.807  2317  2317 I sensors-hal: inject_sensor_data:284, accel - vib_onoff: 1
05-17 13:44:03.807  2317  2317 I sensors-hal: inject_sensor_data:290, write vib_onoff: 1
05-17 13:44:03.807  2413  2413 I SSC_DAEMON: handleSensorTestReqMsg:93, Sensor type :0, Msg type:3
05-17 13:44:03.809  2413  4700 I SSC_DAEMON: ledCoverEventMotorEvent:24, motor: 1
05-17 13:44:03.809  2413  4700 I SSC_DAEMON: accelMotorStateEvent:102, main: 1, 1
05-17 13:44:03.817  2375  2375 E SecVibrator-HAL-AIDL-CORE: HW_API: [uploadForceFeedbackeffect]ioctl success ,uploaded effect with ID: 0
05-17 13:44:03.817  2375  2375 E SecVibrator-HAL-AIDL-CORE: HW_API: [triggerForceFeedbackVibration]on: 1
05-17 13:44:03.817 26756 27091 D VibrationThread: Turned on vibrator 0, result = 50
05-17 13:44:03.817 26756 27091 D VibrationThread: Amplitude changed on vibrator 0 to 0.11764706
05-17 13:44:03.817  2375  2375 E SecVibrator-HAL-AIDL-CORE: V_2_0: Vibrator set amplitude: 0.117647
05-17 13:44:03.817  2375  2375 E SecVibrator-HAL-AIDL-CORE: HW_API: [isAmplitudeControlExist]return true
05-17 13:44:03.817  2375  2375 E SecVibrator-HAL-AIDL-CORE: HW_API: [setForceFeedbackAmplitude]amplitude: 1176
05-17 13:44:03.850  4070  4353 I ReactNativeJS: '[GinitNotify:PendingPushFlush]', 'splash_exit_try_consume', { prev: '/', next: '/map', hadPendingPeek: false }
05-17 13:44:03.851  4070  4353 I ReactNativeJS: '[GinitNotify:pending-push-nav]', 'consume', { had: false, keysPreview: undefined }
05-17 13:44:03.851  4070  4353 I ReactNativeJS: '[GinitNotify:PendingPushFlush]', 'consume_miss', { phase: 'immediate' }
05-17 13:44:03.851  4070  4353 I ReactNativeJS: '[GinitNotify:PendingPushFlush]', 'splash_exit_no_pending_skip_retries'
05-17 13:44:03.855 20883  5026 I GmsCoreXrpcWrapper: (REDACTED) Returning a channel provider with trafficStatsTag=%d trafficStatsUid=%d
05-17 13:44:03.855  4070  4070 E unknown:MountItemDispatcher: dispatchMountItems: caught exception, displaying mount state
05-17 13:44:03.855  4070  4070 E unknown:MountItemDispatcher: java.lang.IndexOutOfBoundsException: Index 1 out of bounds for length 0
05-17 13:44:03.855  4070  4070 E unknown:MountItemDispatcher: 	at jdk.internal.util.Preconditions.outOfBounds(Preconditions.java:64)
05-17 13:44:03.855  4070  4070 E unknown:MountItemDispatcher: 	at jdk.internal.util.Preconditions.outOfBoundsCheckIndex(Preconditions.java:70)
05-17 13:44:03.855  4070  4070 E unknown:MountItemDispatcher: 	at jdk.internal.util.Preconditions.checkIndex(Preconditions.java:266)
05-17 13:44:03.855  4070  4070 E unknown:MountItemDispatcher: 	at java.util.Objects.checkIndex(Objects.java:391)
05-17 13:44:03.855  4070  4070 E unknown:MountItemDispatcher: 	at java.util.ArrayList.get(ArrayList.java:434)
05-17 13:44:03.855  4070  4070 E unknown:MountItemDispatcher: 	at com.mjstudio.reactnativenavermap.mapview.RNCNaverMapViewManager.getChildAt(RNCNaverMapViewManager.kt:155)
05-17 13:44:03.855  4070  4070 E unknown:MountItemDispatcher: 	at com.mjstudio.reactnativenavermap.mapview.RNCNaverMapViewManager.getChildAt(RNCNaverMapViewManager.kt:67)
05-17 13:44:03.855  4070  4070 E unknown:MountItemDispatcher: 	at com.facebook.react.fabric.mounting.SurfaceMountingManager.removeViewAt(SurfaceMountingManager.java:497)
05-17 13:44:03.855  4070  4070 E unknown:MountItemDispatcher: 	at com.facebook.react.fabric.mounting.mountitems.IntBufferBatchMountItem.execute(IntBufferBatchMountItem.kt:114)
05-17 13:44:03.855  4070  4070 E unknown:MountItemDispatcher: 	at com.facebook.react.fabric.mounting.MountItemDispatcher.executeOrEnqueue(MountItemDispatcher.kt:312)
05-17 13:44:03.855  4070  4070 E unknown:MountItemDispatcher: 	at com.facebook.react.fabric.mounting.MountItemDispatcher.dispatchMountItems(MountItemDispatcher.kt:221)
05-17 13:44:03.855  4070  4070 E unknown:MountItemDispatcher: 	at com.facebook.react.fabric.mounting.MountItemDispatcher.tryDispatchMountItems(MountItemDispatcher.kt:88)
05-17 13:44:03.855  4070  4070 E unknown:MountItemDispatcher: 	at com.facebook.react.fabric.FabricUIManager$DispatchUIFrameCallback.doFrameGuarded(FabricUIManager.java:1484)
05-17 13:44:03.855  4070  4070 E unknown:MountItemDispatcher: 	at com.facebook.react.uimanager.GuardedFrameCallback.doFrame(GuardedFrameCallback.kt:25)
05-17 13:44:03.855  4070  4070 E unknown:MountItemDispatcher: 	at com.facebook.react.modules.core.ReactChoreographer.frameCallback$lambda$1(ReactChoreographer.kt:59)
05-17 13:44:03.855  4070  4070 E unknown:MountItemDispatcher: 	at com.facebook.react.modules.core.ReactChoreographer.$r8$lambda$nSkFhrr5T7rop_XKwzlLov4NLLw(Unknown Source:0)
05-17 13:44:03.855  4070  4070 E unknown:MountItemDispatcher: 	at com.facebook.react.modules.core.ReactChoreographer$$ExternalSyntheticLambda0.doFrame(D8$$SyntheticClass:0)
05-17 13:44:03.855  4070  4070 E unknown:MountItemDispatcher: 	at android.view.Choreographer$CallbackRecord.run(Choreographer.java:1959)
05-17 13:44:03.855  4070  4070 E unknown:MountItemDispatcher: 	at android.view.Choreographer$CallbackRecord.run(Choreographer.java:1970)
05-17 13:44:03.855  4070  4070 E unknown:MountItemDispatcher: 	at android.view.Choreographer.doCallbacks(Choreographer.java:1423)
05-17 13:44:03.855  4070  4070 E unknown:MountItemDispatcher: 	at android.view.Choreographer.doFrame(Choreographer.java:1338)
05-17 13:44:03.855  4070  4070 E unknown:MountItemDispatcher: 	at android.view.Choreographer$FrameDisplayEventReceiver.run(Choreographer.java:1930)
05-17 13:44:03.855  4070  4070 E unknown:MountItemDispatcher: 	at android.os.Handler.handleCallback(Handler.java:1070)
05-17 13:44:03.855  4070  4070 E unknown:MountItemDispatcher: 	at android.os.Handler.dispatchMessage(Handler.java:125)
05-17 13:44:03.855  4070  4070 E unknown:MountItemDispatcher: 	at android.os.Looper.dispatchMessage(Looper.java:358)
05-17 13:44:03.855  4070  4070 E unknown:MountItemDispatcher: 	at android.os.Looper.loopOnce(Looper.java:288)
05-17 13:44:03.855  4070  4070 E unknown:MountItemDispatcher: 	at android.os.Looper.loop(Looper.java:392)
05-17 13:44:03.855  4070  4070 E unknown:MountItemDispatcher: 	at android.app.ActivityThread.main(ActivityThread.java:10343)
05-17 13:44:03.855  4070  4070 E unknown:MountItemDispatcher: 	at java.lang.reflect.Method.invoke(Native Method)
05-17 13:44:03.855  4070  4070 E unknown:MountItemDispatcher: 	at com.android.internal.os.RuntimeInit$MethodAndArgsCaller.run(RuntimeInit.java:605)
05-17 13:44:03.855  4070  4070 E unknown:MountItemDispatcher: 	at com.android.internal.os.ZygoteInit.main(ZygoteInit.java:972)
05-17 13:44:03.855  4070  4070 E unknown:MountItemDispatcher: dispatchMountItems: mountItem: next mountItem triggered exception!
05-17 13:44:03.858 20828 20828 D BoundBrokerSvc: onBind: Intent { act=com.google.android.gms.auth.service.START xflg=0x4 pkg=com.google.android.gms }
05-17 13:44:03.858 20828 20828 D BoundBrokerSvc: Loading bound service for intent: Intent { act=com.google.android.gms.auth.service.START xflg=0x4 pkg=com.google.android.gms }
05-17 13:44:03.858 26756 27091 D VibrationThread: Playing vibration id 799 on vibrator 0 CompleteEffectVibratorStep
05-17 13:44:03.858 26756 27091 D VibrationThread: Running complete vibration step on vibrator 0
05-17 13:44:03.859 26756 27336 D BackgroundInstallControlService: Package event received: 0
05-17 13:44:03.859  4070  4070 E unknown:MountItemDispatcher: dispatchMountItems: mountItem: IntBufferBatchMountItem [surface:1]:
05-17 13:44:03.859  4070  4070 E unknown:MountItemDispatcher: dispatchMountItems: mountItem: REMOVE [1550]->[1254] @0
05-17 13:44:03.859  4070  4070 E unknown:MountItemDispatcher: dispatchMountItems: mountItem: REMOVE [1568]->[1570] @0
05-17 13:44:03.859  4070  4070 E unknown:MountItemDispatcher: dispatchMountItems: mountItem: REMOVE [1570]->[1572] @1
05-17 13:44:03.859  4070  4070 E unknown:MountItemDispatcher: dispatchMountItems: mountItem: REMOVE [1564]->[1572] @0
05-17 13:44:03.859  4070  4070 E unknown:MountItemDispatcher: dispatchMountItems: mountItem: REMOVE [1572]->[1576] @1
05-17 13:44:03.859  4070  4070 E unknown:MountItemDispatcher: dispatchMountItems: mountItem: REMOVE [1560]->[1562] @0
05-17 13:44:03.859  4070  4070 E unknown:MountItemDispatcher: dispatchMountItems: mountItem: REMOVE [1562]->[1576] @0
05-17 13:44:03.859  4070  4070 E unknown:MountItemDispatcher: dispatchMountItems: mountItem: REMOVE [1576]->[1578] @0
05-17 13:44:03.859  4070  4070 E unknown:MountItemDispatcher: dispatchMountItems: mountItem: REMOVE [1578]->[1580] @1
05-17 13:44:03.859  4070  4070 E unknown:MountItemDispatcher: dispatchMountItems: mountItem: REMOVE [1556]->[1558] @0
05-17 13:44:03.859  4070  4070 E unknown:MountItemDispatcher: dispatchMountItems: mountItem: REMOVE [1558]->[1580] @0
05-17 13:44:03.859  4070  4070 E unknown:MountItemDispatcher: dispatchMountItems: mountItem: REMOVE [1580]->[526] @5
05-17 13:44:03.859  4070  4070 E unknown:MountItemDispatcher: dispatchMountItems: mountItem: INSERT [1646]->[1652] @0
05-17 13:44:03.859  4070  4070 E unknown:MountItemDispatcher: dispatchMountItems: mountItem: INSERT [1648]->[1652] @1
05-17 13:44:03.859  4070  4070 E unknown:MountItemDispatcher: dispatchMountItems: mountItem: INSERT [1650]->[1652] @2
05-17 13:44:03.859  4070  4070 E unknown:MountItemDispatcher: dispatchMountItems: mountItem: INSERT [1668]->[1670] @0
05-17 13:44:03.859  4070  4070 E unknown:MountItemDispatcher: dispatchMountItems: mountItem: INSERT [1674]->[1676] @0
05-17 13:44:03.859  4070  4070 E unknown:MountItemDispatcher: dispatchMountItems: mountItem: INSERT [1680]->[1682] @0
05-17 13:44:03.859  4070  4070 E unknown:MountItemDispatcher: dispatchMountItems: mountItem: INSERT [1688]->[1690] @0
05-17 13:44:03.859  4070  4070 E unknown:MountItemDispatcher: dispatchMountItems: mountItem: INSERT [1652]->[1692] @0
05-17 13:44:03.859  4070  4070 E unknown:MountItemDispatcher: dispatchMountItems: mountItem: INSERT [1656]->[1692] @1
05-17 13:44:03.859  4070  4070 E unknown:MountItemDispatcher: dispatchMountItems: mountItem: INSERT [1660]->[1692] @2
05-17 13:44:03.859  4070  4070 E unknown:MountItemDispatcher: dispatchMountItems: mountItem: INSERT [1664]->[1692] @3
05-17 13:44:03.859  4070  4070 E unknown:MountItemDispatcher: dispatchMountItems: mountItem: INSERT [1670]->[1692] @4
05-17 13:44:03.859  4070  4070 E unknown:MountItemDispatcher: dispatchMountItems: mountItem: INSERT [1676]->[1692] @5
05-17 13:44:03.859  4070  4070 E unknown:MountItemDispatcher: dispatchMountItems: mountItem: INSERT [1682]->[1692] @6
05-17 13:44:03.859  4070  4070 E unknown:MountItemDispatcher: dispatchMountItems: mountItem: INSERT [1684]->[1692] @7
05-17 13:44:03.859  4070  4070 E unknown:MountItemDispatcher: dispatchMountItems: mountItem: INSERT [1690]->[1692] @8
05-17 13:44:03.860  4070  4070 E unknown:MountItemDispatcher: dispatchMountItems: mountItem: INSERT [1692]->[1694] @0
05-17 13:44:03.860  4070  4070 E unknown:MountItemDispatcher: dispatchMountItems: mountItem: INSERT [1696]->[1702] @0
05-17 13:44:03.860  4070  4070 E unknown:MountItemDispatcher: dispatchMountItems: mountItem: INSERT [1698]->[1702] @1
05-17 13:44:03.860  4070  4070 E unknown:MountItemDispatcher: dispatchMountItems: mountItem: INSERT [1700]->[1702] @2
05-17 13:44:03.860  4070  4070 E unknown:MountItemDispatcher: dispatchMountItems: mountItem: INSERT [1718]->[1720] @0
05-17 13:44:03.860  4070  4070 E unknown:MountItemDispatcher: dispatchMountItems: mountItem: INSERT [1724]->[1726] @0
05-17 13:44:03.860  4070  4070 E unknown:MountItemDispatcher: dispatchMountItems: mountItem: INSERT [1730]->[1732] @0
05-17 13:44:03.860  4070  4070 E unknown:MountItemDispatcher: dispatchMountItems: mountItem: INSERT [1738]->[1740] @0
05-17 13:44:03.860  4070  4070 E unknown:MountItemDispatcher: dispatchMountItems: mountItem: INSERT [1702]->[1742] @0
05-17 13:44:03.860  4070  4070 E unknown:MountItemDispatcher: dispatchMountItems: mountItem: INSERT [1706]->[1742] @1
05-17 13:44:03.860  4070  4070 E unknown:MountItemDispatcher: dispatchMountItems: mountItem: INSERT [1710]->[1742] @2
05-17 13:44:03.860  4070  4070 E unknown:MountItemDispatcher: dispatchMountItems: mountItem: INSERT [1714]->[1742] @3
05-17 13:44:03.860  4070  4070 E unknown:MountItemDispatcher: dispatchMountItems: mountItem: INSERT [1720]->[1742] @4
05-17 13:44:03.860  4070  4070 E unknown:MountItemDispatcher: dispatchMountItems: mountItem: INSERT [1726]->[1742] @5
05-17 13:44:03.860  4070  4070 E unknown:MountItemDispatcher: dispatchMountItems: mountItem: INSERT [1732]->[1742] @6
05-17 13:44:03.860  4070  4070 E unknown:MountItemDispatcher: dispatchMountItems: mountItem: INSERT [1734]->[1742] @7
05-17 13:44:03.860  4070  4070 E unknown:MountItemDispatcher: dispatchMountItems: mountItem: INSERT [1740]->[1742] @8
05-17 13:44:03.860  4070  4070 E unknown:MountItemDispatcher: dispatchMountItems: mountItem: INSERT [1742]->[1744] @0
05-17 13:44:03.860  4070  4070 E unknown:MountItemDispatcher: dispatchMountItems: mountItem: INSERT [1694]->[1746] @0
05-17 13:44:03.860  4070  4070 E unknown:MountItemDispatcher: dispatchMountItems: mountItem: INSERT [1744]->[1746] @1
05-17 13:44:03.860  4070  4070 E unknown:MountItemDispatcher: dispatchMountItems: mountItem: INSERT [1746]->[1254] @0
05-17 13:44:03.860  4070  4070 E unknown:MountItemDispatcher: dispatchMountItems: mountItem: REMOVE [1738]->[1740] @0
05-17 13:44:03.860  4070  4070 E unknown:MountItemDispatcher: dispatchMountItems: mountItem: REMOVE [1740]->[1742] @8
05-17 13:44:03.860  4070  4070 E unknown:MountItemDispatcher: dispatchMountItems: mountItem: REMOVE [1734]->[1742] @7
05-17 13:44:03.860  4070  4070 E unknown:MountItemDispatcher: dispatchMountItems: mountItem: REMOVE [1730]->[1732] @0
05-17 13:44:03.860  4070  4070 E unknown:MountItemDispatcher: dispatchMountItems: mountItem: REMOVE [1732]->[1742] @6
05-17 13:44:03.860  4070  4070 E unknown:MountItemDispatcher: dispatchMountItems: mountItem: REMOVE [1724]->[1726] @0
05-17 13:44:03.860  4070  4070 E unknown:MountItemDispatcher: dispatchMountItems: mountItem: REMOVE [1726]->[1742] @5
05-17 13:44:03.860  4070  4070 E unknown:MountItemDispatcher: dispatchMountItems: mountItem: REMOVE [1718]->[1720] @0
05-17 13:44:03.860  4070  4070 E unknown:MountItemDispatcher: dispatchMountItems: mountItem: REMOVE [1720]->[1742] @4
05-17 13:44:03.860  4070  4070 E unknown:MountItemDispatcher: dispatchMountItems: mountItem: REMOVE [1714]->[1742] @3
05-17 13:44:03.860  4070  4070 E unknown:MountItemDispatcher: dispatchMountItems: mountItem: REMOVE [1710]->[1742] @2
05-17 13:44:03.860  4070  4070 E unknown:MountItemDispatcher: dispatchMountItems: mountItem: REMOVE [1706]->[1742] @1
05-17 13:44:03.860  4070  4070 E unknown:MountItemDispatcher: dispatchMountItems: mountItem: REMOVE [1700]->[1702] @2
05-17 13:44:03.860  4070  4070 E unknown:MountItemDispatcher: dispatchMountItems: mountItem: REMOVE [1698]->[1702] @1
05-17 13:44:03.860  4070  4070 E unknown:MountItemDispatcher: dispatchMountItems: mountItem: REMOVE [1696]->[1702] @0
05-17 13:44:03.860  4070  4070 E unknown:MountItemDispatcher: dispatchMountItems: mountItem: REMOVE [1702]->[1742] @0
05-17 13:44:03.860  4070  4070 E unknown:MountItemDispatcher: dispatchMountItems: mountItem: REMOVE [1742]->[1744] @0
05-17 13:44:03.860  4070  4070 E unknown:MountItemDispatcher: dispatchMountItems: mountItem: REMOVE [1744]->[1746] @1
05-17 13:44:03.860  4070  4070 E unknown:MountItemDispatcher: dispatchMountItems: mountItem: REMOVE [1688]->[1690] @0
05-17 13:44:03.860  4070  4070 E unknown:MountItemDispatcher: dispatchMountItems: mountItem: REMOVE [1690]->[1692] @8
05-17 13:44:03.860  4070  4070 E unknown:MountItemDispatcher: dispatchMountItems: mountItem: REMOVE [1684]->[1692] @7
05-17 13:44:03.860  4070  4070 E unknown:MountItemDispatcher: dispatchMountItems: mountItem: REMOVE [1680]->[1682] @0
05-17 13:44:03.860  4070  4070 E unknown:MountItemDispatcher: dispatchMountItems: mountItem: REMOVE [1682]->[1692] @6
05-17 13:44:03.860  4070  4070 E unknown:MountItemDispatcher: dispatchMountItems: mountItem: REMOVE [1674]->[1676] @0
05-17 13:44:03.860  4070  4070 E unknown:MountItemDispatcher: dispatchMountItems: mountItem: REMOVE [1676]->[1692] @5
05-17 13:44:03.860  4070  4070 E unknown:MountItemDispatcher: dispatchMountItems: mountItem: REMOVE [1668]->[1670] @0
05-17 13:44:03.860  4070  4070 E unknown:MountItemDispatcher: dispatchMountItems: mountItem: REMOVE [1670]->[1692] @4
05-17 13:44:03.860  4070  4070 E unknown:MountItemDispatcher: dispatchMountItems: mountItem: REMOVE [1664]->[1692] @3
05-17 13:44:03.860  4070  4070 E unknown:MountItemDispatcher: dispatchMountItems: mountItem: REMOVE [1660]->[1692] @2
05-17 13:44:03.860  4070  4070 E unknown:MountItemDispatcher: dispatchMountItems: mountItem: REMOVE [1656]->[1692] @1
05-17 13:44:03.860  4070  4070 E unknown:MountItemDispatcher: dispatchMountItems: mountItem: REMOVE [1650]->[1652] @2
05-17 13:44:03.860  4070  4070 E unknown:MountItemDispatcher: dispatchMountItems: mountItem: REMOVE [1648]->[1652] @1
05-17 13:44:03.860  4070  4070 E unknown:MountItemDispatcher: dispatchMountItems: mountItem: REMOVE [1646]->[1652] @0
05-17 13:44:03.860  4070  4070 E unknown:MountItemDispatcher: dispatchMountItems: mountItem: REMOVE [1652]->[1692] @0
05-17 13:44:03.860  4070  4070 E unknown:MountItemDispatcher: dispatchMountItems: mountItem: REMOVE [1692]->[1694] @0
05-17 13:44:03.860  4070  4070 E unknown:MountItemDispatcher: dispatchMountItems: mountItem: REMOVE [1694]->[1746] @0
05-17 13:44:03.860  4070  4070 E unknown:MountItemDispatcher: dispatchMountItems: mountItem: REMOVE [1246]->[1248] @0
05-17 13:44:03.860  4070  4070 E unknown:MountItemDispatcher: dispatchMountItems: mountItem: REMOVE [1248]->[1250] @2
05-17 13:44:03.860  4070  4070 E unknown:MountItemDispatcher: dispatchMountItems: mountItem: REMOVE [1240]->[1242] @1
05-17 13:44:03.860  4070  4070 E unknown:MountItemDispatcher: dispatchMountItems: mountItem: REMOVE [1238]->[1242] @0
05-17 13:44:03.860  4070  4070 E unknown:MountItemDispatcher: dispatchMountItems: mountItem: REMOVE [1242]->[1250] @1
05-17 13:44:03.860  4070  4070 E unknown:MountItemDispatcher: dispatchMountItems: mountItem: REMOVE [1508]->[1232] @35
05-17 13:44:03.860  4070  4070 E unknown:MountItemDispatcher: dispatchMountItems: mountItem: REMOVE [1504]->[1232] @34
05-17 13:44:03.860  4070  4070 E unknown:MountItemDispatcher: dispatchMountItems: mountItem: REMOVE [1498]->[1232] @33
05-17 13:44:03.860  4070  4070 E unknown:MountItemDispatcher: dispatchMountItems: mountItem: REMOVE [1494]->[1232] @32
05-17 13:44:03.860  4070  4070 E unknown:MountItemDispatcher: dispatchMountItems: mountItem: REMOVE [1484]->[1486] @1
05-17 13:44:03.860  4070  4070 E unknown:MountItemDispatcher: dispatchMountItems: mountItem: REMOVE [1480]->[1486] @0
05-17 13:44:03.860  4070  4070 E unknown:MountItemDispatcher: dispatchMountItems: mountItem: REMOVE [1486]->[1232] @31
05-17 13:44:03.860  4070  4070 E unknown:MountItemDispatcher: dispatchMountItems: mountItem: REMOVE [1474]->[1232] @30
05-17 13:44:03.860  4070  4070 E unknown:MountItemDispatcher: dispatchMountItems: mountItem: REMOVE [1470]->[1232] @29
05-17 13:44:03.860  4070  4070 E unknown:MountItemDispatcher: dispatchMountItems: mountItem: REMOVE [1466]->[1232] @28
05-17 13:44:03.860  4070  4070 E unknown:MountItemDispatcher: dispatchMountItems: mountItem: REMOVE [1456]->[1460] @7
05-17 13:44:03.860  4070  4070 E unknown:MountItemDispatcher: dispatchMountItems: mountItem: REMOVE [1458]->[1460] @6
05-17 13:44:03.860  4070  4070 E unknown:MountItemDispatcher: dispatchMountItems: mountItem: REMOVE [1450]->[1460] @5
05-17 13:44:03.860  4070  4070 E unknown:MountItemDispatcher: dispatchMountItems: mountItem: REMOVE [1452]->[1460] @4
05-17 13:44:03.860  4070  4070 E unknown:MountItemDispatcher: dispatchMountItems: mountItem: REMOVE [1444]->[1460] @3
05-17 13:44:03.860  4070  4070 E unknown:MountItemDispatcher: dispatchMountItems: mountItem: REMOVE [1446]->[1460] @2
05-17 13:44:03.860  4070  4070 E unknown:MountItemDispatcher: dispatchMountItems: mountItem: REMOVE [1438]->[1460] @1
05-17 13:44:03.860  4070  4070 E unknown:MountItemDispatcher: dispatchMountItems: mountItem: REMOVE [1440]->[1460] @0
05-17 13:44:03.860  4070  4070 E unknown:MountItemDispatcher: dispatchMountItems: mountItem: REMOVE [1460]->[1462] @0
05-17 13:44:03.860  4070  4070 E unknown:MountItemDispatcher: dispatchMountItems: mountItem: REMOVE [1462]->[1232] @27
05-17 13:44:03.860  4070  4070 E unknown:MountItemDispatcher: dispatchMountItems: mountItem: REMOVE [1430]->[1232] @26
05-17 13:44:03.860  4070  4070 E unknown:MountItemDispatcher: dispatchMountItems: mountItem: REMOVE [1424]->[1232] @25
05-17 13:44:03.860  4070  4070 E unknown:MountItemDispatcher: dispatchMountItems: mountItem: REMOVE [1432]->[1232] @24
05-17 13:44:03.860  4070  4070 E unknown:MountItemDispatcher: dispatchMountItems: mountItem: REMOVE [1418]->[1232] @23
05-17 13:44:03.860  4070  4070 E unknown:MountItemDispatcher: dispatchMountItems: mountItem: REMOVE [1414]->[1232] @22
05-17 13:44:03.860  4070  4070 E unknown:MountItemDispatcher: dispatchMountItems: mountItem: REMOVE [1420]->[1232] @21
05-17 13:44:03.860  4070  4070 E unknown:MountItemDispatcher: dispatchMountItems: mountItem: REMOVE [1404]->[1232] @20
05-17 13:44:03.860  4070  4070 E unknown:MountItemDispatcher: dispatchMountItems: mountItem: REMOVE [1406]->[1232] @19
05-17 13:44:03.860  4070  4070 E unknown:MountItemDispatcher: dispatchMountItems: mountItem: REMOVE [1398]->[1232] @18
05-17 13:44:03.860  4070  4070 E unknown:MountItemDispatcher: dispatchMountItems: mountItem: REMOVE [1380]->[1232] @17
05-17 13:44:03.860  4070  4070 E unknown:MountItemDispatcher: dispatchMountItems: mountItem: REMOVE [1376]->[1232] @16
05-17 13:44:03.860  4070  4070 E unknown:MountItemDispatcher: dispatchMountItems: mountItem: REMOVE [1370]->[1232] @15
05-17 13:44:03.860  4070  4070 E unknown:MountItemDispatcher: dispatchMountItems: mountItem: REMOVE [1366]->[1232] @14
05-17 13:44:03.860  4070  4070 E unknown:MountItemDispatcher: dispatchMountItems: mountItem: REMOVE [1356]->[1358] @1
05-17 13:44:03.860  4070  4070 E unknown:MountItemDispatcher: dispatchMountItems: mountItem: REMOVE [1352]->[1358] @0
05-17 13:44:03.860  4070  4070 E unknown:MountItemDispatcher: dispatchMountItems: mountItem: REMOVE [1358]->[1232] @13
05-17 13:44:03.860  4070  4070 E unknown:MountItemDispatcher: dispatchMountItems: mountItem: REMOVE [1346]->[1232] @12
05-17 13:44:03.860  4070  4070 E unknown:MountItemDispatcher: dispatchMountItems: mountItem: REMOVE [1342]->[1232] @11
05-17 13:44:03.860  4070  4070 E unknown:MountItemDispatcher: dispatchMountItems: mountItem: REMOVE [1338]->[1232] @10
05-17 13:44:03.860  4070  4070 E unknown:MountItemDispatcher: dispatchMountItems: mountItem: REMOVE [1328]->[1332] @7
05-17 13:44:03.860  4070  4070 E unknown:MountItemDispatcher: dispatchMountItems: mountItem: REMOVE [1330]->[1332] @6
05-17 13:44:03.860  4070  4070 E unknown:MountItemDispatcher: dispatchMountItems: mountItem: REMOVE [1322]->[1332] @5
05-17 13:44:03.860  4070  4070 E unknown:MountItemDispatcher: dispatchMountItems: mountItem: REMOVE [1324]->[1332] @4
05-17 13:44:03.860  4070  4070 E unknown:MountItemDispatcher: dispatchMountItems: mountItem: REMOVE [1316]->[1332] @3
05-17 13:44:03.860  4070  4070 E unknown:MountItemDispatcher: dispatchMountItems: mountItem: REMOVE [1318]->[1332] @2
05-17 13:44:03.860  4070  4070 E unknown:MountItemDispatcher: dispatchMountItems: mountItem: REMOVE [1310]->[1332] @1
05-17 13:44:03.860  4070  4070 E unknown:MountItemDispatcher: dispatchMountItems: mountItem: REMOVE [1312]->[1332] @0
05-17 13:44:03.860  4070  4070 E unknown:MountItemDispatcher: dispatchMountItems: mountItem: REMOVE [1332]->[1334] @0
05-17 13:44:03.860  4070  4070 E unknown:MountItemDispatcher: dispatchMountItems: mountItem: REMOVE [1334]->[1232] @9
05-17 13:44:03.860  4070  4070 E unknown:MountItemDispatcher: dispatchMountItems: mountItem: REMOVE [1302]->[1232] @8
05-17 13:44:03.860  4070  4070 E unknown:MountItemDispatcher: dispatchMountItems: mountItem: REMOVE [1296]->[1232] @7
05-17 13:44:03.860  4070  4070 E unknown:MountItemDispatcher: dispatchMountItems: mountItem: REMOVE [1304]->[1232] @6
05-17 13:44:03.860  4070  4070 E unknown:MountItemDispatcher: dispatchMountItems: mountItem: REMOVE [1290]->[1232] @5
05-17 13:44:03.860  4070  4070 E unknown:MountItemDispatcher: dispatchMountItems: mountItem: REMOVE [1286]->[1232] @4
05-17 13:44:03.860  4070  4070 E unknown:MountItemDispatcher: dispatchMountItems: mountItem: REMOVE [1292]->[1232] @3
05-17 13:44:03.860  4070  4070 E unknown:MountItemDispatcher: dispatchMountItems: mountItem: REMOVE [1276]->[1232] @2
05-17 13:44:03.860  4070  4070 E unknown:MountItemDispatcher: dispatchMountItems: mountItem: REMOVE [1278]->[1232] @1
05-17 13:44:03.860  4070  4070 E unknown:MountItemDispatcher: dispatchMountItems: mountItem: REMOVE [1270]->[1232] @0
05-17 13:44:03.860  4070  4070 E unknown:MountItemDispatcher: dispatchMountItems: mountItem: REMOVE [1232]->[1234] @0
05-17 13:44:03.860  4070  4070 E unknown:MountItemDispatcher: dispatchMountItems: mountItem: REMOVE [1234]->[1236] @0
05-17 13:44:03.860  4070  4070 E unknown:MountItemDispatcher: dispatchMountItems: mountItem: REMOVE [1236]->[1250] @0
05-17 13:44:03.860  4070  4070 E unknown:MountItemDispatcher: dispatchMountItems: mountItem: REMOVE [1250]->[1252] @1
05-17 13:44:03.860  4070  4070 E unknown:MountItemDispatcher: dispatchMountItems: mountItem: CREATE [1762] - layoutable:1 - RCTView
05-17 13:44:03.860  4070  4070 E unknown:MountItemDispatcher: dispatchMountItems: mountItem: CREATE [1754] - layoutable:1 - RCTText
05-17 13:44:03.860  4070  4070 E unknown:MountItemDispatcher: dispatchMountItems: mountItem: CREATE [1760] - layoutable:1 - RCTView
05-17 13:44:03.860  4070  4070 E unknown:MountItemDispatcher: dispatchMountItems: mountItem: CREATE [1758] - layoutable:1 - RCTText
05-17 13:44:03.860  4070  4070 E unknown:MountItemDispatcher: dispatchMountItems: mountItem: INSERT [1758]->[1760] @0
05-17 13:44:03.860  4070  4070 E unknown:MountItemDispatcher: dispatchMountItems: mountItem: INSERT [1754]->[1762] @0
05-17 13:44:03.860  4070  4070 E unknown:MountItemDispatcher: dispatchMountItems: mountItem: INSERT [1760]->[1762] @1
05-17 13:44:03.860  4070  4070 E unknown:MountItemDispatcher: dispatchMountItems: mountItem: INSERT [1762]->[1252] @1
05-17 13:44:03.860  4070  4070 E unknown:MountItemDispatcher: dispatchMountItems: mountItem: UPDATE PROPS [442]: <hidden>
05-17 13:44:03.860  4070  4070 E unknown:MountItemDispatcher: dispatchMountItems: mountItem: UPDATE PROPS [1260]: <hidden>
05-17 13:44:03.860  4070  4070 E unknown:MountItemDispatcher: dispatchMountItems: mountItem: UPDATE PROPS [440]: <hidden>
05-17 13:44:03.860  4070  4070 E unknown:MountItemDispatcher: dispatchMountItems: mountItem: UPDATE PROPS [1258]: <hidden>
05-17 13:44:03.860  4070  4070 E unknown:MountItemDispatcher: dispatchMountItems: mountItem: UPDATE PROPS [1252]: <hidden>
05-17 13:44:03.860  4070  4070 E unknown:MountItemDispatcher: dispatchMountItems: mountItem: UPDATE PROPS [1218]: <hidden>
05-17 13:44:03.860  4070  4070 E unknown:MountItemDispatcher: dispatchMountItems: mountItem: UPDATE PROPS [1250]: <hidden>
05-17 13:44:03.860  4070  4070 E unknown:MountItemDispatcher: dispatchMountItems: mountItem: UPDATE PROPS [454]: <hidden>
05-17 13:44:03.860  4070  4070 E unknown:MountItemDispatcher: dispatchMountItems: mountItem: UPDATE PROPS [464]: <hidden>
05-17 13:44:03.860  4070  4070 E unknown:MountItemDispatcher: dispatchMountItems: mountItem: UPDATE PROPS [452]: <hidden>
05-17 13:44:03.860  4070  4070 E unknown:MountItemDispatcher: dispatchMountItems: mountItem: UPDATE PROPS [970]: <hidden>
05-17 13:44:03.860  4070  4070 E unknown:MountItemDispatcher: dispatchMountItems: mountItem: UPDATE PROPS [462]: <hidden>
05-17 13:44:03.860  4070  4070 E unknown:MountItemDispatcher: dispatchMountItems: mountItem: UPDATE PROPS [974]: <hidden>
05-17 13:44:03.860  4070  4070 E unknown:MountItemDispatcher: dispatchMountItems: mountItem: UPDATE PROPS [1252]: <hidden>
05-17 13:44:03.860  4070  4070 E unknown:MountItemDispatcher: dispatchMountItems: mountItem: UPDATE PROPS [1218]: <hidden>
05-17 13:44:03.860  4070  4070 E unknown:MountItemDispatcher: dispatchMountItems: mountItem: UPDATE STATE [1668]: <hidden>
05-17 13:44:03.860  4070  4070 E unknown:MountItemDispatcher: dispatchMountItems: mountItem: UPDATE STATE [1674]: <hidden>
05-17 13:44:03.860  4070  4070 E unknown:MountItemDispatcher: dispatchMountItems: mountItem: UPDATE STATE [1680]: <hidden>
05-17 13:44:03.860  4070  4070 E unknown:MountItemDispatcher: dispatchMountItems: mountItem: UPDATE STATE [1688]: <hidden>
05-17 13:44:03.860  4070  4070 E unknown:MountItemDispatcher: dispatchMountItems: mountItem: UPDATE STATE [1656]: <hidden>
05-17 13:44:03.860  4070  4070 E unknown:MountItemDispatcher: dispatchMountItems: mountItem: UPDATE STATE [1660]: <hidden>
05-17 13:44:03.860  4070  4070 E unknown:MountItemDispatcher: dispatchMountItems: mountItem: UPDATE STATE [1664]: <hidden>
05-17 13:44:03.860  4070  4070 E unknown:MountItemDispatcher: dispatchMountItems: mountItem: UPDATE STATE [1718]: <hidden>
05-17 13:44:03.860  4070  4070 E unknown:MountItemDispatcher: dispatchMountItems: mountItem: UPDATE STATE [1724]: <hidden>
05-17 13:44:03.860  4070  4070 E unknown:MountItemDispatcher: dispatchMountItems: mountItem: UPDATE STATE [1730]: <hidden>
05-17 13:44:03.860  4070  4070 E unknown:MountItemDispatcher: dispatchMountItems: mountItem: UPDATE STATE [1738]: <hidden>
05-17 13:44:03.860  4070  4070 E unknown:MountItemDispatcher: dispatchMountItems: mountItem: UPDATE STATE [1706]: <hidden>
05-17 13:44:03.860  4070  4070 E unknown:MountItemDispatcher: dispatchMountItems: mountItem: UPDATE STATE [1710]: <hidden>
05-17 13:44:03.860  4070  4070 E unknown:MountItemDispatcher: dispatchMountItems: mountItem: UPDATE STATE [1714]: <hidden>
05-17 13:44:03.860  4070  4070 E unknown:MountItemDispatcher: dispatchMountItems: mountItem: UPDATE STATE [452]: <hidden>
05-17 13:44:03.860  4070  4070 E unknown:MountItemDispatcher: dispatchMountItems: mountItem: UPDATE STATE [970]: <hidden>
05-17 13:44:03.860  4070  4070 E unknown:MountItemDispatcher: dispatchMountItems: mountItem: UPDATE STATE [462]: <hidden>
05-17 13:44:03.860  4070  4070 E unknown:MountItemDispatcher: dispatchMountItems: mountItem: UPDATE STATE [974]: <hidden>
05-17 13:44:03.860  4070  4070 E unknown:MountItemDispatcher: dispatchMountItems: mountItem: UPDATE STATE [1758]: <hidden>
05-17 13:44:03.861  4070  4070 E unknown:MountItemDispatcher: dispatchMountItems: mountItem: UPDATE STATE [1754]: <hidden>
05-17 13:44:03.861  4070  4070 E unknown:MountItemDispatcher: dispatchMountItems: mountItem: UPDATE PADDING [1690]: top:3 right:3 bottom:3 left:3
05-17 13:44:03.861  4070  4070 E unknown:MountItemDispatcher: dispatchMountItems: mountItem: UPDATE PADDING [1740]: top:3 right:3 bottom:3 left:3
05-17 13:44:03.861  4070  4070 E unknown:MountItemDispatcher: dispatchMountItems: mountItem: UPDATE PADDING [1760]: top:0 right:52 bottom:0 left:52
05-17 13:44:03.861  4070  4070 E unknown:MountItemDispatcher: dispatchMountItems: mountItem: UPDATE PADDING [1762]: top:60 right:15 bottom:60 left:15
05-17 13:44:03.861  4070  4070 E unknown:MountItemDispatcher: dispatchMountItems: mountItem: UPDATE LAYOUT [526]->[530]: x:0 y:2853 w:1440 h:267 displayType:1 layoutDirection:1
05-17 13:44:03.861  4070  4070 E unknown:MountItemDispatcher: dispatchMountItems: mountItem: UPDATE LAYOUT [1260]->[444]: x:0 y:0 w:1440 h:2853 displayType:1 layoutDirection:1
05-17 13:44:03.861  4070  4070 E unknown:MountItemDispatcher: dispatchMountItems: mountItem: UPDATE LAYOUT [1258]->[1260]: x:0 y:0 w:1440 h:2853 displayType:1 layoutDirection:1
05-17 13:44:03.861  4070  4070 E unknown:MountItemDispatcher: dispatchMountItems: mountItem: UPDATE LAYOUT [1254]->[1258]: x:0 y:0 w:1440 h:2853 displayType:1 layoutDirection:1
05-17 13:44:03.861  4070  4070 E unknown:MountItemDispatcher: dispatchMountItems: mountItem: UPDATE LAYOUT [1646]->[1652]: x:4 y:8 w:105 h:30 displayType:1 layoutDirection:1
05-17 13:44:03.861  4070  4070 E unknown:MountItemDispatcher: dispatchMountItems: mountItem: UPDATE LAYOUT [1648]->[1652]: x:15 y:8 w:82 h:23 displayType:1 layoutDirection:1
05-17 13:44:03.861  4070  4070 E unknown:MountItemDispatcher: dispatchMountItems: mountItem: UPDATE LAYOUT [1650]->[1652]: x:30 y:11 w:52 h:15 displayType:1 layoutDirection:1
05-17 13:44:03.861  4070  4070 E unknown:MountItemDispatcher: dispatchMountItems: mountItem: UPDATE LAYOUT [1668]->[1670]: x:0 y:-128 w:270 h:274 displayType:1 layoutDirection:1
05-17 13:44:03.861  4070  4070 E unknown:MountItemDispatcher: dispatchMountItems: mountItem: UPDATE LAYOUT [1674]->[1676]: x:0 y:-8 w:270 h:274 displayType:1 layoutDirection:1
05-17 13:44:03.861  4070  4070 E unknown:MountItemDispatcher: dispatchMountItems: mountItem: UPDATE LAYOUT [1680]->[1682]: x:0 y:-120 w:270 h:274 displayType:1 layoutDirection:1
05-17 13:44:03.861  4070  4070 E unknown:MountItemDispatcher: dispatchMountItems: mountItem: UPDATE LAYOUT [1688]->[1690]: x:24 y:26 w:71 h:68 displayType:1 layoutDirection:1
05-17 13:44:03.861  4070  4070 E unknown:MountItemDispatcher: dispatchMountItems: mountItem: UPDATE LAYOUT [1652]->[1692]: x:79 y:244 w:112 h:37 displayType:1 layoutDirection:1
05-17 13:44:03.861  4070  4070 E unknown:MountItemDispatcher: dispatchMountItems: mountItem: UPDATE LAYOUT [1656]->[1692]: x:0 y:11 w:270 h:274 displayType:1 layoutDirection:1
05-17 13:44:03.861  4070  4070 E unknown:MountItemDispatcher: dispatchMountItems: mountItem: UPDATE LAYOUT [1660]->[1692]: x:0 y:3 w:270 h:274 displayType:1 layoutDirection:1
05-17 13:44:03.861  4070  4070 E unknown:MountItemDispatcher: dispatchMountItems: mountItem: UPDATE LAYOUT [1664]->[1692]: x:0 y:3 w:270 h:274 displayType:1 layoutDirection:1
05-17 13:44:03.861  4070  4070 E unknown:MountItemDispatcher: dispatchMountItems: mountItem: UPDATE LAYOUT [1670]->[1692]: x:0 y:135 w:270 h:143 displayType:1 layoutDirection:1
05-17 13:44:03.861  4070  4070 E unknown:MountItemDispatcher: dispatchMountItems: mountItem: UPDATE LAYOUT [1676]->[1692]: x:0 y:8 w:270 h:135 displayType:1 layoutDirection:1
05-17 13:44:03.861  4070  4070 E unknown:MountItemDispatcher: dispatchMountItems: mountItem: UPDATE LAYOUT [1682]->[1692]: x:0 y:128 w:270 h:45 displayType:1 layoutDirection:1
05-17 13:44:03.861  4070  4070 E unknown:MountItemDispatcher: dispatchMountItems: mountItem: UPDATE LAYOUT [1684]->[1692]: x:86 y:53 w:49 h:22 displayType:1 layoutDirection:1
05-17 13:44:03.861  4070  4070 E unknown:MountItemDispatcher: dispatchMountItems: mountItem: UPDATE LAYOUT [1690]->[1692]: x:75 y:41 w:120 h:120 displayType:1 layoutDirection:1
05-17 13:44:03.861  4070  4070 E unknown:MountItemDispatcher: dispatchMountItems: mountItem: UPDATE LAYOUT [1692]->[1694]: x:0 y:0 w:270 h:285 displayType:1 layoutDirection:1
05-17 13:44:03.861  4070  4070 E unknown:MountItemDispatcher: dispatchMountItems: mountItem: UPDATE LAYOUT [1696]->[1702]: x:4 y:8 w:105 h:30 displayType:1 layoutDirection:1
05-17 13:44:03.861  4070  4070 E unknown:MountItemDispatcher: dispatchMountItems: mountItem: UPDATE LAYOUT [1698]->[1702]: x:15 y:8 w:82 h:23 displayType:1 layoutDirection:1
05-17 13:44:03.861  4070  4070 E unknown:MountItemDispatcher: dispatchMountItems: mountItem: UPDATE LAYOUT [1700]->[1702]: x:30 y:11 w:52 h:15 displayType:1 layoutDirection:1
05-17 13:44:03.861  4070  4070 E unknown:MountItemDispatcher: dispatchMountItems: mountItem: UPDATE LAYOUT [1718]->[1720]: x:0 y:-128 w:270 h:274 displayType:1 layoutDirection:1
05-17 13:44:03.861  4070  4070 E unknown:MountItemDispatcher: dispatchMountItems: mountItem: UPDATE LAYOUT [1724]->[1726]: x:0 y:-8 w:270 h:274 displayType:1 layoutDirection:1
05-17 13:44:03.861  4070  4070 E unknown:MountItemDispatcher: dispatchMountItems: mountItem: UPDATE LAYOUT [1730]->[1732]: x:0 y:-120 w:270 h:274 displayType:1 layoutDirection:1
05-17 13:44:03.861  4070  4070 E unknown:MountItemDispatcher: dispatchMountItems: mountItem: UPDATE LAYOUT [1738]->[1740]: x:24 y:26 w:71 h:68 displayType:1 layoutDirection:1
05-17 13:44:03.861  4070  4070 E unknown:MountItemDispatcher: dispatchMountItems: mountItem: UPDATE LAYOUT [1702]->[1742]: x:79 y:244 w:112 h:37 displayType:1 layoutDirection:1
05-17 13:44:03.861  4070  4070 E unknown:MountItemDispatcher: dispatchMountItems: mountItem: UPDATE LAYOUT [1706]->[1742]: x:0 y:11 w:270 h:274 displayType:1 layoutDirection:1
05-17 13:44:03.861  4070  4070 E unknown:MountItemDispatcher: dispatchMountItems: mountItem: UPDATE LAYOUT [1710]->[1742]: x:0 y:3 w:270 h:274 displayType:1 layoutDirection:1
05-17 13:44:03.861  4070  4070 E unknown:MountItemDispatcher: dispatchMountItems: mountItem: UPDATE LAYOUT [1714]->[1742]: x:0 y:3 w:270 h:274 displayType:1 layoutDirection:1
05-17 13:44:03.861  4070  4070 E unknown:MountItemDispatcher: dispatchMountItems: mountItem: UPDATE LAYOUT [1720]->[1742]: x:0 y:135 w:270 h:143 displayType:1 layoutDirection:1
05-17 13:44:03.861  4070  4070 E unknown:MountItemDispatcher: dispatchMountItems: mountItem: UPDATE LAYOUT [1726]->[1742]: x:0 y:8 w:270 h:135 displayType:1 layoutDirection:1
05-17 13:44:03.861  4070  4070 E unknown:MountItemDispatcher: dispatchMountItems: mountItem: UPDATE LAYOUT [1732]->[1742]: x:0 y:128 w:270 h:45 displayType:1 layoutDirection:1
05-17 13:44:03.861  4070  4070 E unknown:MountItemDispatcher: dispatchMountItems: mountItem: UPDATE LAYOUT [1734]->[1742]: x:86 y:53 w:49 h:22 displayType:1 layoutDirection:1
05-17 13:44:03.861  4070  4070 E unknown:MountItemDispatcher: dispatchMountItems: mountItem: UPDATE LAYOUT [1740]->[1742]: x:75 y:41 w:120 h:120 displayType:1 layoutDirection:1
05-17 13:44:03.861  4070  4070 E unknown:MountItemDispatcher: dispatchMountItems: mountItem: UPDATE LAYOUT [1742]->[1744]: x:0 y:0 w:270 h:285 displayType:1 layoutDirection:1
05-17 13:44:03.861  4070  4070 E unknown:MountItemDispatcher: dispatchMountItems: mountItem: UPDATE LAYOUT [1694]->[1746]: x:0 y:0 w:270 h:285 displayType:1 layoutDirection:1
05-17 13:44:03.861  4070  4070 E unknown:MountItemDispatcher: dispatchMountItems: mountItem: UPDATE LAYOUT [1744]->[1746]: x:0 y:285 w:270 h:285 displayType:1 layoutDirection:1
05-17 13:44:03.861  4070  4070 E unknown:MountItemDispatcher: dispatchMountItems: mountItem: UPDATE LAYOUT [1746]->[1254]: x:0 y:0 w:1440 h:2853 displayType:1 layoutDirection:1
05-17 13:44:03.861  4070  4070 E unknown:MountItemDispatcher: dispatchMountItems: mountItem: UPDATE LAYOUT [1260]->[444]: x:0 y:0 w:1440 h:2853 displayType:1 layoutDirection:1
05-17 13:44:03.861  4070  4070 E unknown:MountItemDispatcher: dispatchMountItems: mountItem: UPDATE LAYOUT [1258]->[1260]: x:0 y:0 w:1440 h:2853 displayType:1 layoutDirection:1
05-17 13:44:03.861  4070  4070 E unknown:MountItemDispatcher: dispatchMountItems: mountItem: UPDATE LAYOUT [1254]->[1258]: x:0 y:0 w:1440 h:2853 displayType:1 layoutDirection:1
05-17 13:44:03.861  4070  4070 E unknown:MountItemDispatcher: dispatchMountItems: mountItem: UPDATE LAYOUT [1746]->[1254]: x:0 y:0 w:1440 h:2853 displayType:1 layoutDirection:1
05-17 13:44:03.861  4070  4070 E unknown:MountItemDispatcher: dispatchMountItems: mountItem: UPDATE LAYOUT [1758]->[1760]: x:470 y:52 w:256 h:79 displayType:1 layoutDirection:1
05-17 13:44:03.861  4070  4070 E unknown:MountItemDispatcher: dispatchMountItems: mountItem: UPDATE LAYOUT [1754]->[1762]: x:60 y:15 w:1196 h:166 displayType:1 layoutDirection:1
05-17 13:44:03.861  4070  4070 E unknown:MountItemDispatcher: dispatchMountItems: mountItem: UPDATE LAYOUT [1760]->[1762]: x:60 y:256 w:1196 h:184 displayType:1 layoutDirection:1
05-17 13:44:03.861  4070  4070 E unknown:MountItemDispatcher: dispatchMountItems: mountItem: UPDATE LAYOUT [1762]->[1252]: x:62 y:122 w:1316 h:455 displayType:1 layoutDirection:1
05-17 13:44:03.861  4070  4070 E unknown:MountItemDispatcher: dispatchMountItems: mountItem: UPDATE OVERFLOWINSET [526]: left:0 top:0 right:0 bottom:0
05-17 13:44:03.861  4070  4070 E unknown:MountItemDispatcher: dispatchMountItems: mountItem: UPDATE OVERFLOWINSET [1260]: left:-5 top:-2 right:0 bottom:0
05-17 13:44:03.861  4070  4070 E unknown:MountItemDispatcher: dispatchMountItems: mountItem: UPDATE OVERFLOWINSET [1258]: left:-5 top:-2 right:0 bottom:0
05-17 13:44:03.861  4070  4070 E unknown:MountItemDispatcher: dispatchMountItems: mountItem: UPDATE OVERFLOWINSET [1254]: left:-5 top:-2 right:0 bottom:0
05-17 13:44:03.861  4070  4070 E unknown:MountItemDispatcher: dispatchMountItems: mountItem: UPDATE OVERFLOWINSET [1652]: left:-4 top:0 right:-5 bottom:-1
05-17 13:44:03.861  4070  4070 E unknown:MountItemDispatcher: dispatchMountItems: mountItem: UPDATE OVERFLOWINSET [1692]: left:-5 top:-2 right:-5 bottom:-8
05-17 13:44:03.861  4070  4070 E unknown:MountItemDispatcher: dispatchMountItems: mountItem: UPDATE OVERFLOWINSET [1702]: left:-4 top:0 right:-5 bottom:-1
05-17 13:44:03.861  4070  4070 E unknown:MountItemDispatcher: dispatchMountItems: mountItem: UPDATE OVERFLOWINSET [1742]: left:-5 top:-2 right:-5 bottom:-8
05-17 13:44:03.861  4070  4070 E unknown:MountItemDispatcher: dispatchMountItems: mountItem: UPDATE OVERFLOWINSET [1694]: left:-5 top:-2 right:-5 bottom:-8
05-17 13:44:03.861  4070  4070 E unknown:MountItemDispatcher: dispatchMountItems: mountItem: UPDATE OVERFLOWINSET [1744]: left:-5 top:-2 right:-5 bottom:-8
05-17 13:44:03.861  4070  4070 E unknown:MountItemDispatcher: dispatchMountItems: mountItem: UPDATE OVERFLOWINSET [1746]: left:-5 top:-2 right:0 bottom:0
05-17 13:44:03.861  4070  4070 E unknown:MountItemDispatcher: dispatchMountItems: mountItem: UPDATE OVERFLOWINSET [1260]: left:0 top:0 right:0 bottom:0
05-17 13:44:03.861  4070  4070 E unknown:MountItemDispatcher: dispatchMountItems: mountItem: UPDATE OVERFLOWINSET [1258]: left:0 top:0 right:0 bottom:0
05-17 13:44:03.861  4070  4070 E unknown:MountItemDispatcher: dispatchMountItems: mountItem: UPDATE OVERFLOWINSET [1254]: left:0 top:0 right:0 bottom:0
05-17 13:44:03.861  4070  4070 E unknown:MountItemDispatcher: dispatchMountItems: mountItem: UPDATE OVERFLOWINSET [1746]: left:0 top:0 right:0 bottom:0
05-17 13:44:03.861  4070  4070 E unknown:MountItemDispatcher: dispatchMountItems: mountItem: UPDATE EVENTEMITTER [1646]
05-17 13:44:03.861  4070  4070 E unknown:MountItemDispatcher: dispatchMountItems: mountItem: UPDATE EVENTEMITTER [1648]
05-17 13:44:03.861  4070  4070 E unknown:MountItemDispatcher: dispatchMountItems: mountItem: UPDATE EVENTEMITTER [1650]
05-17 13:44:03.861  4070  4070 E unknown:MountItemDispatcher: dispatchMountItems: mountItem: UPDATE EVENTEMITTER [1668]
05-17 13:44:03.861  4070  4070 E unknown:MountItemDispatcher: dispatchMountItems: mountItem: UPDATE EVENTEMITTER [1674]
05-17 13:44:03.861  4070  4070 E unknown:MountItemDispatcher: dispatchMountItems: mountItem: UPDATE EVENTEMITTER [1680]
05-17 13:44:03.861  4070  4070 E unknown:MountItemDispatcher: dispatchMountItems: mountItem: UPDATE EVENTEMITTER [1688]
05-17 13:44:03.861  4070  4070 E unknown:MountItemDispatcher: dispatchMountItems: mountItem: UPDATE EVENTEMITTER [1652]
05-17 13:44:03.861  4070  4070 E unknown:MountItemDispatcher: dispatchMountItems: mountItem: UPDATE EVENTEMITTER [1656]
05-17 13:44:03.861  4070  4070 E unknown:MountItemDispatcher: dispatchMountItems: mountItem: UPDATE EVENTEMITTER [1660]
05-17 13:44:03.861  4070  4070 E unknown:MountItemDispatcher: dispatchMountItems: mountItem: UPDATE EVENTEMITTER [1664]
05-17 13:44:03.861  4070  4070 E unknown:MountItemDispatcher: dispatchMountItems: mountItem: UPDATE EVENTEMITTER [1670]
05-17 13:44:03.861  4070  4070 E unknown:MountItemDispatcher: dispatchMountItems: mountItem: UPDATE EVENTEMITTER [1676]
05-17 13:44:03.861  4070  4070 E unknown:MountItemDispatcher: dispatchMountItems: mountItem: UPDATE EVENTEMITTER [1682]
05-17 13:44:03.861  4070  4070 E unknown:MountItemDispatcher: dispatchMountItems: mountItem: UPDATE EVENTEMITTER [1684]
05-17 13:44:03.861  4070  4070 E unknown:MountItemDispatcher: dispatchMountItems: mountItem: UPDATE EVENTEMITTER [1690]
05-17 13:44:03.861  4070  4070 E unknown:MountItemDispatcher: dispatchMountItems: mountItem: UPDATE EVENTEMITTER [1692]
05-17 13:44:03.861  4070  4070 E unknown:MountItemDispatcher: dispatchMountItems: mountItem: UPDATE EVENTEMITTER [1696]
05-17 13:44:03.861  4070  4070 E unknown:MountItemDispatcher: dispatchMountItems: mountItem: UPDATE EVENTEMITTER [1698]
05-17 13:44:03.861  4070  4070 E unknown:MountItemDispatcher: dispatchMountItems: mountItem: UPDATE EVENTEMITTER [1700]
05-17 13:44:03.861  4070  4070 E unknown:MountItemDispatcher: dispatchMountItems: mountItem: UPDATE EVENTEMITTER [1718]
05-17 13:44:03.861  4070  4070 E unknown:MountItemDispatcher: dispatchMountItems: mountItem: UPDATE EVENTEMITTER [1724]
05-17 13:44:03.861  4070  4070 E unknown:MountItemDispatcher: dispatchMountItems: mountItem: UPDATE EVENTEMITTER [1730]
05-17 13:44:03.861  4070  4070 E unknown:MountItemDispatcher: dispatchMountItems: mountItem: UPDATE EVENTEMITTER [1738]
05-17 13:44:03.861  4070  4070 E unknown:MountItemDispatcher: dispatchMountItems: mountItem: UPDATE EVENTEMITTER [1702]
05-17 13:44:03.861  4070  4070 E unknown:MountItemDispatcher: dispatchMountItems: mountItem: UPDATE EVENTEMITTER [1706]
05-17 13:44:03.861  4070  4070 E unknown:MountItemDispatcher: dispatchMountItems: mountItem: UPDATE EVENTEMITTER [1710]
05-17 13:44:03.861  4070  4070 E unknown:MountItemDispatcher: dispatchMountItems: mountItem: UPDATE EVENTEMITTER [1714]
